<?xml version="1.0" encoding="utf-8" ?>
<result>
	<nb_conversions>343</nb_conversions>
	<nb_visits_converted>185</nb_visits_converted>
	<revenue>1156981</revenue>
	<conversion_rate>36.06%</conversion_rate>
</result>