<?xml version="1.0" encoding="utf-8" ?>
<result>
	<nb_visits_new>1</nb_visits_new>
	<nb_actions_new>2</nb_actions_new>
	<nb_visits_converted_new>1</nb_visits_converted_new>
	<bounce_count_new>0</bounce_count_new>
	<sum_visit_length_new>122</sum_visit_length_new>
	<max_actions_new>2</max_actions_new>
	<bounce_rate_new>0%</bounce_rate_new>
	<nb_actions_per_visit_new>2</nb_actions_per_visit_new>
	<avg_time_on_site_new>122</avg_time_on_site_new>
	<nb_visits_returning>378</nb_visits_returning>
	<nb_actions_returning>1460</nb_actions_returning>
	<nb_visits_converted_returning>163</nb_visits_converted_returning>
	<bounce_count_returning>41</bounce_count_returning>
	<sum_visit_length_returning>19691</sum_visit_length_returning>
	<max_actions_returning>0</max_actions_returning>
	<bounce_rate_returning>11%</bounce_rate_returning>
	<nb_actions_per_visit_returning>3.9</nb_actions_per_visit_returning>
	<avg_time_on_site_returning>52</avg_time_on_site_returning>
</result>