<?xml version="1.0" encoding="utf-8" ?>
<result>
	<row>
		<label>facebook.com/Divezone.net</label>
		<nb_visits>43</nb_visits>
		<nb_actions>138</nb_actions>
		<sum_visit_length>1724</sum_visit_length>
		<bounce_count>8</bounce_count>
		<nb_visits_converted>16</nb_visits_converted>
		<nb_conversions>33</nb_conversions>
		<revenue>111583</revenue>
		<goals>
			<row idgoal='1'>
				<nb_conversions>7</nb_conversions>
				<revenue>0</revenue>
				<nb_visits_converted>6</nb_visits_converted>
			</row>
			<row idgoal='2'>
				<nb_conversions>10</nb_conversions>
				<revenue>0</revenue>
				<nb_visits_converted>10</nb_visits_converted>
			</row>
			<row idgoal='3'>
				<nb_conversions>0</nb_conversions>
				<revenue>0</revenue>
				<nb_visits_converted>0</nb_visits_converted>
			</row>
			<row idgoal='4'>
				<nb_conversions>0</nb_conversions>
				<revenue>0</revenue>
				<nb_visits_converted>0</nb_visits_converted>
			</row>
			<row idgoal='5'>
				<nb_conversions>0</nb_conversions>
				<revenue>0</revenue>
				<nb_visits_converted>0</nb_visits_converted>
			</row>
			<row idgoal='ecommerceOrder'>
				<nb_conversions>16</nb_conversions>
				<revenue>111583</revenue>
				<items>81</items>
			</row>
		</goals>
		<sum_daily_nb_uniq_visitors>28</sum_daily_nb_uniq_visitors>
		<segment>referrerUrl==http%3A%2F%2Ffacebook.com%2FDivezone.net</segment>
		<url>http://facebook.com/Divezone.net</url>
	</row>
	<row>
		<label>twitter.com/Divezone</label>
		<nb_visits>40</nb_visits>
		<nb_actions>172</nb_actions>
		<sum_visit_length>2177</sum_visit_length>
		<bounce_count>8</bounce_count>
		<nb_visits_converted>12</nb_visits_converted>
		<nb_conversions>34</nb_conversions>
		<revenue>173248</revenue>
		<goals>
			<row idgoal='1'>
				<nb_conversions>9</nb_conversions>
				<revenue>0</revenue>
				<nb_visits_converted>8</nb_visits_converted>
			</row>
			<row idgoal='2'>
				<nb_conversions>4</nb_conversions>
				<revenue>0</revenue>
				<nb_visits_converted>3</nb_visits_converted>
			</row>
			<row idgoal='3'>
				<nb_conversions>0</nb_conversions>
				<revenue>0</revenue>
				<nb_visits_converted>0</nb_visits_converted>
			</row>
			<row idgoal='4'>
				<nb_conversions>0</nb_conversions>
				<revenue>0</revenue>
				<nb_visits_converted>0</nb_visits_converted>
			</row>
			<row idgoal='5'>
				<nb_conversions>0</nb_conversions>
				<revenue>0</revenue>
				<nb_visits_converted>0</nb_visits_converted>
			</row>
			<row idgoal='ecommerceOrder'>
				<nb_conversions>21</nb_conversions>
				<revenue>173248</revenue>
				<items>116</items>
			</row>
		</goals>
		<sum_daily_nb_uniq_visitors>26</sum_daily_nb_uniq_visitors>
		<segment>referrerUrl==http%3A%2F%2Ftwitter.com%2FDivezone</segment>
		<url>http://twitter.com/Divezone</url>
	</row>
	<row>
		<label>reddit.com/r/scuba/comments/8mrd88/snapped_this_pic_on_my_first_dive_post_cert/</label>
		<nb_visits>19</nb_visits>
		<nb_actions>59</nb_actions>
		<sum_visit_length>687</sum_visit_length>
		<bounce_count>6</bounce_count>
		<nb_visits_converted>6</nb_visits_converted>
		<nb_conversions>10</nb_conversions>
		<revenue>24690</revenue>
		<goals>
			<row idgoal='1'>
				<nb_conversions>3</nb_conversions>
				<revenue>0</revenue>
				<nb_visits_converted>1</nb_visits_converted>
			</row>
			<row idgoal='2'>
				<nb_conversions>4</nb_conversions>
				<revenue>0</revenue>
				<nb_visits_converted>3</nb_visits_converted>
			</row>
			<row idgoal='3'>
				<nb_conversions>0</nb_conversions>
				<revenue>0</revenue>
				<nb_visits_converted>0</nb_visits_converted>
			</row>
			<row idgoal='4'>
				<nb_conversions>0</nb_conversions>
				<revenue>0</revenue>
				<nb_visits_converted>0</nb_visits_converted>
			</row>
			<row idgoal='5'>
				<nb_conversions>0</nb_conversions>
				<revenue>0</revenue>
				<nb_visits_converted>0</nb_visits_converted>
			</row>
			<row idgoal='ecommerceOrder'>
				<nb_conversions>3</nb_conversions>
				<revenue>24690</revenue>
				<items>18</items>
			</row>
		</goals>
		<sum_daily_nb_uniq_visitors>16</sum_daily_nb_uniq_visitors>
		<segment>referrerUrl==http%3A%2F%2Freddit.com%2Fr%2Fscuba%2Fcomments%2F8mrd88%2Fsnapped_this_pic_on_my_first_dive_post_cert%2F</segment>
		<url>http://reddit.com/r/scuba/comments/8mrd88/snapped_this_pic_on_my_first_dive_post_cert/</url>
	</row>
	<row>
		<label>reddit.com/r/scuba/comments/8mtp0i/five_rules_shearwater_broke_with_the_teric/</label>
		<nb_visits>18</nb_visits>
		<nb_actions>69</nb_actions>
		<sum_visit_length>1008</sum_visit_length>
		<bounce_count>4</bounce_count>
		<nb_visits_converted>9</nb_visits_converted>
		<nb_conversions>15</nb_conversions>
		<revenue>37106</revenue>
		<goals>
			<row idgoal='1'>
				<nb_conversions>6</nb_conversions>
				<revenue>0</revenue>
				<nb_visits_converted>6</nb_visits_converted>
			</row>
			<row idgoal='2'>
				<nb_conversions>3</nb_conversions>
				<revenue>0</revenue>
				<nb_visits_converted>3</nb_visits_converted>
			</row>
			<row idgoal='3'>
				<nb_conversions>0</nb_conversions>
				<revenue>0</revenue>
				<nb_visits_converted>0</nb_visits_converted>
			</row>
			<row idgoal='4'>
				<nb_conversions>0</nb_conversions>
				<revenue>0</revenue>
				<nb_visits_converted>0</nb_visits_converted>
			</row>
			<row idgoal='5'>
				<nb_conversions>0</nb_conversions>
				<revenue>0</revenue>
				<nb_visits_converted>0</nb_visits_converted>
			</row>
			<row idgoal='ecommerceOrder'>
				<nb_conversions>6</nb_conversions>
				<revenue>37106</revenue>
				<items>24</items>
			</row>
		</goals>
		<sum_daily_nb_uniq_visitors>15</sum_daily_nb_uniq_visitors>
		<segment>referrerUrl==http%3A%2F%2Freddit.com%2Fr%2Fscuba%2Fcomments%2F8mtp0i%2Ffive_rules_shearwater_broke_with_the_teric%2F</segment>
		<url>http://reddit.com/r/scuba/comments/8mtp0i/five_rules_shearwater_broke_with_the_teric/</url>
	</row>
	<row>
		<label>reddit.com/r/scuba/comments/8mpl4j/open_water_divers_being_born/</label>
		<nb_visits>14</nb_visits>
		<nb_actions>56</nb_actions>
		<sum_visit_length>1572</sum_visit_length>
		<bounce_count>2</bounce_count>
		<nb_visits_converted>5</nb_visits_converted>
		<nb_conversions>13</nb_conversions>
		<revenue>54166</revenue>
		<goals>
			<row idgoal='1'>
				<nb_conversions>4</nb_conversions>
				<revenue>0</revenue>
				<nb_visits_converted>2</nb_visits_converted>
			</row>
			<row idgoal='2'>
				<nb_conversions>2</nb_conversions>
				<revenue>0</revenue>
				<nb_visits_converted>1</nb_visits_converted>
			</row>
			<row idgoal='3'>
				<nb_conversions>1</nb_conversions>
				<revenue>0</revenue>
				<nb_visits_converted>1</nb_visits_converted>
			</row>
			<row idgoal='4'>
				<nb_conversions>0</nb_conversions>
				<revenue>0</revenue>
				<nb_visits_converted>0</nb_visits_converted>
			</row>
			<row idgoal='5'>
				<nb_conversions>0</nb_conversions>
				<revenue>0</revenue>
				<nb_visits_converted>0</nb_visits_converted>
			</row>
			<row idgoal='ecommerceOrder'>
				<nb_conversions>6</nb_conversions>
				<revenue>54166</revenue>
				<items>37</items>
			</row>
		</goals>
		<sum_daily_nb_uniq_visitors>12</sum_daily_nb_uniq_visitors>
		<segment>referrerUrl==http%3A%2F%2Freddit.com%2Fr%2Fscuba%2Fcomments%2F8mpl4j%2Fopen_water_divers_being_born%2F</segment>
		<url>http://reddit.com/r/scuba/comments/8mpl4j/open_water_divers_being_born/</url>
	</row>
	<row>
		<label>m.facebook.com/</label>
		<nb_visits>4</nb_visits>
		<nb_actions>4</nb_actions>
		<sum_visit_length>0</sum_visit_length>
		<bounce_count>4</bounce_count>
		<nb_visits_converted>0</nb_visits_converted>
		<nb_conversions>0</nb_conversions>
		<revenue>0</revenue>
		<goals>
			<row idgoal='1'>
				<nb_conversions>0</nb_conversions>
				<revenue>0</revenue>
				<nb_visits_converted>0</nb_visits_converted>
			</row>
			<row idgoal='2'>
				<nb_conversions>0</nb_conversions>
				<revenue>0</revenue>
				<nb_visits_converted>0</nb_visits_converted>
			</row>
			<row idgoal='3'>
				<nb_conversions>0</nb_conversions>
				<revenue>0</revenue>
				<nb_visits_converted>0</nb_visits_converted>
			</row>
			<row idgoal='4'>
				<nb_conversions>0</nb_conversions>
				<revenue>0</revenue>
				<nb_visits_converted>0</nb_visits_converted>
			</row>
			<row idgoal='5'>
				<nb_conversions>0</nb_conversions>
				<revenue>0</revenue>
				<nb_visits_converted>0</nb_visits_converted>
			</row>
			<row idgoal='ecommerceOrder'>
				<nb_conversions>0</nb_conversions>
				<revenue>0</revenue>
				<items>0</items>
			</row>
		</goals>
		<sum_daily_nb_uniq_visitors>4</sum_daily_nb_uniq_visitors>
		<segment>referrerUrl==http%3A%2F%2Fm.facebook.com%2F</segment>
		<url>http://m.facebook.com/</url>
	</row>
	<row>
		<label>l.facebook.com/</label>
		<nb_visits>3</nb_visits>
		<nb_actions>3</nb_actions>
		<sum_visit_length>0</sum_visit_length>
		<bounce_count>3</bounce_count>
		<nb_visits_converted>0</nb_visits_converted>
		<nb_conversions>0</nb_conversions>
		<revenue>0</revenue>
		<goals>
			<row idgoal='1'>
				<nb_conversions>0</nb_conversions>
				<revenue>0</revenue>
				<nb_visits_converted>0</nb_visits_converted>
			</row>
			<row idgoal='2'>
				<nb_conversions>0</nb_conversions>
				<revenue>0</revenue>
				<nb_visits_converted>0</nb_visits_converted>
			</row>
			<row idgoal='3'>
				<nb_conversions>0</nb_conversions>
				<revenue>0</revenue>
				<nb_visits_converted>0</nb_visits_converted>
			</row>
			<row idgoal='4'>
				<nb_conversions>0</nb_conversions>
				<revenue>0</revenue>
				<nb_visits_converted>0</nb_visits_converted>
			</row>
			<row idgoal='5'>
				<nb_conversions>0</nb_conversions>
				<revenue>0</revenue>
				<nb_visits_converted>0</nb_visits_converted>
			</row>
			<row idgoal='ecommerceOrder'>
				<nb_conversions>0</nb_conversions>
				<revenue>0</revenue>
				<items>0</items>
			</row>
		</goals>
		<sum_daily_nb_uniq_visitors>3</sum_daily_nb_uniq_visitors>
		<segment>referrerUrl==http%3A%2F%2Fl.facebook.com%2F</segment>
		<url>http://l.facebook.com/</url>
	</row>
</result>