<?xml version="1.0" encoding="utf-8" ?>
<result>
	<row>
		<label>The Fowl Wind</label>
		<revenue>99322</revenue>
		<quantity>53</quantity>
		<orders>32</orders>
		<nb_visits>0</nb_visits>
		<nb_actions>32</nb_actions>
		<avg_price>58.56</avg_price>
		<avg_quantity>1.7</avg_quantity>
		<conversion_rate>0%</conversion_rate>
	</row>
	<row>
		<label>Mask of the Grand Duchess</label>
		<revenue>83860</revenue>
		<quantity>35</quantity>
		<orders>22</orders>
		<nb_visits>0</nb_visits>
		<nb_actions>22</nb_actions>
		<avg_price>108.91</avg_price>
		<avg_quantity>1.6</avg_quantity>
		<conversion_rate>0%</conversion_rate>
	</row>
	<row>
		<label>Earnest Reprisal</label>
		<revenue>79917</revenue>
		<quantity>51</quantity>
		<orders>32</orders>
		<nb_visits>0</nb_visits>
		<nb_actions>32</nb_actions>
		<avg_price>48.97</avg_price>
		<avg_quantity>1.6</avg_quantity>
		<conversion_rate>0%</conversion_rate>
	</row>
	<row>
		<label>Path to Glory</label>
		<revenue>79355</revenue>
		<quantity>59</quantity>
		<orders>36</orders>
		<nb_visits>0</nb_visits>
		<nb_actions>36</nb_actions>
		<avg_price>37.36</avg_price>
		<avg_quantity>1.6</avg_quantity>
		<conversion_rate>0%</conversion_rate>
	</row>
	<row>
		<label>Misfortune's Bite</label>
		<revenue>67488</revenue>
		<quantity>32</quantity>
		<orders>21</orders>
		<nb_visits>0</nb_visits>
		<nb_actions>21</nb_actions>
		<avg_price>100.43</avg_price>
		<avg_quantity>1.5</avg_quantity>
		<conversion_rate>0%</conversion_rate>
	</row>
	<row>
		<label>Curse of Morrac</label>
		<revenue>51760</revenue>
		<quantity>40</quantity>
		<orders>27</orders>
		<nb_visits>0</nb_visits>
		<nb_actions>27</nb_actions>
		<avg_price>47.93</avg_price>
		<avg_quantity>1.5</avg_quantity>
		<conversion_rate>0%</conversion_rate>
	</row>
	<row>
		<label>Helm of Drasca</label>
		<revenue>38367</revenue>
		<quantity>49</quantity>
		<orders>29</orders>
		<nb_visits>0</nb_visits>
		<nb_actions>29</nb_actions>
		<avg_price>27</avg_price>
		<avg_quantity>1.7</avg_quantity>
		<conversion_rate>0%</conversion_rate>
	</row>
	<row>
		<label>The Last Word</label>
		<revenue>27636</revenue>
		<quantity>28</quantity>
		<orders>23</orders>
		<nb_visits>0</nb_visits>
		<nb_actions>23</nb_actions>
		<avg_price>42.91</avg_price>
		<avg_quantity>1.2</avg_quantity>
		<conversion_rate>0%</conversion_rate>
	</row>
	<row>
		<label>Masterwork Prowler Armor</label>
		<revenue>19488</revenue>
		<quantity>56</quantity>
		<orders>34</orders>
		<nb_visits>0</nb_visits>
		<nb_actions>34</nb_actions>
		<avg_price>10.24</avg_price>
		<avg_quantity>1.6</avg_quantity>
		<conversion_rate>0%</conversion_rate>
	</row>
	<row>
		<label>Keen Wyvern Vitaar</label>
		<revenue>210</revenue>
		<quantity>21</quantity>
		<orders>14</orders>
		<nb_visits>0</nb_visits>
		<nb_actions>14</nb_actions>
		<avg_price>0.71</avg_price>
		<avg_quantity>1.5</avg_quantity>
		<conversion_rate>0%</conversion_rate>
	</row>
</result>