<?xml version="1.0" encoding="utf-8" ?>
<result>
	<row>
		<label>blog</label>
		<nb_visits>7</nb_visits>
		<nb_hits>8</nb_hits>
		<sum_time_spent>0</sum_time_spent>
		<entry_nb_actions>24</entry_nb_actions>
		<entry_sum_visit_length>26</entry_sum_visit_length>
		<entry_bounce_count>1</entry_bounce_count>
		<avg_bandwidth>0</avg_bandwidth>
		<avg_page_load_time>0</avg_page_load_time>
		<avg_time_on_page>0</avg_time_on_page>
		<bounce_rate>0%</bounce_rate>
		<exit_rate>0%</exit_rate>
		<segment>pageUrl=^blog</segment>
		<subtable>
			<row>
				<label>/index</label>
				<nb_visits>3</nb_visits>
				<nb_uniq_visitors>1</nb_uniq_visitors>
				<nb_hits>4</nb_hits>
				<sum_time_spent>0</sum_time_spent>
				<entry_nb_uniq_visitors>1</entry_nb_uniq_visitors>
				<entry_nb_actions>12</entry_nb_actions>
				<entry_sum_visit_length>9</entry_sum_visit_length>
				<entry_bounce_count>0</entry_bounce_count>
				<avg_time_on_page>0</avg_time_on_page>
				<bounce_rate>0%</bounce_rate>
				<exit_rate>0%</exit_rate>
				<url>http://GA4 (matthieu.net/blog)/blog/</url>
				<segment>pageUrl==http%253A%252F%252FGA4%2B%2528matthieu.net%252Fblog%2529%252Fblog%252F</segment>
			</row>
			<row>
				<label>la-croisiere-plongee-un-incontournable</label>
				<nb_visits>1</nb_visits>
				<nb_hits>1</nb_hits>
				<sum_time_spent>0</sum_time_spent>
				<avg_time_on_page>0</avg_time_on_page>
				<bounce_rate>0%</bounce_rate>
				<exit_rate>0%</exit_rate>
				<segment>pageUrl=^blog%252Fla-croisiere-plongee-un-incontournable</segment>
				<subtable>
					<row>
						<label>/index</label>
						<nb_visits>1</nb_visits>
						<nb_uniq_visitors>1</nb_uniq_visitors>
						<nb_hits>1</nb_hits>
						<sum_time_spent>0</sum_time_spent>
						<avg_time_on_page>0</avg_time_on_page>
						<bounce_rate>0%</bounce_rate>
						<exit_rate>0%</exit_rate>
						<url>http://GA4 (matthieu.net/blog)/blog/la-croisiere-plongee-un-incontournable/</url>
						<segment>pageUrl==http%253A%252F%252FGA4%2B%2528matthieu.net%252Fblog%2529%252Fblog%252Fla-croisiere-plongee-un-incontournable%252F</segment>
					</row>
				</subtable>
			</row>
			<row>
				<label>loisirs-en-inde</label>
				<nb_visits>1</nb_visits>
				<nb_hits>1</nb_hits>
				<sum_time_spent>0</sum_time_spent>
				<entry_nb_actions>5</entry_nb_actions>
				<entry_sum_visit_length>8</entry_sum_visit_length>
				<entry_bounce_count>0</entry_bounce_count>
				<avg_time_on_page>0</avg_time_on_page>
				<bounce_rate>0%</bounce_rate>
				<exit_rate>0%</exit_rate>
				<segment>pageUrl=^blog%252Floisirs-en-inde</segment>
				<subtable>
					<row>
						<label>/index</label>
						<nb_visits>1</nb_visits>
						<nb_uniq_visitors>1</nb_uniq_visitors>
						<nb_hits>1</nb_hits>
						<sum_time_spent>0</sum_time_spent>
						<entry_nb_uniq_visitors>1</entry_nb_uniq_visitors>
						<entry_nb_actions>5</entry_nb_actions>
						<entry_sum_visit_length>8</entry_sum_visit_length>
						<entry_bounce_count>0</entry_bounce_count>
						<avg_time_on_page>0</avg_time_on_page>
						<bounce_rate>0%</bounce_rate>
						<exit_rate>0%</exit_rate>
						<url>http://GA4 (matthieu.net/blog)/blog/loisirs-en-inde/</url>
						<segment>pageUrl==http%253A%252F%252FGA4%2B%2528matthieu.net%252Fblog%2529%252Fblog%252Floisirs-en-inde%252F</segment>
					</row>
				</subtable>
			</row>
			<row>
				<label>top-10-des-plus-belles-plongees-sous-marine-dans-le-monde</label>
				<nb_visits>1</nb_visits>
				<nb_hits>1</nb_hits>
				<sum_time_spent>0</sum_time_spent>
				<entry_nb_actions>3</entry_nb_actions>
				<entry_sum_visit_length>0</entry_sum_visit_length>
				<entry_bounce_count>1</entry_bounce_count>
				<avg_time_on_page>0</avg_time_on_page>
				<bounce_rate>0%</bounce_rate>
				<exit_rate>0%</exit_rate>
				<segment>pageUrl=^blog%252Ftop-10-des-plus-belles-plongees-sous-marine-dans-le-monde</segment>
				<subtable>
					<row>
						<label>/index</label>
						<nb_visits>1</nb_visits>
						<nb_uniq_visitors>1</nb_uniq_visitors>
						<nb_hits>1</nb_hits>
						<sum_time_spent>0</sum_time_spent>
						<entry_nb_uniq_visitors>1</entry_nb_uniq_visitors>
						<entry_nb_actions>3</entry_nb_actions>
						<entry_sum_visit_length>0</entry_sum_visit_length>
						<entry_bounce_count>1</entry_bounce_count>
						<avg_time_on_page>0</avg_time_on_page>
						<bounce_rate>0%</bounce_rate>
						<exit_rate>0%</exit_rate>
						<url>http://GA4 (matthieu.net/blog)/blog/top-10-des-plus-belles-plongees-sous-marine-dans-le-monde/</url>
						<segment>pageUrl==http%253A%252F%252FGA4%2B%2528matthieu.net%252Fblog%2529%252Fblog%252Ftop-10-des-plus-belles-plongees-sous-marine-dans-le-monde%252F</segment>
					</row>
				</subtable>
			</row>
			<row>
				<label>video-meilleur-joueur-de-tetris-du-monde</label>
				<nb_visits>1</nb_visits>
				<nb_hits>1</nb_hits>
				<sum_time_spent>0</sum_time_spent>
				<entry_nb_actions>4</entry_nb_actions>
				<entry_sum_visit_length>9</entry_sum_visit_length>
				<entry_bounce_count>0</entry_bounce_count>
				<avg_time_on_page>0</avg_time_on_page>
				<bounce_rate>0%</bounce_rate>
				<exit_rate>0%</exit_rate>
				<segment>pageUrl=^blog%252Fvideo-meilleur-joueur-de-tetris-du-monde</segment>
				<subtable>
					<row>
						<label>/index</label>
						<nb_visits>1</nb_visits>
						<nb_uniq_visitors>1</nb_uniq_visitors>
						<nb_hits>1</nb_hits>
						<sum_time_spent>0</sum_time_spent>
						<entry_nb_uniq_visitors>1</entry_nb_uniq_visitors>
						<entry_nb_actions>4</entry_nb_actions>
						<entry_sum_visit_length>9</entry_sum_visit_length>
						<entry_bounce_count>0</entry_bounce_count>
						<avg_time_on_page>0</avg_time_on_page>
						<bounce_rate>0%</bounce_rate>
						<exit_rate>0%</exit_rate>
						<url>http://GA4 (matthieu.net/blog)/blog/video-meilleur-joueur-de-tetris-du-monde/</url>
						<segment>pageUrl==http%253A%252F%252FGA4%2B%2528matthieu.net%252Fblog%2529%252Fblog%252Fvideo-meilleur-joueur-de-tetris-du-monde%252F</segment>
					</row>
				</subtable>
			</row>
		</subtable>
	</row>
</result>