<?xml version="1.0" encoding="utf-8" ?>
<result>
	<row>
		<label>blog</label>
		<nb_visits>23</nb_visits>
		<nb_hits>24</nb_hits>
		<sum_time_spent>0</sum_time_spent>
		<entry_nb_actions>78</entry_nb_actions>
		<entry_sum_visit_length>846</entry_sum_visit_length>
		<entry_bounce_count>8</entry_bounce_count>
		<sum_bandwidth>0</sum_bandwidth>
		<nb_hits_with_bandwidth>0</nb_hits_with_bandwidth>
		<min_bandwidth />
		<max_bandwidth />
		<exit_nb_visits>1</exit_nb_visits>
		<avg_bandwidth>0</avg_bandwidth>
		<avg_page_load_time>0</avg_page_load_time>
		<avg_time_on_page>0</avg_time_on_page>
		<bounce_rate>0%</bounce_rate>
		<exit_rate>4%</exit_rate>
		<segment>pageUrl=^blog</segment>
		<subtable>
			<row>
				<label>/index</label>
				<nb_visits>4</nb_visits>
				<nb_hits>5</nb_hits>
				<sum_time_spent>0</sum_time_spent>
				<entry_nb_actions>19</entry_nb_actions>
				<entry_sum_visit_length>67</entry_sum_visit_length>
				<entry_bounce_count>0</entry_bounce_count>
				<sum_daily_nb_uniq_visitors>2</sum_daily_nb_uniq_visitors>
				<sum_daily_entry_nb_uniq_visitors>2</sum_daily_entry_nb_uniq_visitors>
				<avg_time_on_page>0</avg_time_on_page>
				<bounce_rate>0%</bounce_rate>
				<exit_rate>0%</exit_rate>
				<url>http://GA4 (matthieu.net/blog)/blog/</url>
				<segment>pageUrl==http%253A%252F%252FGA4%2B%2528matthieu.net%252Fblog%2529%252Fblog%252F</segment>
			</row>
			<row>
				<label>top-10-des-plus-belles-plongees-sous-marine-dans-le-monde</label>
				<nb_visits>3</nb_visits>
				<nb_hits>3</nb_hits>
				<sum_time_spent>0</sum_time_spent>
				<entry_nb_actions>10</entry_nb_actions>
				<entry_sum_visit_length>34</entry_sum_visit_length>
				<entry_bounce_count>2</entry_bounce_count>
				<avg_time_on_page>0</avg_time_on_page>
				<bounce_rate>0%</bounce_rate>
				<exit_rate>0%</exit_rate>
				<segment>pageUrl=^blog%252Ftop-10-des-plus-belles-plongees-sous-marine-dans-le-monde</segment>
				<subtable>
					<row>
						<label>/index</label>
						<nb_visits>3</nb_visits>
						<nb_hits>3</nb_hits>
						<sum_time_spent>0</sum_time_spent>
						<entry_nb_actions>10</entry_nb_actions>
						<entry_sum_visit_length>34</entry_sum_visit_length>
						<entry_bounce_count>2</entry_bounce_count>
						<sum_daily_nb_uniq_visitors>3</sum_daily_nb_uniq_visitors>
						<sum_daily_entry_nb_uniq_visitors>3</sum_daily_entry_nb_uniq_visitors>
						<avg_time_on_page>0</avg_time_on_page>
						<bounce_rate>0%</bounce_rate>
						<exit_rate>0%</exit_rate>
						<url>http://GA4 (matthieu.net/blog)/blog/top-10-des-plus-belles-plongees-sous-marine-dans-le-monde/</url>
						<segment>pageUrl==http%253A%252F%252FGA4%2B%2528matthieu.net%252Fblog%2529%252Fblog%252Ftop-10-des-plus-belles-plongees-sous-marine-dans-le-monde%252F</segment>
					</row>
				</subtable>
			</row>
			<row>
				<label>le-haka-danse-maori-nouvelle-zelande</label>
				<nb_visits>2</nb_visits>
				<nb_hits>2</nb_hits>
				<sum_time_spent>0</sum_time_spent>
				<entry_nb_actions>7</entry_nb_actions>
				<entry_sum_visit_length>1</entry_sum_visit_length>
				<entry_bounce_count>2</entry_bounce_count>
				<avg_time_on_page>0</avg_time_on_page>
				<bounce_rate>0%</bounce_rate>
				<exit_rate>0%</exit_rate>
				<segment>pageUrl=^blog%252Fle-haka-danse-maori-nouvelle-zelande</segment>
				<subtable>
					<row>
						<label>/index</label>
						<nb_visits>2</nb_visits>
						<nb_hits>2</nb_hits>
						<sum_time_spent>0</sum_time_spent>
						<entry_nb_actions>7</entry_nb_actions>
						<entry_sum_visit_length>1</entry_sum_visit_length>
						<entry_bounce_count>2</entry_bounce_count>
						<sum_daily_nb_uniq_visitors>2</sum_daily_nb_uniq_visitors>
						<sum_daily_entry_nb_uniq_visitors>2</sum_daily_entry_nb_uniq_visitors>
						<avg_time_on_page>0</avg_time_on_page>
						<bounce_rate>0%</bounce_rate>
						<exit_rate>0%</exit_rate>
						<url>http://GA4 (matthieu.net/blog)/blog/le-haka-danse-maori-nouvelle-zelande/</url>
						<segment>pageUrl==http%253A%252F%252FGA4%2B%2528matthieu.net%252Fblog%2529%252Fblog%252Fle-haka-danse-maori-nouvelle-zelande%252F</segment>
					</row>
				</subtable>
			</row>
			<row>
				<label>top-photos-de-bonne-nourriture</label>
				<nb_visits>2</nb_visits>
				<nb_hits>2</nb_hits>
				<sum_time_spent>0</sum_time_spent>
				<entry_nb_actions>6</entry_nb_actions>
				<entry_sum_visit_length>0</entry_sum_visit_length>
				<entry_bounce_count>1</entry_bounce_count>
				<avg_time_on_page>0</avg_time_on_page>
				<bounce_rate>0%</bounce_rate>
				<exit_rate>0%</exit_rate>
				<segment>pageUrl=^blog%252Ftop-photos-de-bonne-nourriture</segment>
				<subtable>
					<row>
						<label>/index</label>
						<nb_visits>2</nb_visits>
						<nb_hits>2</nb_hits>
						<sum_time_spent>0</sum_time_spent>
						<entry_nb_actions>6</entry_nb_actions>
						<entry_sum_visit_length>0</entry_sum_visit_length>
						<entry_bounce_count>1</entry_bounce_count>
						<sum_daily_nb_uniq_visitors>2</sum_daily_nb_uniq_visitors>
						<sum_daily_entry_nb_uniq_visitors>2</sum_daily_entry_nb_uniq_visitors>
						<avg_time_on_page>0</avg_time_on_page>
						<bounce_rate>0%</bounce_rate>
						<exit_rate>0%</exit_rate>
						<url>http://GA4 (matthieu.net/blog)/blog/top-photos-de-bonne-nourriture/</url>
						<segment>pageUrl==http%253A%252F%252FGA4%2B%2528matthieu.net%252Fblog%2529%252Fblog%252Ftop-photos-de-bonne-nourriture%252F</segment>
					</row>
				</subtable>
			</row>
			<row>
				<label>avis-de-mickael-sur-la-vie-a-chennai-en-inde</label>
				<nb_visits>1</nb_visits>
				<nb_hits>1</nb_hits>
				<sum_time_spent>0</sum_time_spent>
				<entry_nb_actions>4</entry_nb_actions>
				<entry_sum_visit_length>679</entry_sum_visit_length>
				<entry_bounce_count>0</entry_bounce_count>
				<avg_time_on_page>0</avg_time_on_page>
				<bounce_rate>0%</bounce_rate>
				<exit_rate>0%</exit_rate>
				<segment>pageUrl=^blog%252Favis-de-mickael-sur-la-vie-a-chennai-en-inde</segment>
				<subtable>
					<row>
						<label>/index</label>
						<nb_visits>1</nb_visits>
						<nb_hits>1</nb_hits>
						<sum_time_spent>0</sum_time_spent>
						<entry_nb_actions>4</entry_nb_actions>
						<entry_sum_visit_length>679</entry_sum_visit_length>
						<entry_bounce_count>0</entry_bounce_count>
						<sum_daily_nb_uniq_visitors>1</sum_daily_nb_uniq_visitors>
						<sum_daily_entry_nb_uniq_visitors>1</sum_daily_entry_nb_uniq_visitors>
						<avg_time_on_page>0</avg_time_on_page>
						<bounce_rate>0%</bounce_rate>
						<exit_rate>0%</exit_rate>
						<url>http://GA4 (matthieu.net/blog)/blog/avis-de-mickael-sur-la-vie-a-chennai-en-inde/</url>
						<segment>pageUrl==http%253A%252F%252FGA4%2B%2528matthieu.net%252Fblog%2529%252Fblog%252Favis-de-mickael-sur-la-vie-a-chennai-en-inde%252F</segment>
					</row>
				</subtable>
			</row>
			<row>
				<label>category</label>
				<nb_visits>1</nb_visits>
				<nb_hits>1</nb_hits>
				<sum_time_spent>0</sum_time_spent>
				<avg_time_on_page>0</avg_time_on_page>
				<bounce_rate>0%</bounce_rate>
				<exit_rate>0%</exit_rate>
				<segment>pageUrl=^blog%252Fcategory</segment>
				<subtable>
					<row>
						<label>inde</label>
						<nb_visits>1</nb_visits>
						<nb_hits>1</nb_hits>
						<sum_time_spent>0</sum_time_spent>
						<avg_time_on_page>0</avg_time_on_page>
						<bounce_rate>0%</bounce_rate>
						<exit_rate>0%</exit_rate>
						<segment>pageUrl=^blog%252Fcategory%252Finde</segment>
						<subtable>
							<row>
								<label>/index</label>
								<nb_visits>1</nb_visits>
								<nb_hits>1</nb_hits>
								<sum_time_spent>0</sum_time_spent>
								<sum_daily_nb_uniq_visitors>1</sum_daily_nb_uniq_visitors>
								<avg_time_on_page>0</avg_time_on_page>
								<bounce_rate>0%</bounce_rate>
								<exit_rate>0%</exit_rate>
								<url>http://GA4 (matthieu.net/blog)/blog/category/inde/</url>
								<segment>pageUrl==http%253A%252F%252FGA4%2B%2528matthieu.net%252Fblog%2529%252Fblog%252Fcategory%252Finde%252F</segment>
							</row>
						</subtable>
					</row>
				</subtable>
			</row>
			<row>
				<label>dragons-de-komodo-indonesie</label>
				<nb_visits>1</nb_visits>
				<nb_hits>1</nb_hits>
				<sum_time_spent>0</sum_time_spent>
				<entry_nb_actions>3</entry_nb_actions>
				<entry_sum_visit_length>0</entry_sum_visit_length>
				<entry_bounce_count>1</entry_bounce_count>
				<avg_time_on_page>0</avg_time_on_page>
				<bounce_rate>0%</bounce_rate>
				<exit_rate>0%</exit_rate>
				<segment>pageUrl=^blog%252Fdragons-de-komodo-indonesie</segment>
				<subtable>
					<row>
						<label>/index</label>
						<nb_visits>1</nb_visits>
						<nb_hits>1</nb_hits>
						<sum_time_spent>0</sum_time_spent>
						<entry_nb_actions>3</entry_nb_actions>
						<entry_sum_visit_length>0</entry_sum_visit_length>
						<entry_bounce_count>1</entry_bounce_count>
						<sum_daily_nb_uniq_visitors>1</sum_daily_nb_uniq_visitors>
						<sum_daily_entry_nb_uniq_visitors>1</sum_daily_entry_nb_uniq_visitors>
						<avg_time_on_page>0</avg_time_on_page>
						<bounce_rate>0%</bounce_rate>
						<exit_rate>0%</exit_rate>
						<url>http://GA4 (matthieu.net/blog)/blog/dragons-de-komodo-indonesie/</url>
						<segment>pageUrl==http%253A%252F%252FGA4%2B%2528matthieu.net%252Fblog%2529%252Fblog%252Fdragons-de-komodo-indonesie%252F</segment>
					</row>
				</subtable>
			</row>
			<row>
				<label>inde-par-region-et-ville</label>
				<nb_visits>1</nb_visits>
				<nb_hits>1</nb_hits>
				<sum_time_spent>0</sum_time_spent>
				<sum_bandwidth>0</sum_bandwidth>
				<nb_hits_with_bandwidth>0</nb_hits_with_bandwidth>
				<min_bandwidth />
				<max_bandwidth />
				<exit_nb_visits>1</exit_nb_visits>
				<avg_time_on_page>0</avg_time_on_page>
				<bounce_rate>0%</bounce_rate>
				<exit_rate>100%</exit_rate>
				<segment>pageUrl=^http%253A%252F%252FGA4%2B%2528matthieu.net%252Fblog%2529%252Fblog%252Finde-par-region-et-ville</segment>
				<subtable>
					<row>
						<label>/index</label>
						<nb_visits>1</nb_visits>
						<nb_hits>1</nb_hits>
						<sum_time_spent>0</sum_time_spent>
						<sum_bandwidth>0</sum_bandwidth>
						<nb_hits_with_bandwidth>0</nb_hits_with_bandwidth>
						<min_bandwidth />
						<max_bandwidth />
						<exit_nb_visits>1</exit_nb_visits>
						<sum_daily_nb_uniq_visitors>1</sum_daily_nb_uniq_visitors>
						<sum_daily_exit_nb_uniq_visitors>1</sum_daily_exit_nb_uniq_visitors>
						<avg_time_on_page>0</avg_time_on_page>
						<bounce_rate>0%</bounce_rate>
						<exit_rate>100%</exit_rate>
						<url>http://matthieu.net/blog/inde-par-region-et-ville/</url>
						<segment>pageUrl==http%253A%252F%252Fmatthieu.net%252Fblog%252Finde-par-region-et-ville%252F</segment>
					</row>
				</subtable>
			</row>
			<row>
				<label>la-croisiere-plongee-un-incontournable</label>
				<nb_visits>1</nb_visits>
				<nb_hits>1</nb_hits>
				<sum_time_spent>0</sum_time_spent>
				<avg_time_on_page>0</avg_time_on_page>
				<bounce_rate>0%</bounce_rate>
				<exit_rate>0%</exit_rate>
				<segment>pageUrl=^blog%252Fla-croisiere-plongee-un-incontournable</segment>
				<subtable>
					<row>
						<label>/index</label>
						<nb_visits>1</nb_visits>
						<nb_hits>1</nb_hits>
						<sum_time_spent>0</sum_time_spent>
						<sum_daily_nb_uniq_visitors>1</sum_daily_nb_uniq_visitors>
						<avg_time_on_page>0</avg_time_on_page>
						<bounce_rate>0%</bounce_rate>
						<exit_rate>0%</exit_rate>
						<url>http://GA4 (matthieu.net/blog)/blog/la-croisiere-plongee-un-incontournable/</url>
						<segment>pageUrl==http%253A%252F%252FGA4%2B%2528matthieu.net%252Fblog%2529%252Fblog%252Fla-croisiere-plongee-un-incontournable%252F</segment>
					</row>
				</subtable>
			</row>
			<row>
				<label>loisirs-en-inde</label>
				<nb_visits>1</nb_visits>
				<nb_hits>1</nb_hits>
				<sum_time_spent>0</sum_time_spent>
				<entry_nb_actions>5</entry_nb_actions>
				<entry_sum_visit_length>8</entry_sum_visit_length>
				<entry_bounce_count>0</entry_bounce_count>
				<avg_time_on_page>0</avg_time_on_page>
				<bounce_rate>0%</bounce_rate>
				<exit_rate>0%</exit_rate>
				<segment>pageUrl=^blog%252Floisirs-en-inde</segment>
				<subtable>
					<row>
						<label>/index</label>
						<nb_visits>1</nb_visits>
						<nb_hits>1</nb_hits>
						<sum_time_spent>0</sum_time_spent>
						<entry_nb_actions>5</entry_nb_actions>
						<entry_sum_visit_length>8</entry_sum_visit_length>
						<entry_bounce_count>0</entry_bounce_count>
						<sum_daily_nb_uniq_visitors>1</sum_daily_nb_uniq_visitors>
						<sum_daily_entry_nb_uniq_visitors>1</sum_daily_entry_nb_uniq_visitors>
						<avg_time_on_page>0</avg_time_on_page>
						<bounce_rate>0%</bounce_rate>
						<exit_rate>0%</exit_rate>
						<url>http://GA4 (matthieu.net/blog)/blog/loisirs-en-inde/</url>
						<segment>pageUrl==http%253A%252F%252FGA4%2B%2528matthieu.net%252Fblog%2529%252Fblog%252Floisirs-en-inde%252F</segment>
					</row>
				</subtable>
			</row>
			<row>
				<label>photo-de-moutons-dans-les-highlands-en-ecosse</label>
				<nb_visits>1</nb_visits>
				<nb_hits>1</nb_hits>
				<sum_time_spent>0</sum_time_spent>
				<entry_nb_actions>3</entry_nb_actions>
				<entry_sum_visit_length>0</entry_sum_visit_length>
				<entry_bounce_count>1</entry_bounce_count>
				<avg_time_on_page>0</avg_time_on_page>
				<bounce_rate>0%</bounce_rate>
				<exit_rate>0%</exit_rate>
				<segment>pageUrl=^blog%252Fphoto-de-moutons-dans-les-highlands-en-ecosse</segment>
				<subtable>
					<row>
						<label>/index</label>
						<nb_visits>1</nb_visits>
						<nb_hits>1</nb_hits>
						<sum_time_spent>0</sum_time_spent>
						<entry_nb_actions>3</entry_nb_actions>
						<entry_sum_visit_length>0</entry_sum_visit_length>
						<entry_bounce_count>1</entry_bounce_count>
						<sum_daily_nb_uniq_visitors>1</sum_daily_nb_uniq_visitors>
						<sum_daily_entry_nb_uniq_visitors>1</sum_daily_entry_nb_uniq_visitors>
						<avg_time_on_page>0</avg_time_on_page>
						<bounce_rate>0%</bounce_rate>
						<exit_rate>0%</exit_rate>
						<url>http://GA4 (matthieu.net/blog)/blog/photo-de-moutons-dans-les-highlands-en-ecosse/</url>
						<segment>pageUrl==http%253A%252F%252FGA4%2B%2528matthieu.net%252Fblog%2529%252Fblog%252Fphoto-de-moutons-dans-les-highlands-en-ecosse%252F</segment>
					</row>
				</subtable>
			</row>
			<row>
				<label>plongee-sur-une-epave-3-des-meilleurs-bateaux-a-visiter-sous-leau</label>
				<nb_visits>1</nb_visits>
				<nb_hits>1</nb_hits>
				<sum_time_spent>0</sum_time_spent>
				<entry_nb_actions>4</entry_nb_actions>
				<entry_sum_visit_length>29</entry_sum_visit_length>
				<entry_bounce_count>0</entry_bounce_count>
				<avg_time_on_page>0</avg_time_on_page>
				<bounce_rate>0%</bounce_rate>
				<exit_rate>0%</exit_rate>
				<segment>pageUrl=^blog%252Fplongee-sur-une-epave-3-des-meilleurs-bateaux-a-visiter-sous-leau</segment>
				<subtable>
					<row>
						<label>/index</label>
						<nb_visits>1</nb_visits>
						<nb_hits>1</nb_hits>
						<sum_time_spent>0</sum_time_spent>
						<entry_nb_actions>4</entry_nb_actions>
						<entry_sum_visit_length>29</entry_sum_visit_length>
						<entry_bounce_count>0</entry_bounce_count>
						<sum_daily_nb_uniq_visitors>1</sum_daily_nb_uniq_visitors>
						<sum_daily_entry_nb_uniq_visitors>1</sum_daily_entry_nb_uniq_visitors>
						<avg_time_on_page>0</avg_time_on_page>
						<bounce_rate>0%</bounce_rate>
						<exit_rate>0%</exit_rate>
						<url>http://GA4 (matthieu.net/blog)/blog/plongee-sur-une-epave-3-des-meilleurs-bateaux-a-visiter-sous-leau/</url>
						<segment>pageUrl==http%253A%252F%252FGA4%2B%2528matthieu.net%252Fblog%2529%252Fblog%252Fplongee-sur-une-epave-3-des-meilleurs-bateaux-a-visiter-sous-leau%252F</segment>
					</row>
				</subtable>
			</row>
			<row>
				<label>scooter-en-inde</label>
				<nb_visits>1</nb_visits>
				<nb_hits>1</nb_hits>
				<sum_time_spent>0</sum_time_spent>
				<entry_nb_actions>5</entry_nb_actions>
				<entry_sum_visit_length>5</entry_sum_visit_length>
				<entry_bounce_count>0</entry_bounce_count>
				<avg_time_on_page>0</avg_time_on_page>
				<bounce_rate>0%</bounce_rate>
				<exit_rate>0%</exit_rate>
				<segment>pageUrl=^blog%252Fscooter-en-inde</segment>
				<subtable>
					<row>
						<label>/index</label>
						<nb_visits>1</nb_visits>
						<nb_hits>1</nb_hits>
						<sum_time_spent>0</sum_time_spent>
						<entry_nb_actions>5</entry_nb_actions>
						<entry_sum_visit_length>5</entry_sum_visit_length>
						<entry_bounce_count>0</entry_bounce_count>
						<sum_daily_nb_uniq_visitors>1</sum_daily_nb_uniq_visitors>
						<sum_daily_entry_nb_uniq_visitors>1</sum_daily_entry_nb_uniq_visitors>
						<avg_time_on_page>0</avg_time_on_page>
						<bounce_rate>0%</bounce_rate>
						<exit_rate>0%</exit_rate>
						<url>http://GA4 (matthieu.net/blog)/blog/scooter-en-inde/</url>
						<segment>pageUrl==http%253A%252F%252FGA4%2B%2528matthieu.net%252Fblog%2529%252Fblog%252Fscooter-en-inde%252F</segment>
					</row>
				</subtable>
			</row>
			<row>
				<label>tirumala-et-tirupathi</label>
				<nb_visits>1</nb_visits>
				<nb_hits>1</nb_hits>
				<sum_time_spent>0</sum_time_spent>
				<entry_nb_actions>3</entry_nb_actions>
				<entry_sum_visit_length>0</entry_sum_visit_length>
				<entry_bounce_count>1</entry_bounce_count>
				<avg_time_on_page>0</avg_time_on_page>
				<bounce_rate>0%</bounce_rate>
				<exit_rate>0%</exit_rate>
				<segment>pageUrl=^blog%252Ftirumala-et-tirupathi</segment>
				<subtable>
					<row>
						<label>/index</label>
						<nb_visits>1</nb_visits>
						<nb_hits>1</nb_hits>
						<sum_time_spent>0</sum_time_spent>
						<entry_nb_actions>3</entry_nb_actions>
						<entry_sum_visit_length>0</entry_sum_visit_length>
						<entry_bounce_count>1</entry_bounce_count>
						<sum_daily_nb_uniq_visitors>1</sum_daily_nb_uniq_visitors>
						<sum_daily_entry_nb_uniq_visitors>1</sum_daily_entry_nb_uniq_visitors>
						<avg_time_on_page>0</avg_time_on_page>
						<bounce_rate>0%</bounce_rate>
						<exit_rate>0%</exit_rate>
						<url>http://GA4 (matthieu.net/blog)/blog/tirumala-et-tirupathi/</url>
						<segment>pageUrl==http%253A%252F%252FGA4%2B%2528matthieu.net%252Fblog%2529%252Fblog%252Ftirumala-et-tirupathi%252F</segment>
					</row>
				</subtable>
			</row>
			<row>
				<label>trek-himalaya-jour-3-3000m-4030m</label>
				<nb_visits>1</nb_visits>
				<nb_hits>1</nb_hits>
				<sum_time_spent>0</sum_time_spent>
				<entry_nb_actions>5</entry_nb_actions>
				<entry_sum_visit_length>14</entry_sum_visit_length>
				<entry_bounce_count>0</entry_bounce_count>
				<avg_time_on_page>0</avg_time_on_page>
				<bounce_rate>0%</bounce_rate>
				<exit_rate>0%</exit_rate>
				<segment>pageUrl=^blog%252Ftrek-himalaya-jour-3-3000m-4030m</segment>
				<subtable>
					<row>
						<label>/index</label>
						<nb_visits>1</nb_visits>
						<nb_hits>1</nb_hits>
						<sum_time_spent>0</sum_time_spent>
						<entry_nb_actions>5</entry_nb_actions>
						<entry_sum_visit_length>14</entry_sum_visit_length>
						<entry_bounce_count>0</entry_bounce_count>
						<sum_daily_nb_uniq_visitors>1</sum_daily_nb_uniq_visitors>
						<sum_daily_entry_nb_uniq_visitors>1</sum_daily_entry_nb_uniq_visitors>
						<avg_time_on_page>0</avg_time_on_page>
						<bounce_rate>0%</bounce_rate>
						<exit_rate>0%</exit_rate>
						<url>http://GA4 (matthieu.net/blog)/blog/trek-himalaya-jour-3-3000m-4030m/</url>
						<segment>pageUrl==http%253A%252F%252FGA4%2B%2528matthieu.net%252Fblog%2529%252Fblog%252Ftrek-himalaya-jour-3-3000m-4030m%252F</segment>
					</row>
				</subtable>
			</row>
			<row>
				<label>video-meilleur-joueur-de-tetris-du-monde</label>
				<nb_visits>1</nb_visits>
				<nb_hits>1</nb_hits>
				<sum_time_spent>0</sum_time_spent>
				<entry_nb_actions>4</entry_nb_actions>
				<entry_sum_visit_length>9</entry_sum_visit_length>
				<entry_bounce_count>0</entry_bounce_count>
				<avg_time_on_page>0</avg_time_on_page>
				<bounce_rate>0%</bounce_rate>
				<exit_rate>0%</exit_rate>
				<segment>pageUrl=^blog%252Fvideo-meilleur-joueur-de-tetris-du-monde</segment>
				<subtable>
					<row>
						<label>/index</label>
						<nb_visits>1</nb_visits>
						<nb_hits>1</nb_hits>
						<sum_time_spent>0</sum_time_spent>
						<entry_nb_actions>4</entry_nb_actions>
						<entry_sum_visit_length>9</entry_sum_visit_length>
						<entry_bounce_count>0</entry_bounce_count>
						<sum_daily_nb_uniq_visitors>1</sum_daily_nb_uniq_visitors>
						<sum_daily_entry_nb_uniq_visitors>1</sum_daily_entry_nb_uniq_visitors>
						<avg_time_on_page>0</avg_time_on_page>
						<bounce_rate>0%</bounce_rate>
						<exit_rate>0%</exit_rate>
						<url>http://GA4 (matthieu.net/blog)/blog/video-meilleur-joueur-de-tetris-du-monde/</url>
						<segment>pageUrl==http%253A%252F%252FGA4%2B%2528matthieu.net%252Fblog%2529%252Fblog%252Fvideo-meilleur-joueur-de-tetris-du-monde%252F</segment>
					</row>
				</subtable>
			</row>
		</subtable>
	</row>
	<row>
		<label>normal</label>
		<nb_visits>1</nb_visits>
		<nb_hits>1</nb_hits>
		<sum_time_spent>120</sum_time_spent>
		<sum_bandwidth>0</sum_bandwidth>
		<nb_hits_with_bandwidth>0</nb_hits_with_bandwidth>
		<min_bandwidth />
		<max_bandwidth />
		<entry_nb_visits>1</entry_nb_visits>
		<entry_nb_actions>2</entry_nb_actions>
		<entry_sum_visit_length>121</entry_sum_visit_length>
		<entry_bounce_count>0</entry_bounce_count>
		<avg_bandwidth>0</avg_bandwidth>
		<avg_page_load_time>0</avg_page_load_time>
		<avg_time_on_page>120</avg_time_on_page>
		<bounce_rate>0%</bounce_rate>
		<exit_rate>0%</exit_rate>
		<segment>pageUrl=^http%253A%252F%252FGA4%2B%2528matthieu.net%252Fblog%2529%252Fnormal</segment>
		<subtable>
			<row>
				<label>visit</label>
				<nb_visits>1</nb_visits>
				<nb_hits>1</nb_hits>
				<sum_time_spent>120</sum_time_spent>
				<sum_bandwidth>0</sum_bandwidth>
				<nb_hits_with_bandwidth>0</nb_hits_with_bandwidth>
				<min_bandwidth />
				<max_bandwidth />
				<entry_nb_visits>1</entry_nb_visits>
				<entry_nb_actions>2</entry_nb_actions>
				<entry_sum_visit_length>121</entry_sum_visit_length>
				<entry_bounce_count>0</entry_bounce_count>
				<avg_time_on_page>120</avg_time_on_page>
				<bounce_rate>0%</bounce_rate>
				<exit_rate>0%</exit_rate>
				<segment>pageUrl=^http%253A%252F%252FGA4%2B%2528matthieu.net%252Fblog%2529%252Fnormal%252Fvisit</segment>
				<subtable>
					<row>
						<label>/index</label>
						<nb_visits>1</nb_visits>
						<nb_hits>1</nb_hits>
						<sum_time_spent>120</sum_time_spent>
						<sum_bandwidth>0</sum_bandwidth>
						<nb_hits_with_bandwidth>0</nb_hits_with_bandwidth>
						<min_bandwidth />
						<max_bandwidth />
						<entry_nb_visits>1</entry_nb_visits>
						<entry_nb_actions>2</entry_nb_actions>
						<entry_sum_visit_length>121</entry_sum_visit_length>
						<entry_bounce_count>0</entry_bounce_count>
						<sum_daily_nb_uniq_visitors>1</sum_daily_nb_uniq_visitors>
						<sum_daily_entry_nb_uniq_visitors>1</sum_daily_entry_nb_uniq_visitors>
						<avg_time_on_page>120</avg_time_on_page>
						<bounce_rate>0%</bounce_rate>
						<exit_rate>0%</exit_rate>
						<url>http://matthieu.net/normal/visit/</url>
						<segment>pageUrl==http%253A%252F%252Fmatthieu.net%252Fnormal%252Fvisit%252F</segment>
					</row>
				</subtable>
			</row>
		</subtable>
	</row>
</result>