<?xml version="1.0" encoding="utf-8" ?>
<result>
	<row>
		<label>google.com</label>
		<nb_visits>113</nb_visits>
		<nb_actions>383</nb_actions>
		<sum_visit_length>4403</sum_visit_length>
		<bounce_count>17</bounce_count>
		<nb_visits_converted>43</nb_visits_converted>
		<nb_conversions>84</nb_conversions>
		<revenue>278690</revenue>
		<goals>
			<row idgoal='1'>
				<nb_conversions>21</nb_conversions>
				<revenue>0</revenue>
				<nb_visits_converted>20</nb_visits_converted>
			</row>
			<row idgoal='2'>
				<nb_conversions>21</nb_conversions>
				<revenue>0</revenue>
				<nb_visits_converted>21</nb_visits_converted>
			</row>
			<row idgoal='3'>
				<nb_conversions>2</nb_conversions>
				<revenue>0</revenue>
				<nb_visits_converted>2</nb_visits_converted>
			</row>
			<row idgoal='4'>
				<nb_conversions>0</nb_conversions>
				<revenue>0</revenue>
				<nb_visits_converted>0</nb_visits_converted>
			</row>
			<row idgoal='5'>
				<nb_conversions>0</nb_conversions>
				<revenue>0</revenue>
				<nb_visits_converted>0</nb_visits_converted>
			</row>
			<row idgoal='ecommerceOrder'>
				<nb_conversions>40</nb_conversions>
				<revenue>278690</revenue>
				<items>229</items>
			</row>
		</goals>
		<sum_daily_nb_uniq_visitors>55</sum_daily_nb_uniq_visitors>
		<referer_type>3</referer_type>
	</row>
	<row>
		<label>scubadiverlife.com</label>
		<nb_visits>56</nb_visits>
		<nb_actions>207</nb_actions>
		<sum_visit_length>1771</sum_visit_length>
		<bounce_count>11</bounce_count>
		<nb_visits_converted>17</nb_visits_converted>
		<nb_conversions>43</nb_conversions>
		<revenue>163780</revenue>
		<goals>
			<row idgoal='1'>
				<nb_conversions>11</nb_conversions>
				<revenue>0</revenue>
				<nb_visits_converted>8</nb_visits_converted>
			</row>
			<row idgoal='2'>
				<nb_conversions>11</nb_conversions>
				<revenue>0</revenue>
				<nb_visits_converted>9</nb_visits_converted>
			</row>
			<row idgoal='3'>
				<nb_conversions>0</nb_conversions>
				<revenue>0</revenue>
				<nb_visits_converted>0</nb_visits_converted>
			</row>
			<row idgoal='4'>
				<nb_conversions>0</nb_conversions>
				<revenue>0</revenue>
				<nb_visits_converted>0</nb_visits_converted>
			</row>
			<row idgoal='5'>
				<nb_conversions>0</nb_conversions>
				<revenue>0</revenue>
				<nb_visits_converted>0</nb_visits_converted>
			</row>
			<row idgoal='ecommerceOrder'>
				<nb_conversions>21</nb_conversions>
				<revenue>163780</revenue>
				<items>116</items>
			</row>
		</goals>
		<sum_daily_nb_uniq_visitors>46</sum_daily_nb_uniq_visitors>
		<referer_type>3</referer_type>
	</row>
	<row>
		<label>reddit</label>
		<nb_visits>51</nb_visits>
		<nb_actions>184</nb_actions>
		<sum_visit_length>3267</sum_visit_length>
		<bounce_count>12</bounce_count>
		<nb_visits_converted>20</nb_visits_converted>
		<nb_conversions>38</nb_conversions>
		<revenue>115962</revenue>
		<goals>
			<row idgoal='1'>
				<nb_conversions>13</nb_conversions>
				<revenue>0</revenue>
				<nb_visits_converted>9</nb_visits_converted>
			</row>
			<row idgoal='2'>
				<nb_conversions>9</nb_conversions>
				<revenue>0</revenue>
				<nb_visits_converted>7</nb_visits_converted>
			</row>
			<row idgoal='3'>
				<nb_conversions>1</nb_conversions>
				<revenue>0</revenue>
				<nb_visits_converted>1</nb_visits_converted>
			</row>
			<row idgoal='4'>
				<nb_conversions>0</nb_conversions>
				<revenue>0</revenue>
				<nb_visits_converted>0</nb_visits_converted>
			</row>
			<row idgoal='5'>
				<nb_conversions>0</nb_conversions>
				<revenue>0</revenue>
				<nb_visits_converted>0</nb_visits_converted>
			</row>
			<row idgoal='ecommerceOrder'>
				<nb_conversions>15</nb_conversions>
				<revenue>115962</revenue>
				<items>79</items>
			</row>
		</goals>
		<sum_daily_nb_uniq_visitors>43</sum_daily_nb_uniq_visitors>
		<url>reddit.com</url>
		<logo>plugins/Morpheus/icons/dist/socials/reddit.com.png</logo>
		<referer_type>7</referer_type>
	</row>
	<row>
		<label>Facebook</label>
		<nb_visits>50</nb_visits>
		<nb_actions>145</nb_actions>
		<sum_visit_length>1724</sum_visit_length>
		<bounce_count>15</bounce_count>
		<nb_visits_converted>16</nb_visits_converted>
		<nb_conversions>33</nb_conversions>
		<revenue>111583</revenue>
		<goals>
			<row idgoal='1'>
				<nb_conversions>7</nb_conversions>
				<revenue>0</revenue>
				<nb_visits_converted>6</nb_visits_converted>
			</row>
			<row idgoal='2'>
				<nb_conversions>10</nb_conversions>
				<revenue>0</revenue>
				<nb_visits_converted>10</nb_visits_converted>
			</row>
			<row idgoal='3'>
				<nb_conversions>0</nb_conversions>
				<revenue>0</revenue>
				<nb_visits_converted>0</nb_visits_converted>
			</row>
			<row idgoal='4'>
				<nb_conversions>0</nb_conversions>
				<revenue>0</revenue>
				<nb_visits_converted>0</nb_visits_converted>
			</row>
			<row idgoal='5'>
				<nb_conversions>0</nb_conversions>
				<revenue>0</revenue>
				<nb_visits_converted>0</nb_visits_converted>
			</row>
			<row idgoal='ecommerceOrder'>
				<nb_conversions>16</nb_conversions>
				<revenue>111583</revenue>
				<items>81</items>
			</row>
		</goals>
		<sum_daily_nb_uniq_visitors>35</sum_daily_nb_uniq_visitors>
		<url>facebook.com</url>
		<logo>plugins/Morpheus/icons/dist/socials/facebook.com.png</logo>
		<referer_type>7</referer_type>
	</row>
	<row>
		<label>divein.com</label>
		<nb_visits>42</nb_visits>
		<nb_actions>163</nb_actions>
		<sum_visit_length>2187</sum_visit_length>
		<bounce_count>7</bounce_count>
		<nb_visits_converted>24</nb_visits_converted>
		<nb_conversions>40</nb_conversions>
		<revenue>120331</revenue>
		<goals>
			<row idgoal='1'>
				<nb_conversions>12</nb_conversions>
				<revenue>0</revenue>
				<nb_visits_converted>10</nb_visits_converted>
			</row>
			<row idgoal='2'>
				<nb_conversions>13</nb_conversions>
				<revenue>0</revenue>
				<nb_visits_converted>12</nb_visits_converted>
			</row>
			<row idgoal='3'>
				<nb_conversions>0</nb_conversions>
				<revenue>0</revenue>
				<nb_visits_converted>0</nb_visits_converted>
			</row>
			<row idgoal='4'>
				<nb_conversions>0</nb_conversions>
				<revenue>0</revenue>
				<nb_visits_converted>0</nb_visits_converted>
			</row>
			<row idgoal='5'>
				<nb_conversions>0</nb_conversions>
				<revenue>0</revenue>
				<nb_visits_converted>0</nb_visits_converted>
			</row>
			<row idgoal='ecommerceOrder'>
				<nb_conversions>15</nb_conversions>
				<revenue>120331</revenue>
				<items>94</items>
			</row>
		</goals>
		<sum_daily_nb_uniq_visitors>31</sum_daily_nb_uniq_visitors>
		<referer_type>3</referer_type>
	</row>
	<row>
		<label>(not provided)</label>
		<nb_visits>40</nb_visits>
		<nb_actions>66</nb_actions>
		<sum_visit_length>8785</sum_visit_length>
		<bounce_count>30</bounce_count>
		<nb_visits_converted>3</nb_visits_converted>
		<nb_conversions>5</nb_conversions>
		<revenue>0</revenue>
		<goals>
			<row idgoal='1'>
				<nb_conversions>0</nb_conversions>
				<revenue>0</revenue>
				<nb_visits_converted>0</nb_visits_converted>
			</row>
			<row idgoal='2'>
				<nb_conversions>0</nb_conversions>
				<revenue>0</revenue>
				<nb_visits_converted>0</nb_visits_converted>
			</row>
			<row idgoal='3'>
				<nb_conversions>5</nb_conversions>
				<revenue>0</revenue>
				<nb_visits_converted>3</nb_visits_converted>
			</row>
			<row idgoal='4'>
				<nb_conversions>0</nb_conversions>
				<revenue>0</revenue>
				<nb_visits_converted>0</nb_visits_converted>
			</row>
			<row idgoal='5'>
				<nb_conversions>0</nb_conversions>
				<revenue>0</revenue>
				<nb_visits_converted>0</nb_visits_converted>
			</row>
			<row idgoal='ecommerceOrder'>
				<nb_conversions>0</nb_conversions>
				<revenue>0</revenue>
				<items>0</items>
			</row>
		</goals>
		<sum_daily_nb_uniq_visitors>39</sum_daily_nb_uniq_visitors>
		<referer_type>2</referer_type>
	</row>
	<row>
		<label>Twitter</label>
		<nb_visits>40</nb_visits>
		<nb_actions>172</nb_actions>
		<sum_visit_length>2177</sum_visit_length>
		<bounce_count>8</bounce_count>
		<nb_visits_converted>12</nb_visits_converted>
		<nb_conversions>34</nb_conversions>
		<revenue>173248</revenue>
		<goals>
			<row idgoal='1'>
				<nb_conversions>9</nb_conversions>
				<revenue>0</revenue>
				<nb_visits_converted>8</nb_visits_converted>
			</row>
			<row idgoal='2'>
				<nb_conversions>4</nb_conversions>
				<revenue>0</revenue>
				<nb_visits_converted>3</nb_visits_converted>
			</row>
			<row idgoal='3'>
				<nb_conversions>0</nb_conversions>
				<revenue>0</revenue>
				<nb_visits_converted>0</nb_visits_converted>
			</row>
			<row idgoal='4'>
				<nb_conversions>0</nb_conversions>
				<revenue>0</revenue>
				<nb_visits_converted>0</nb_visits_converted>
			</row>
			<row idgoal='5'>
				<nb_conversions>0</nb_conversions>
				<revenue>0</revenue>
				<nb_visits_converted>0</nb_visits_converted>
			</row>
			<row idgoal='ecommerceOrder'>
				<nb_conversions>21</nb_conversions>
				<revenue>173248</revenue>
				<items>116</items>
			</row>
		</goals>
		<sum_daily_nb_uniq_visitors>26</sum_daily_nb_uniq_visitors>
		<url>twitter.com</url>
		<logo>plugins/Morpheus/icons/dist/socials/twitter.com.png</logo>
		<referer_type>7</referer_type>
	</row>
	<row>
		<label>emperordivers.com</label>
		<nb_visits>33</nb_visits>
		<nb_actions>126</nb_actions>
		<sum_visit_length>787</sum_visit_length>
		<bounce_count>5</bounce_count>
		<nb_visits_converted>12</nb_visits_converted>
		<nb_conversions>27</nb_conversions>
		<revenue>92174</revenue>
		<goals>
			<row idgoal='1'>
				<nb_conversions>10</nb_conversions>
				<revenue>0</revenue>
				<nb_visits_converted>8</nb_visits_converted>
			</row>
			<row idgoal='2'>
				<nb_conversions>3</nb_conversions>
				<revenue>0</revenue>
				<nb_visits_converted>2</nb_visits_converted>
			</row>
			<row idgoal='3'>
				<nb_conversions>0</nb_conversions>
				<revenue>0</revenue>
				<nb_visits_converted>0</nb_visits_converted>
			</row>
			<row idgoal='4'>
				<nb_conversions>0</nb_conversions>
				<revenue>0</revenue>
				<nb_visits_converted>0</nb_visits_converted>
			</row>
			<row idgoal='5'>
				<nb_conversions>0</nb_conversions>
				<revenue>0</revenue>
				<nb_visits_converted>0</nb_visits_converted>
			</row>
			<row idgoal='ecommerceOrder'>
				<nb_conversions>14</nb_conversions>
				<revenue>92174</revenue>
				<items>73</items>
			</row>
		</goals>
		<sum_daily_nb_uniq_visitors>25</sum_daily_nb_uniq_visitors>
		<referer_type>3</referer_type>
	</row>
	<row>
		<label>divebums.com</label>
		<nb_visits>26</nb_visits>
		<nb_actions>107</nb_actions>
		<sum_visit_length>1718</sum_visit_length>
		<bounce_count>4</bounce_count>
		<nb_visits_converted>13</nb_visits_converted>
		<nb_conversions>23</nb_conversions>
		<revenue>64541</revenue>
		<goals>
			<row idgoal='1'>
				<nb_conversions>5</nb_conversions>
				<revenue>0</revenue>
				<nb_visits_converted>5</nb_visits_converted>
			</row>
			<row idgoal='2'>
				<nb_conversions>9</nb_conversions>
				<revenue>0</revenue>
				<nb_visits_converted>8</nb_visits_converted>
			</row>
			<row idgoal='3'>
				<nb_conversions>0</nb_conversions>
				<revenue>0</revenue>
				<nb_visits_converted>0</nb_visits_converted>
			</row>
			<row idgoal='4'>
				<nb_conversions>0</nb_conversions>
				<revenue>0</revenue>
				<nb_visits_converted>0</nb_visits_converted>
			</row>
			<row idgoal='5'>
				<nb_conversions>0</nb_conversions>
				<revenue>0</revenue>
				<nb_visits_converted>0</nb_visits_converted>
			</row>
			<row idgoal='ecommerceOrder'>
				<nb_conversions>9</nb_conversions>
				<revenue>64541</revenue>
				<items>45</items>
			</row>
		</goals>
		<sum_daily_nb_uniq_visitors>23</sum_daily_nb_uniq_visitors>
		<referer_type>3</referer_type>
	</row>
	<row>
		<label>oahuscubadiving.com</label>
		<nb_visits>12</nb_visits>
		<nb_actions>38</nb_actions>
		<sum_visit_length>185</sum_visit_length>
		<bounce_count>1</bounce_count>
		<nb_visits_converted>3</nb_visits_converted>
		<nb_conversions>8</nb_conversions>
		<revenue>31886</revenue>
		<goals>
			<row idgoal='1'>
				<nb_conversions>3</nb_conversions>
				<revenue>0</revenue>
				<nb_visits_converted>2</nb_visits_converted>
			</row>
			<row idgoal='2'>
				<nb_conversions>1</nb_conversions>
				<revenue>0</revenue>
				<nb_visits_converted>1</nb_visits_converted>
			</row>
			<row idgoal='3'>
				<nb_conversions>0</nb_conversions>
				<revenue>0</revenue>
				<nb_visits_converted>0</nb_visits_converted>
			</row>
			<row idgoal='4'>
				<nb_conversions>0</nb_conversions>
				<revenue>0</revenue>
				<nb_visits_converted>0</nb_visits_converted>
			</row>
			<row idgoal='5'>
				<nb_conversions>0</nb_conversions>
				<revenue>0</revenue>
				<nb_visits_converted>0</nb_visits_converted>
			</row>
			<row idgoal='ecommerceOrder'>
				<nb_conversions>4</nb_conversions>
				<revenue>31886</revenue>
				<items>25</items>
			</row>
		</goals>
		<sum_daily_nb_uniq_visitors>8</sum_daily_nb_uniq_visitors>
		<referer_type>3</referer_type>
	</row>
</result>