<?xml version="1.0" encoding="utf-8" ?>
<result>
	<row>
		<label>paladin</label>
		<nb_visits>49</nb_visits>
		<nb_actions>203</nb_actions>
		<sum_visit_length>1835</sum_visit_length>
		<bounce_count>7</bounce_count>
		<nb_visits_converted>18</nb_visits_converted>
		<nb_conversions>40</nb_conversions>
		<revenue>186924</revenue>
		<goals>
			<row idgoal='1'>
				<nb_conversions>10</nb_conversions>
				<revenue>0</revenue>
				<nb_visits_converted>9</nb_visits_converted>
			</row>
			<row idgoal='2'>
				<nb_conversions>9</nb_conversions>
				<revenue>0</revenue>
				<nb_visits_converted>8</nb_visits_converted>
			</row>
			<row idgoal='3'>
				<nb_conversions>0</nb_conversions>
				<revenue>0</revenue>
				<nb_visits_converted>0</nb_visits_converted>
			</row>
			<row idgoal='4'>
				<nb_conversions>0</nb_conversions>
				<revenue>0</revenue>
				<nb_visits_converted>0</nb_visits_converted>
			</row>
			<row idgoal='5'>
				<nb_conversions>0</nb_conversions>
				<revenue>0</revenue>
				<nb_visits_converted>0</nb_visits_converted>
			</row>
			<row idgoal='ecommerceOrder'>
				<nb_conversions>21</nb_conversions>
				<revenue>186924</revenue>
				<items>134</items>
			</row>
		</goals>
		<sum_daily_nb_uniq_visitors>31</sum_daily_nb_uniq_visitors>
		<avg_bandwidth>0</avg_bandwidth>
		<avg_time_on_site>37</avg_time_on_site>
		<bounce_rate>14%</bounce_rate>
		<nb_actions_per_visit>4.1</nb_actions_per_visit>
		<segment>dimension4==paladin</segment>
	</row>
	<row>
		<label>rogue</label>
		<nb_visits>42</nb_visits>
		<nb_actions>177</nb_actions>
		<sum_visit_length>1952</sum_visit_length>
		<bounce_count>7</bounce_count>
		<nb_visits_converted>15</nb_visits_converted>
		<nb_conversions>33</nb_conversions>
		<revenue>167496</revenue>
		<goals>
			<row idgoal='1'>
				<nb_conversions>10</nb_conversions>
				<revenue>0</revenue>
				<nb_visits_converted>9</nb_visits_converted>
			</row>
			<row idgoal='2'>
				<nb_conversions>5</nb_conversions>
				<revenue>0</revenue>
				<nb_visits_converted>5</nb_visits_converted>
			</row>
			<row idgoal='3'>
				<nb_conversions>0</nb_conversions>
				<revenue>0</revenue>
				<nb_visits_converted>0</nb_visits_converted>
			</row>
			<row idgoal='4'>
				<nb_conversions>0</nb_conversions>
				<revenue>0</revenue>
				<nb_visits_converted>0</nb_visits_converted>
			</row>
			<row idgoal='5'>
				<nb_conversions>0</nb_conversions>
				<revenue>0</revenue>
				<nb_visits_converted>0</nb_visits_converted>
			</row>
			<row idgoal='ecommerceOrder'>
				<nb_conversions>18</nb_conversions>
				<revenue>167496</revenue>
				<items>123</items>
			</row>
		</goals>
		<sum_daily_nb_uniq_visitors>26</sum_daily_nb_uniq_visitors>
		<avg_bandwidth>0</avg_bandwidth>
		<avg_time_on_site>46</avg_time_on_site>
		<bounce_rate>17%</bounce_rate>
		<nb_actions_per_visit>4.2</nb_actions_per_visit>
		<segment>dimension4==rogue</segment>
	</row>
	<row>
		<label>warrior</label>
		<nb_visits>42</nb_visits>
		<nb_actions>138</nb_actions>
		<sum_visit_length>1247</sum_visit_length>
		<bounce_count>12</bounce_count>
		<nb_visits_converted>19</nb_visits_converted>
		<nb_conversions>32</nb_conversions>
		<revenue>75831</revenue>
		<goals>
			<row idgoal='1'>
				<nb_conversions>15</nb_conversions>
				<revenue>0</revenue>
				<nb_visits_converted>13</nb_visits_converted>
			</row>
			<row idgoal='2'>
				<nb_conversions>5</nb_conversions>
				<revenue>0</revenue>
				<nb_visits_converted>4</nb_visits_converted>
			</row>
			<row idgoal='3'>
				<nb_conversions>0</nb_conversions>
				<revenue>0</revenue>
				<nb_visits_converted>0</nb_visits_converted>
			</row>
			<row idgoal='4'>
				<nb_conversions>0</nb_conversions>
				<revenue>0</revenue>
				<nb_visits_converted>0</nb_visits_converted>
			</row>
			<row idgoal='5'>
				<nb_conversions>0</nb_conversions>
				<revenue>0</revenue>
				<nb_visits_converted>0</nb_visits_converted>
			</row>
			<row idgoal='ecommerceOrder'>
				<nb_conversions>12</nb_conversions>
				<revenue>75831</revenue>
				<items>48</items>
			</row>
		</goals>
		<sum_daily_nb_uniq_visitors>35</sum_daily_nb_uniq_visitors>
		<avg_bandwidth>0</avg_bandwidth>
		<avg_time_on_site>30</avg_time_on_site>
		<bounce_rate>29%</bounce_rate>
		<nb_actions_per_visit>3.3</nb_actions_per_visit>
		<segment>dimension4==warrior</segment>
	</row>
	<row>
		<label>priest</label>
		<nb_visits>37</nb_visits>
		<nb_actions>145</nb_actions>
		<sum_visit_length>1865</sum_visit_length>
		<bounce_count>6</bounce_count>
		<nb_visits_converted>14</nb_visits_converted>
		<nb_conversions>29</nb_conversions>
		<revenue>108396</revenue>
		<goals>
			<row idgoal='1'>
				<nb_conversions>5</nb_conversions>
				<revenue>0</revenue>
				<nb_visits_converted>5</nb_visits_converted>
			</row>
			<row idgoal='2'>
				<nb_conversions>10</nb_conversions>
				<revenue>0</revenue>
				<nb_visits_converted>10</nb_visits_converted>
			</row>
			<row idgoal='3'>
				<nb_conversions>0</nb_conversions>
				<revenue>0</revenue>
				<nb_visits_converted>0</nb_visits_converted>
			</row>
			<row idgoal='4'>
				<nb_conversions>0</nb_conversions>
				<revenue>0</revenue>
				<nb_visits_converted>0</nb_visits_converted>
			</row>
			<row idgoal='5'>
				<nb_conversions>0</nb_conversions>
				<revenue>0</revenue>
				<nb_visits_converted>0</nb_visits_converted>
			</row>
			<row idgoal='ecommerceOrder'>
				<nb_conversions>14</nb_conversions>
				<revenue>108396</revenue>
				<items>69</items>
			</row>
		</goals>
		<sum_daily_nb_uniq_visitors>28</sum_daily_nb_uniq_visitors>
		<avg_bandwidth>0</avg_bandwidth>
		<avg_time_on_site>50</avg_time_on_site>
		<bounce_rate>16%</bounce_rate>
		<nb_actions_per_visit>3.9</nb_actions_per_visit>
		<segment>dimension4==priest</segment>
	</row>
	<row>
		<label>ranger</label>
		<nb_visits>37</nb_visits>
		<nb_actions>131</nb_actions>
		<sum_visit_length>1172</sum_visit_length>
		<bounce_count>12</bounce_count>
		<nb_visits_converted>12</nb_visits_converted>
		<nb_conversions>25</nb_conversions>
		<revenue>84089</revenue>
		<goals>
			<row idgoal='1'>
				<nb_conversions>3</nb_conversions>
				<revenue>0</revenue>
				<nb_visits_converted>3</nb_visits_converted>
			</row>
			<row idgoal='2'>
				<nb_conversions>10</nb_conversions>
				<revenue>0</revenue>
				<nb_visits_converted>9</nb_visits_converted>
			</row>
			<row idgoal='3'>
				<nb_conversions>0</nb_conversions>
				<revenue>0</revenue>
				<nb_visits_converted>0</nb_visits_converted>
			</row>
			<row idgoal='4'>
				<nb_conversions>0</nb_conversions>
				<revenue>0</revenue>
				<nb_visits_converted>0</nb_visits_converted>
			</row>
			<row idgoal='5'>
				<nb_conversions>0</nb_conversions>
				<revenue>0</revenue>
				<nb_visits_converted>0</nb_visits_converted>
			</row>
			<row idgoal='ecommerceOrder'>
				<nb_conversions>12</nb_conversions>
				<revenue>84089</revenue>
				<items>50</items>
			</row>
		</goals>
		<sum_daily_nb_uniq_visitors>29</sum_daily_nb_uniq_visitors>
		<avg_bandwidth>0</avg_bandwidth>
		<avg_time_on_site>32</avg_time_on_site>
		<bounce_rate>32%</bounce_rate>
		<nb_actions_per_visit>3.5</nb_actions_per_visit>
		<segment>dimension4==ranger</segment>
	</row>
</result>