<?xml version="1.0" encoding="utf-8" ?>
<result>
	<row>
		<label>Websites</label>
		<nb_visits>117</nb_visits>
		<nb_actions>450</nb_actions>
		<sum_visit_length>5065</sum_visit_length>
		<bounce_count>23</bounce_count>
		<nb_visits_converted>48</nb_visits_converted>
		<nb_conversions>97</nb_conversions>
		<revenue>347104</revenue>
		<goals>
			<row idgoal='1'>
				<nb_conversions>28</nb_conversions>
				<revenue>0</revenue>
				<nb_visits_converted>24</nb_visits_converted>
			</row>
			<row idgoal='2'>
				<nb_conversions>26</nb_conversions>
				<revenue>0</revenue>
				<nb_visits_converted>23</nb_visits_converted>
			</row>
			<row idgoal='3'>
				<nb_conversions>0</nb_conversions>
				<revenue>0</revenue>
				<nb_visits_converted>0</nb_visits_converted>
			</row>
			<row idgoal='4'>
				<nb_conversions>0</nb_conversions>
				<revenue>0</revenue>
				<nb_visits_converted>0</nb_visits_converted>
			</row>
			<row idgoal='5'>
				<nb_conversions>0</nb_conversions>
				<revenue>0</revenue>
				<nb_visits_converted>0</nb_visits_converted>
			</row>
			<row idgoal='ecommerceOrder'>
				<nb_conversions>43</nb_conversions>
				<revenue>347104</revenue>
				<items>244</items>
			</row>
		</goals>
		<sum_daily_nb_uniq_visitors>90</sum_daily_nb_uniq_visitors>
		<segment>referrerType==website</segment>
		<referrer_type>3</referrer_type>
		<subtable>
			<row>
				<label>divebums.com</label>
				<nb_visits>13</nb_visits>
				<nb_actions>60</nb_actions>
				<sum_visit_length>1410</sum_visit_length>
				<bounce_count>2</bounce_count>
				<nb_visits_converted>8</nb_visits_converted>
				<nb_conversions>14</nb_conversions>
				<revenue>28906</revenue>
				<goals>
					<row idgoal='1'>
						<nb_conversions>3</nb_conversions>
						<revenue>0</revenue>
						<nb_visits_converted>3</nb_visits_converted>
					</row>
					<row idgoal='2'>
						<nb_conversions>6</nb_conversions>
						<revenue>0</revenue>
						<nb_visits_converted>5</nb_visits_converted>
					</row>
					<row idgoal='3'>
						<nb_conversions>0</nb_conversions>
						<revenue>0</revenue>
						<nb_visits_converted>0</nb_visits_converted>
					</row>
					<row idgoal='4'>
						<nb_conversions>0</nb_conversions>
						<revenue>0</revenue>
						<nb_visits_converted>0</nb_visits_converted>
					</row>
					<row idgoal='5'>
						<nb_conversions>0</nb_conversions>
						<revenue>0</revenue>
						<nb_visits_converted>0</nb_visits_converted>
					</row>
					<row idgoal='ecommerceOrder'>
						<nb_conversions>5</nb_conversions>
						<revenue>28906</revenue>
						<items>17</items>
					</row>
				</goals>
				<sum_daily_nb_uniq_visitors>12</sum_daily_nb_uniq_visitors>
			</row>
			<row>
				<label>divein.com</label>
				<nb_visits>16</nb_visits>
				<nb_actions>62</nb_actions>
				<sum_visit_length>792</sum_visit_length>
				<bounce_count>3</bounce_count>
				<nb_visits_converted>9</nb_visits_converted>
				<nb_conversions>15</nb_conversions>
				<revenue>51614</revenue>
				<goals>
					<row idgoal='1'>
						<nb_conversions>4</nb_conversions>
						<revenue>0</revenue>
						<nb_visits_converted>4</nb_visits_converted>
					</row>
					<row idgoal='2'>
						<nb_conversions>6</nb_conversions>
						<revenue>0</revenue>
						<nb_visits_converted>6</nb_visits_converted>
					</row>
					<row idgoal='3'>
						<nb_conversions>0</nb_conversions>
						<revenue>0</revenue>
						<nb_visits_converted>0</nb_visits_converted>
					</row>
					<row idgoal='4'>
						<nb_conversions>0</nb_conversions>
						<revenue>0</revenue>
						<nb_visits_converted>0</nb_visits_converted>
					</row>
					<row idgoal='5'>
						<nb_conversions>0</nb_conversions>
						<revenue>0</revenue>
						<nb_visits_converted>0</nb_visits_converted>
					</row>
					<row idgoal='ecommerceOrder'>
						<nb_conversions>5</nb_conversions>
						<revenue>51614</revenue>
						<items>34</items>
					</row>
				</goals>
				<sum_daily_nb_uniq_visitors>12</sum_daily_nb_uniq_visitors>
			</row>
			<row>
				<label>emperordivers.com</label>
				<nb_visits>20</nb_visits>
				<nb_actions>81</nb_actions>
				<sum_visit_length>573</sum_visit_length>
				<bounce_count>4</bounce_count>
				<nb_visits_converted>9</nb_visits_converted>
				<nb_conversions>19</nb_conversions>
				<revenue>63238</revenue>
				<goals>
					<row idgoal='1'>
						<nb_conversions>8</nb_conversions>
						<revenue>0</revenue>
						<nb_visits_converted>6</nb_visits_converted>
					</row>
					<row idgoal='2'>
						<nb_conversions>2</nb_conversions>
						<revenue>0</revenue>
						<nb_visits_converted>1</nb_visits_converted>
					</row>
					<row idgoal='3'>
						<nb_conversions>0</nb_conversions>
						<revenue>0</revenue>
						<nb_visits_converted>0</nb_visits_converted>
					</row>
					<row idgoal='4'>
						<nb_conversions>0</nb_conversions>
						<revenue>0</revenue>
						<nb_visits_converted>0</nb_visits_converted>
					</row>
					<row idgoal='5'>
						<nb_conversions>0</nb_conversions>
						<revenue>0</revenue>
						<nb_visits_converted>0</nb_visits_converted>
					</row>
					<row idgoal='ecommerceOrder'>
						<nb_conversions>9</nb_conversions>
						<revenue>63238</revenue>
						<items>45</items>
					</row>
				</goals>
				<sum_daily_nb_uniq_visitors>17</sum_daily_nb_uniq_visitors>
			</row>
			<row>
				<label>google.com</label>
				<nb_visits>36</nb_visits>
				<nb_actions>126</nb_actions>
				<sum_visit_length>898</sum_visit_length>
				<bounce_count>9</bounce_count>
				<nb_visits_converted>12</nb_visits_converted>
				<nb_conversions>26</nb_conversions>
				<revenue>110132</revenue>
				<goals>
					<row idgoal='1'>
						<nb_conversions>7</nb_conversions>
						<revenue>0</revenue>
						<nb_visits_converted>6</nb_visits_converted>
					</row>
					<row idgoal='2'>
						<nb_conversions>6</nb_conversions>
						<revenue>0</revenue>
						<nb_visits_converted>6</nb_visits_converted>
					</row>
					<row idgoal='3'>
						<nb_conversions>0</nb_conversions>
						<revenue>0</revenue>
						<nb_visits_converted>0</nb_visits_converted>
					</row>
					<row idgoal='4'>
						<nb_conversions>0</nb_conversions>
						<revenue>0</revenue>
						<nb_visits_converted>0</nb_visits_converted>
					</row>
					<row idgoal='5'>
						<nb_conversions>0</nb_conversions>
						<revenue>0</revenue>
						<nb_visits_converted>0</nb_visits_converted>
					</row>
					<row idgoal='ecommerceOrder'>
						<nb_conversions>13</nb_conversions>
						<revenue>110132</revenue>
						<items>96</items>
					</row>
				</goals>
				<sum_daily_nb_uniq_visitors>23</sum_daily_nb_uniq_visitors>
			</row>
			<row>
				<label>oahuscubadiving.com</label>
				<nb_visits>5</nb_visits>
				<nb_actions>18</nb_actions>
				<sum_visit_length>177</sum_visit_length>
				<bounce_count>0</bounce_count>
				<nb_visits_converted>2</nb_visits_converted>
				<nb_conversions>4</nb_conversions>
				<revenue>17958</revenue>
				<goals>
					<row idgoal='1'>
						<nb_conversions>1</nb_conversions>
						<revenue>0</revenue>
						<nb_visits_converted>1</nb_visits_converted>
					</row>
					<row idgoal='2'>
						<nb_conversions>1</nb_conversions>
						<revenue>0</revenue>
						<nb_visits_converted>1</nb_visits_converted>
					</row>
					<row idgoal='3'>
						<nb_conversions>0</nb_conversions>
						<revenue>0</revenue>
						<nb_visits_converted>0</nb_visits_converted>
					</row>
					<row idgoal='4'>
						<nb_conversions>0</nb_conversions>
						<revenue>0</revenue>
						<nb_visits_converted>0</nb_visits_converted>
					</row>
					<row idgoal='5'>
						<nb_conversions>0</nb_conversions>
						<revenue>0</revenue>
						<nb_visits_converted>0</nb_visits_converted>
					</row>
					<row idgoal='ecommerceOrder'>
						<nb_conversions>2</nb_conversions>
						<revenue>17958</revenue>
						<items>11</items>
					</row>
				</goals>
				<sum_daily_nb_uniq_visitors>2</sum_daily_nb_uniq_visitors>
			</row>
			<row>
				<label>scubadiverlife.com</label>
				<nb_visits>27</nb_visits>
				<nb_actions>103</nb_actions>
				<sum_visit_length>1215</sum_visit_length>
				<bounce_count>5</bounce_count>
				<nb_visits_converted>8</nb_visits_converted>
				<nb_conversions>19</nb_conversions>
				<revenue>75256</revenue>
				<goals>
					<row idgoal='1'>
						<nb_conversions>5</nb_conversions>
						<revenue>0</revenue>
						<nb_visits_converted>4</nb_visits_converted>
					</row>
					<row idgoal='2'>
						<nb_conversions>5</nb_conversions>
						<revenue>0</revenue>
						<nb_visits_converted>4</nb_visits_converted>
					</row>
					<row idgoal='3'>
						<nb_conversions>0</nb_conversions>
						<revenue>0</revenue>
						<nb_visits_converted>0</nb_visits_converted>
					</row>
					<row idgoal='4'>
						<nb_conversions>0</nb_conversions>
						<revenue>0</revenue>
						<nb_visits_converted>0</nb_visits_converted>
					</row>
					<row idgoal='5'>
						<nb_conversions>0</nb_conversions>
						<revenue>0</revenue>
						<nb_visits_converted>0</nb_visits_converted>
					</row>
					<row idgoal='ecommerceOrder'>
						<nb_conversions>9</nb_conversions>
						<revenue>75256</revenue>
						<items>41</items>
					</row>
				</goals>
				<sum_daily_nb_uniq_visitors>24</sum_daily_nb_uniq_visitors>
			</row>
		</subtable>
	</row>
	<row>
		<label>Social Networks</label>
		<nb_visits>79</nb_visits>
		<nb_actions>313</nb_actions>
		<sum_visit_length>2933</sum_visit_length>
		<bounce_count>19</bounce_count>
		<nb_visits_converted>23</nb_visits_converted>
		<nb_conversions>58</nb_conversions>
		<revenue>270846</revenue>
		<goals>
			<row idgoal='1'>
				<nb_conversions>14</nb_conversions>
				<revenue>0</revenue>
				<nb_visits_converted>11</nb_visits_converted>
			</row>
			<row idgoal='2'>
				<nb_conversions>11</nb_conversions>
				<revenue>0</revenue>
				<nb_visits_converted>9</nb_visits_converted>
			</row>
			<row idgoal='3'>
				<nb_conversions>0</nb_conversions>
				<revenue>0</revenue>
				<nb_visits_converted>0</nb_visits_converted>
			</row>
			<row idgoal='4'>
				<nb_conversions>0</nb_conversions>
				<revenue>0</revenue>
				<nb_visits_converted>0</nb_visits_converted>
			</row>
			<row idgoal='5'>
				<nb_conversions>0</nb_conversions>
				<revenue>0</revenue>
				<nb_visits_converted>0</nb_visits_converted>
			</row>
			<row idgoal='ecommerceOrder'>
				<nb_conversions>33</nb_conversions>
				<revenue>270846</revenue>
				<items>180</items>
			</row>
		</goals>
		<sum_daily_nb_uniq_visitors>64</sum_daily_nb_uniq_visitors>
		<segment>referrerType==social</segment>
		<referrer_type>7</referrer_type>
		<subtable>
			<row>
				<label>Facebook</label>
				<nb_visits>21</nb_visits>
				<nb_actions>59</nb_actions>
				<sum_visit_length>20</sum_visit_length>
				<bounce_count>8</bounce_count>
				<nb_visits_converted>5</nb_visits_converted>
				<nb_conversions>12</nb_conversions>
				<revenue>51896</revenue>
				<goals>
					<row idgoal='1'>
						<nb_conversions>2</nb_conversions>
						<revenue>0</revenue>
						<nb_visits_converted>2</nb_visits_converted>
					</row>
					<row idgoal='2'>
						<nb_conversions>3</nb_conversions>
						<revenue>0</revenue>
						<nb_visits_converted>3</nb_visits_converted>
					</row>
					<row idgoal='3'>
						<nb_conversions>0</nb_conversions>
						<revenue>0</revenue>
						<nb_visits_converted>0</nb_visits_converted>
					</row>
					<row idgoal='4'>
						<nb_conversions>0</nb_conversions>
						<revenue>0</revenue>
						<nb_visits_converted>0</nb_visits_converted>
					</row>
					<row idgoal='5'>
						<nb_conversions>0</nb_conversions>
						<revenue>0</revenue>
						<nb_visits_converted>0</nb_visits_converted>
					</row>
					<row idgoal='ecommerceOrder'>
						<nb_conversions>7</nb_conversions>
						<revenue>51896</revenue>
						<items>39</items>
					</row>
				</goals>
				<sum_daily_nb_uniq_visitors>17</sum_daily_nb_uniq_visitors>
				<url>facebook.com</url>
				<logo>plugins/Morpheus/icons/dist/socials/facebook.com.png</logo>
			</row>
			<row>
				<label>reddit</label>
				<nb_visits>36</nb_visits>
				<nb_actions>135</nb_actions>
				<sum_visit_length>1653</sum_visit_length>
				<bounce_count>8</bounce_count>
				<nb_visits_converted>13</nb_visits_converted>
				<nb_conversions>24</nb_conversions>
				<revenue>81601</revenue>
				<goals>
					<row idgoal='1'>
						<nb_conversions>7</nb_conversions>
						<revenue>0</revenue>
						<nb_visits_converted>5</nb_visits_converted>
					</row>
					<row idgoal='2'>
						<nb_conversions>7</nb_conversions>
						<revenue>0</revenue>
						<nb_visits_converted>6</nb_visits_converted>
					</row>
					<row idgoal='3'>
						<nb_conversions>0</nb_conversions>
						<revenue>0</revenue>
						<nb_visits_converted>0</nb_visits_converted>
					</row>
					<row idgoal='4'>
						<nb_conversions>0</nb_conversions>
						<revenue>0</revenue>
						<nb_visits_converted>0</nb_visits_converted>
					</row>
					<row idgoal='5'>
						<nb_conversions>0</nb_conversions>
						<revenue>0</revenue>
						<nb_visits_converted>0</nb_visits_converted>
					</row>
					<row idgoal='ecommerceOrder'>
						<nb_conversions>10</nb_conversions>
						<revenue>81601</revenue>
						<items>54</items>
					</row>
				</goals>
				<sum_daily_nb_uniq_visitors>30</sum_daily_nb_uniq_visitors>
				<url>reddit.com</url>
				<logo>plugins/Morpheus/icons/dist/socials/reddit.com.png</logo>
			</row>
			<row>
				<label>Twitter</label>
				<nb_visits>22</nb_visits>
				<nb_actions>119</nb_actions>
				<sum_visit_length>1260</sum_visit_length>
				<bounce_count>3</bounce_count>
				<nb_visits_converted>5</nb_visits_converted>
				<nb_conversions>22</nb_conversions>
				<revenue>137349</revenue>
				<goals>
					<row idgoal='1'>
						<nb_conversions>5</nb_conversions>
						<revenue>0</revenue>
						<nb_visits_converted>4</nb_visits_converted>
					</row>
					<row idgoal='2'>
						<nb_conversions>1</nb_conversions>
						<revenue>0</revenue>
						<nb_visits_converted>0</nb_visits_converted>
					</row>
					<row idgoal='3'>
						<nb_conversions>0</nb_conversions>
						<revenue>0</revenue>
						<nb_visits_converted>0</nb_visits_converted>
					</row>
					<row idgoal='4'>
						<nb_conversions>0</nb_conversions>
						<revenue>0</revenue>
						<nb_visits_converted>0</nb_visits_converted>
					</row>
					<row idgoal='5'>
						<nb_conversions>0</nb_conversions>
						<revenue>0</revenue>
						<nb_visits_converted>0</nb_visits_converted>
					</row>
					<row idgoal='ecommerceOrder'>
						<nb_conversions>16</nb_conversions>
						<revenue>137349</revenue>
						<items>87</items>
					</row>
				</goals>
				<sum_daily_nb_uniq_visitors>17</sum_daily_nb_uniq_visitors>
				<url>twitter.com</url>
				<logo>plugins/Morpheus/icons/dist/socials/twitter.com.png</logo>
			</row>
		</subtable>
	</row>
	<row>
		<label>Direct Entry</label>
		<nb_visits>32</nb_visits>
		<nb_actions>53</nb_actions>
		<sum_visit_length>101</sum_visit_length>
		<bounce_count>17</bounce_count>
		<nb_visits_converted>3</nb_visits_converted>
		<nb_conversions>4</nb_conversions>
		<revenue>4786</revenue>
		<goals>
			<row idgoal='1'>
				<nb_conversions>1</nb_conversions>
				<revenue>0</revenue>
				<nb_visits_converted>1</nb_visits_converted>
			</row>
			<row idgoal='2'>
				<nb_conversions>2</nb_conversions>
				<revenue>0</revenue>
				<nb_visits_converted>2</nb_visits_converted>
			</row>
			<row idgoal='3'>
				<nb_conversions>0</nb_conversions>
				<revenue>0</revenue>
				<nb_visits_converted>0</nb_visits_converted>
			</row>
			<row idgoal='4'>
				<nb_conversions>0</nb_conversions>
				<revenue>0</revenue>
				<nb_visits_converted>0</nb_visits_converted>
			</row>
			<row idgoal='5'>
				<nb_conversions>0</nb_conversions>
				<revenue>0</revenue>
				<nb_visits_converted>0</nb_visits_converted>
			</row>
			<row idgoal='ecommerceOrder'>
				<nb_conversions>1</nb_conversions>
				<revenue>4786</revenue>
				<items>0</items>
			</row>
		</goals>
		<sum_daily_nb_uniq_visitors>31</sum_daily_nb_uniq_visitors>
		<segment>referrerType==direct</segment>
		<referrer_type>1</referrer_type>
	</row>
	<row>
		<label>Search Engines</label>
		<nb_visits>24</nb_visits>
		<nb_actions>34</nb_actions>
		<sum_visit_length>5413</sum_visit_length>
		<bounce_count>16</bounce_count>
		<nb_visits_converted>1</nb_visits_converted>
		<nb_conversions>3</nb_conversions>
		<revenue>0</revenue>
		<goals>
			<row idgoal='1'>
				<nb_conversions>0</nb_conversions>
				<revenue>0</revenue>
				<nb_visits_converted>0</nb_visits_converted>
			</row>
			<row idgoal='2'>
				<nb_conversions>0</nb_conversions>
				<revenue>0</revenue>
				<nb_visits_converted>0</nb_visits_converted>
			</row>
			<row idgoal='3'>
				<nb_conversions>3</nb_conversions>
				<revenue>0</revenue>
				<nb_visits_converted>1</nb_visits_converted>
			</row>
			<row idgoal='4'>
				<nb_conversions>0</nb_conversions>
				<revenue>0</revenue>
				<nb_visits_converted>0</nb_visits_converted>
			</row>
			<row idgoal='5'>
				<nb_conversions>0</nb_conversions>
				<revenue>0</revenue>
				<nb_visits_converted>0</nb_visits_converted>
			</row>
			<row idgoal='ecommerceOrder'>
				<nb_conversions>0</nb_conversions>
				<revenue>0</revenue>
				<items>0</items>
			</row>
		</goals>
		<sum_daily_nb_uniq_visitors>24</sum_daily_nb_uniq_visitors>
		<segment>referrerType==search</segment>
		<referrer_type>2</referrer_type>
		<subtable>
			<row>
				<label>(not provided)</label>
				<nb_visits>24</nb_visits>
				<nb_actions>34</nb_actions>
				<sum_visit_length>5413</sum_visit_length>
				<bounce_count>16</bounce_count>
				<nb_visits_converted>1</nb_visits_converted>
				<nb_conversions>3</nb_conversions>
				<revenue>0</revenue>
				<goals>
					<row idgoal='1'>
						<nb_conversions>0</nb_conversions>
						<revenue>0</revenue>
						<nb_visits_converted>0</nb_visits_converted>
					</row>
					<row idgoal='2'>
						<nb_conversions>0</nb_conversions>
						<revenue>0</revenue>
						<nb_visits_converted>0</nb_visits_converted>
					</row>
					<row idgoal='3'>
						<nb_conversions>3</nb_conversions>
						<revenue>0</revenue>
						<nb_visits_converted>1</nb_visits_converted>
					</row>
					<row idgoal='4'>
						<nb_conversions>0</nb_conversions>
						<revenue>0</revenue>
						<nb_visits_converted>0</nb_visits_converted>
					</row>
					<row idgoal='5'>
						<nb_conversions>0</nb_conversions>
						<revenue>0</revenue>
						<nb_visits_converted>0</nb_visits_converted>
					</row>
					<row idgoal='ecommerceOrder'>
						<nb_conversions>0</nb_conversions>
						<revenue>0</revenue>
						<items>0</items>
					</row>
				</goals>
				<sum_daily_nb_uniq_visitors>24</sum_daily_nb_uniq_visitors>
			</row>
		</subtable>
	</row>
</result>