<?xml version="1.0" encoding="utf-8" ?>
<result>
	<nb_uniq_visitors>0</nb_uniq_visitors>
	<nb_users>0</nb_users>
	<nb_visits>448</nb_visits>
	<nb_actions>1649</nb_actions>
	<nb_visits_converted>109</nb_visits_converted>
	<bounce_count>111</bounce_count>
	<sum_visit_length>19824</sum_visit_length>
	<max_actions>0</max_actions>
	<bounce_rate>25%</bounce_rate>
	<nb_actions_per_visit>3.7</nb_actions_per_visit>
	<avg_time_on_site>44</avg_time_on_site>
</result>