<?xml version="1.0" encoding="utf-8" ?>
<result>
	<row>
		<label>rogue</label>
		<nb_visits>91</nb_visits>
		<nb_actions>330</nb_actions>
		<sum_visit_length>2821</sum_visit_length>
		<bounce_count>22</bounce_count>
		<nb_visits_converted>34</nb_visits_converted>
		<nb_conversions>68</nb_conversions>
		<revenue>257429</revenue>
		<goals>
			<row idgoal='1'>
				<nb_conversions>22</nb_conversions>
				<revenue>0</revenue>
				<nb_visits_converted>21</nb_visits_converted>
			</row>
			<row idgoal='2'>
				<nb_conversions>13</nb_conversions>
				<revenue>0</revenue>
				<nb_visits_converted>13</nb_visits_converted>
			</row>
			<row idgoal='3'>
				<nb_conversions>0</nb_conversions>
				<revenue>0</revenue>
				<nb_visits_converted>0</nb_visits_converted>
			</row>
			<row idgoal='4'>
				<nb_conversions>0</nb_conversions>
				<revenue>0</revenue>
				<nb_visits_converted>0</nb_visits_converted>
			</row>
			<row idgoal='5'>
				<nb_conversions>0</nb_conversions>
				<revenue>0</revenue>
				<nb_visits_converted>0</nb_visits_converted>
			</row>
			<row idgoal='ecommerceOrder'>
				<nb_conversions>33</nb_conversions>
				<revenue>257429</revenue>
				<items>203</items>
			</row>
		</goals>
		<sum_daily_nb_uniq_visitors>58</sum_daily_nb_uniq_visitors>
		<avg_bandwidth>0</avg_bandwidth>
		<avg_time_on_site>31</avg_time_on_site>
		<bounce_rate>24%</bounce_rate>
		<nb_actions_per_visit>3.6</nb_actions_per_visit>
		<segment>dimension4==rogue</segment>
	</row>
	<row>
		<label>warrior</label>
		<nb_visits>91</nb_visits>
		<nb_actions>311</nb_actions>
		<sum_visit_length>2139</sum_visit_length>
		<bounce_count>23</bounce_count>
		<nb_visits_converted>37</nb_visits_converted>
		<nb_conversions>69</nb_conversions>
		<revenue>211346</revenue>
		<goals>
			<row idgoal='1'>
				<nb_conversions>23</nb_conversions>
				<revenue>0</revenue>
				<nb_visits_converted>21</nb_visits_converted>
			</row>
			<row idgoal='2'>
				<nb_conversions>15</nb_conversions>
				<revenue>0</revenue>
				<nb_visits_converted>13</nb_visits_converted>
			</row>
			<row idgoal='3'>
				<nb_conversions>0</nb_conversions>
				<revenue>0</revenue>
				<nb_visits_converted>0</nb_visits_converted>
			</row>
			<row idgoal='4'>
				<nb_conversions>0</nb_conversions>
				<revenue>0</revenue>
				<nb_visits_converted>0</nb_visits_converted>
			</row>
			<row idgoal='5'>
				<nb_conversions>0</nb_conversions>
				<revenue>0</revenue>
				<nb_visits_converted>0</nb_visits_converted>
			</row>
			<row idgoal='ecommerceOrder'>
				<nb_conversions>31</nb_conversions>
				<revenue>211346</revenue>
				<items>162</items>
			</row>
		</goals>
		<sum_daily_nb_uniq_visitors>63</sum_daily_nb_uniq_visitors>
		<avg_bandwidth>0</avg_bandwidth>
		<avg_time_on_site>24</avg_time_on_site>
		<bounce_rate>25%</bounce_rate>
		<nb_actions_per_visit>3.4</nb_actions_per_visit>
		<segment>dimension4==warrior</segment>
	</row>
	<row>
		<label>paladin</label>
		<nb_visits>90</nb_visits>
		<nb_actions>373</nb_actions>
		<sum_visit_length>6856</sum_visit_length>
		<bounce_count>9</bounce_count>
		<nb_visits_converted>43</nb_visits_converted>
		<nb_conversions>84</nb_conversions>
		<revenue>325460</revenue>
		<goals>
			<row idgoal='1'>
				<nb_conversions>24</nb_conversions>
				<revenue>0</revenue>
				<nb_visits_converted>23</nb_visits_converted>
			</row>
			<row idgoal='2'>
				<nb_conversions>19</nb_conversions>
				<revenue>0</revenue>
				<nb_visits_converted>18</nb_visits_converted>
			</row>
			<row idgoal='3'>
				<nb_conversions>1</nb_conversions>
				<revenue>0</revenue>
				<nb_visits_converted>1</nb_visits_converted>
			</row>
			<row idgoal='4'>
				<nb_conversions>0</nb_conversions>
				<revenue>0</revenue>
				<nb_visits_converted>0</nb_visits_converted>
			</row>
			<row idgoal='5'>
				<nb_conversions>0</nb_conversions>
				<revenue>0</revenue>
				<nb_visits_converted>0</nb_visits_converted>
			</row>
			<row idgoal='ecommerceOrder'>
				<nb_conversions>40</nb_conversions>
				<revenue>325460</revenue>
				<items>231</items>
			</row>
		</goals>
		<sum_daily_nb_uniq_visitors>56</sum_daily_nb_uniq_visitors>
		<avg_bandwidth>0</avg_bandwidth>
		<avg_time_on_site>76</avg_time_on_site>
		<bounce_rate>10%</bounce_rate>
		<nb_actions_per_visit>4.1</nb_actions_per_visit>
		<segment>dimension4==paladin</segment>
	</row>
	<row>
		<label>priest</label>
		<nb_visits>83</nb_visits>
		<nb_actions>288</nb_actions>
		<sum_visit_length>4802</sum_visit_length>
		<bounce_count>13</bounce_count>
		<nb_visits_converted>35</nb_visits_converted>
		<nb_conversions>64</nb_conversions>
		<revenue>204852</revenue>
		<goals>
			<row idgoal='1'>
				<nb_conversions>14</nb_conversions>
				<revenue>0</revenue>
				<nb_visits_converted>13</nb_visits_converted>
			</row>
			<row idgoal='2'>
				<nb_conversions>21</nb_conversions>
				<revenue>0</revenue>
				<nb_visits_converted>20</nb_visits_converted>
			</row>
			<row idgoal='3'>
				<nb_conversions>2</nb_conversions>
				<revenue>0</revenue>
				<nb_visits_converted>1</nb_visits_converted>
			</row>
			<row idgoal='4'>
				<nb_conversions>0</nb_conversions>
				<revenue>0</revenue>
				<nb_visits_converted>0</nb_visits_converted>
			</row>
			<row idgoal='5'>
				<nb_conversions>0</nb_conversions>
				<revenue>0</revenue>
				<nb_visits_converted>0</nb_visits_converted>
			</row>
			<row idgoal='ecommerceOrder'>
				<nb_conversions>27</nb_conversions>
				<revenue>204852</revenue>
				<items>144</items>
			</row>
		</goals>
		<sum_daily_nb_uniq_visitors>58</sum_daily_nb_uniq_visitors>
		<avg_bandwidth>0</avg_bandwidth>
		<avg_time_on_site>58</avg_time_on_site>
		<bounce_rate>16%</bounce_rate>
		<nb_actions_per_visit>3.5</nb_actions_per_visit>
		<segment>dimension4==priest</segment>
	</row>
	<row>
		<label>ranger</label>
		<nb_visits>76</nb_visits>
		<nb_actions>248</nb_actions>
		<sum_visit_length>1673</sum_visit_length>
		<bounce_count>18</bounce_count>
		<nb_visits_converted>24</nb_visits_converted>
		<nb_conversions>49</nb_conversions>
		<revenue>153197</revenue>
		<goals>
			<row idgoal='1'>
				<nb_conversions>10</nb_conversions>
				<revenue>0</revenue>
				<nb_visits_converted>10</nb_visits_converted>
			</row>
			<row idgoal='2'>
				<nb_conversions>15</nb_conversions>
				<revenue>0</revenue>
				<nb_visits_converted>14</nb_visits_converted>
			</row>
			<row idgoal='3'>
				<nb_conversions>0</nb_conversions>
				<revenue>0</revenue>
				<nb_visits_converted>0</nb_visits_converted>
			</row>
			<row idgoal='4'>
				<nb_conversions>0</nb_conversions>
				<revenue>0</revenue>
				<nb_visits_converted>0</nb_visits_converted>
			</row>
			<row idgoal='5'>
				<nb_conversions>0</nb_conversions>
				<revenue>0</revenue>
				<nb_visits_converted>0</nb_visits_converted>
			</row>
			<row idgoal='ecommerceOrder'>
				<nb_conversions>24</nb_conversions>
				<revenue>153197</revenue>
				<items>115</items>
			</row>
		</goals>
		<sum_daily_nb_uniq_visitors>51</sum_daily_nb_uniq_visitors>
		<avg_bandwidth>0</avg_bandwidth>
		<avg_time_on_site>22</avg_time_on_site>
		<bounce_rate>24%</bounce_rate>
		<nb_actions_per_visit>3.3</nb_actions_per_visit>
		<segment>dimension4==ranger</segment>
	</row>
</result>