<?xml version="1.0" encoding="utf-8" ?>
<result>
	<row>
		<label>google.com</label>
		<nb_uniq_visitors>23</nb_uniq_visitors>
		<nb_visits>36</nb_visits>
		<nb_actions>126</nb_actions>
		<sum_visit_length>898</sum_visit_length>
		<bounce_count>9</bounce_count>
		<nb_visits_converted>12</nb_visits_converted>
		<nb_conversions>26</nb_conversions>
		<revenue>110132</revenue>
		<goals>
			<row idgoal='1'>
				<nb_conversions>7</nb_conversions>
				<revenue>0</revenue>
				<nb_visits_converted>6</nb_visits_converted>
			</row>
			<row idgoal='2'>
				<nb_conversions>6</nb_conversions>
				<revenue>0</revenue>
				<nb_visits_converted>6</nb_visits_converted>
			</row>
			<row idgoal='3'>
				<nb_conversions>0</nb_conversions>
				<revenue>0</revenue>
				<nb_visits_converted>0</nb_visits_converted>
			</row>
			<row idgoal='4'>
				<nb_conversions>0</nb_conversions>
				<revenue>0</revenue>
				<nb_visits_converted>0</nb_visits_converted>
			</row>
			<row idgoal='5'>
				<nb_conversions>0</nb_conversions>
				<revenue>0</revenue>
				<nb_visits_converted>0</nb_visits_converted>
			</row>
			<row idgoal='ecommerceOrder'>
				<nb_conversions>13</nb_conversions>
				<revenue>110132</revenue>
				<items>96</items>
			</row>
		</goals>
		<segment>referrerName==google.com</segment>
		<subtable>
			<row>
				<label>http://google.com/search</label>
				<nb_uniq_visitors>23</nb_uniq_visitors>
				<nb_visits>36</nb_visits>
				<nb_actions>126</nb_actions>
				<sum_visit_length>898</sum_visit_length>
				<bounce_count>9</bounce_count>
				<nb_visits_converted>12</nb_visits_converted>
				<nb_conversions>26</nb_conversions>
				<revenue>110132</revenue>
				<goals>
					<row idgoal='1'>
						<nb_conversions>7</nb_conversions>
						<revenue>0</revenue>
						<nb_visits_converted>6</nb_visits_converted>
					</row>
					<row idgoal='2'>
						<nb_conversions>6</nb_conversions>
						<revenue>0</revenue>
						<nb_visits_converted>6</nb_visits_converted>
					</row>
					<row idgoal='3'>
						<nb_conversions>0</nb_conversions>
						<revenue>0</revenue>
						<nb_visits_converted>0</nb_visits_converted>
					</row>
					<row idgoal='4'>
						<nb_conversions>0</nb_conversions>
						<revenue>0</revenue>
						<nb_visits_converted>0</nb_visits_converted>
					</row>
					<row idgoal='5'>
						<nb_conversions>0</nb_conversions>
						<revenue>0</revenue>
						<nb_visits_converted>0</nb_visits_converted>
					</row>
					<row idgoal='ecommerceOrder'>
						<nb_conversions>13</nb_conversions>
						<revenue>110132</revenue>
						<items>96</items>
					</row>
				</goals>
			</row>
		</subtable>
	</row>
	<row>
		<label>scubadiverlife.com</label>
		<nb_uniq_visitors>19</nb_uniq_visitors>
		<nb_visits>21</nb_visits>
		<nb_actions>72</nb_actions>
		<sum_visit_length>1168</sum_visit_length>
		<bounce_count>5</bounce_count>
		<nb_visits_converted>8</nb_visits_converted>
		<nb_conversions>16</nb_conversions>
		<revenue>54721</revenue>
		<goals>
			<row idgoal='1'>
				<nb_conversions>5</nb_conversions>
				<revenue>0</revenue>
				<nb_visits_converted>4</nb_visits_converted>
			</row>
			<row idgoal='2'>
				<nb_conversions>5</nb_conversions>
				<revenue>0</revenue>
				<nb_visits_converted>4</nb_visits_converted>
			</row>
			<row idgoal='3'>
				<nb_conversions>0</nb_conversions>
				<revenue>0</revenue>
				<nb_visits_converted>0</nb_visits_converted>
			</row>
			<row idgoal='4'>
				<nb_conversions>0</nb_conversions>
				<revenue>0</revenue>
				<nb_visits_converted>0</nb_visits_converted>
			</row>
			<row idgoal='5'>
				<nb_conversions>0</nb_conversions>
				<revenue>0</revenue>
				<nb_visits_converted>0</nb_visits_converted>
			</row>
			<row idgoal='ecommerceOrder'>
				<nb_conversions>6</nb_conversions>
				<revenue>54721</revenue>
				<items>41</items>
			</row>
		</goals>
		<segment>referrerName==scubadiverlife.com</segment>
		<subtable>
			<row>
				<label>http://scubadiverlife.com/gear-category/bcd</label>
				<nb_uniq_visitors>8</nb_uniq_visitors>
				<nb_visits>9</nb_visits>
				<nb_actions>25</nb_actions>
				<sum_visit_length>460</sum_visit_length>
				<bounce_count>3</bounce_count>
				<nb_visits_converted>1</nb_visits_converted>
				<nb_conversions>4</nb_conversions>
				<revenue>6140</revenue>
				<goals>
					<row idgoal='1'>
						<nb_conversions>1</nb_conversions>
						<revenue>0</revenue>
						<nb_visits_converted>0</nb_visits_converted>
					</row>
					<row idgoal='2'>
						<nb_conversions>1</nb_conversions>
						<revenue>0</revenue>
						<nb_visits_converted>0</nb_visits_converted>
					</row>
					<row idgoal='3'>
						<nb_conversions>0</nb_conversions>
						<revenue>0</revenue>
						<nb_visits_converted>0</nb_visits_converted>
					</row>
					<row idgoal='4'>
						<nb_conversions>0</nb_conversions>
						<revenue>0</revenue>
						<nb_visits_converted>0</nb_visits_converted>
					</row>
					<row idgoal='5'>
						<nb_conversions>0</nb_conversions>
						<revenue>0</revenue>
						<nb_visits_converted>0</nb_visits_converted>
					</row>
					<row idgoal='ecommerceOrder'>
						<nb_conversions>2</nb_conversions>
						<revenue>6140</revenue>
						<items>7</items>
					</row>
				</goals>
			</row>
			<row>
				<label>http://scubadiverlife.com/gear-category/exposure-suit</label>
				<nb_uniq_visitors>6</nb_uniq_visitors>
				<nb_visits>6</nb_visits>
				<nb_actions>24</nb_actions>
				<sum_visit_length>531</sum_visit_length>
				<bounce_count>0</bounce_count>
				<nb_visits_converted>6</nb_visits_converted>
				<nb_conversions>8</nb_conversions>
				<revenue>16229</revenue>
				<goals>
					<row idgoal='1'>
						<nb_conversions>3</nb_conversions>
						<revenue>0</revenue>
						<nb_visits_converted>3</nb_visits_converted>
					</row>
					<row idgoal='2'>
						<nb_conversions>3</nb_conversions>
						<revenue>0</revenue>
						<nb_visits_converted>3</nb_visits_converted>
					</row>
					<row idgoal='3'>
						<nb_conversions>0</nb_conversions>
						<revenue>0</revenue>
						<nb_visits_converted>0</nb_visits_converted>
					</row>
					<row idgoal='4'>
						<nb_conversions>0</nb_conversions>
						<revenue>0</revenue>
						<nb_visits_converted>0</nb_visits_converted>
					</row>
					<row idgoal='5'>
						<nb_conversions>0</nb_conversions>
						<revenue>0</revenue>
						<nb_visits_converted>0</nb_visits_converted>
					</row>
					<row idgoal='ecommerceOrder'>
						<nb_conversions>2</nb_conversions>
						<revenue>16229</revenue>
						<items>11</items>
					</row>
				</goals>
			</row>
			<row>
				<label>http://scubadiverlife.com/gear-category/fins-reviews-2</label>
				<nb_uniq_visitors>5</nb_uniq_visitors>
				<nb_visits>6</nb_visits>
				<nb_actions>23</nb_actions>
				<sum_visit_length>177</sum_visit_length>
				<bounce_count>2</bounce_count>
				<nb_visits_converted>1</nb_visits_converted>
				<nb_conversions>4</nb_conversions>
				<revenue>32352</revenue>
				<goals>
					<row idgoal='1'>
						<nb_conversions>1</nb_conversions>
						<revenue>0</revenue>
						<nb_visits_converted>1</nb_visits_converted>
					</row>
					<row idgoal='2'>
						<nb_conversions>1</nb_conversions>
						<revenue>0</revenue>
						<nb_visits_converted>1</nb_visits_converted>
					</row>
					<row idgoal='3'>
						<nb_conversions>0</nb_conversions>
						<revenue>0</revenue>
						<nb_visits_converted>0</nb_visits_converted>
					</row>
					<row idgoal='4'>
						<nb_conversions>0</nb_conversions>
						<revenue>0</revenue>
						<nb_visits_converted>0</nb_visits_converted>
					</row>
					<row idgoal='5'>
						<nb_conversions>0</nb_conversions>
						<revenue>0</revenue>
						<nb_visits_converted>0</nb_visits_converted>
					</row>
					<row idgoal='ecommerceOrder'>
						<nb_conversions>2</nb_conversions>
						<revenue>32352</revenue>
						<items>23</items>
					</row>
				</goals>
			</row>
		</subtable>
	</row>
	<row>
		<label>emperordivers.com</label>
		<nb_uniq_visitors>15</nb_uniq_visitors>
		<nb_visits>16</nb_visits>
		<nb_actions>62</nb_actions>
		<sum_visit_length>573</sum_visit_length>
		<bounce_count>3</bounce_count>
		<nb_visits_converted>8</nb_visits_converted>
		<nb_conversions>16</nb_conversions>
		<revenue>50893</revenue>
		<goals>
			<row idgoal='1'>
				<nb_conversions>8</nb_conversions>
				<revenue>0</revenue>
				<nb_visits_converted>6</nb_visits_converted>
			</row>
			<row idgoal='2'>
				<nb_conversions>1</nb_conversions>
				<revenue>0</revenue>
				<nb_visits_converted>0</nb_visits_converted>
			</row>
			<row idgoal='3'>
				<nb_conversions>0</nb_conversions>
				<revenue>0</revenue>
				<nb_visits_converted>0</nb_visits_converted>
			</row>
			<row idgoal='4'>
				<nb_conversions>0</nb_conversions>
				<revenue>0</revenue>
				<nb_visits_converted>0</nb_visits_converted>
			</row>
			<row idgoal='5'>
				<nb_conversions>0</nb_conversions>
				<revenue>0</revenue>
				<nb_visits_converted>0</nb_visits_converted>
			</row>
			<row idgoal='ecommerceOrder'>
				<nb_conversions>7</nb_conversions>
				<revenue>50893</revenue>
				<items>45</items>
			</row>
		</goals>
		<segment>referrerName==emperordivers.com</segment>
		<subtable>
			<row>
				<label>http://emperordivers.com/blog/conservation</label>
				<nb_uniq_visitors>8</nb_uniq_visitors>
				<nb_visits>9</nb_visits>
				<nb_actions>23</nb_actions>
				<sum_visit_length>162</sum_visit_length>
				<bounce_count>2</bounce_count>
				<nb_visits_converted>5</nb_visits_converted>
				<nb_conversions>7</nb_conversions>
				<revenue>14418</revenue>
				<goals>
					<row idgoal='1'>
						<nb_conversions>4</nb_conversions>
						<revenue>0</revenue>
						<nb_visits_converted>3</nb_visits_converted>
					</row>
					<row idgoal='2'>
						<nb_conversions>1</nb_conversions>
						<revenue>0</revenue>
						<nb_visits_converted>0</nb_visits_converted>
					</row>
					<row idgoal='3'>
						<nb_conversions>0</nb_conversions>
						<revenue>0</revenue>
						<nb_visits_converted>0</nb_visits_converted>
					</row>
					<row idgoal='4'>
						<nb_conversions>0</nb_conversions>
						<revenue>0</revenue>
						<nb_visits_converted>0</nb_visits_converted>
					</row>
					<row idgoal='5'>
						<nb_conversions>0</nb_conversions>
						<revenue>0</revenue>
						<nb_visits_converted>0</nb_visits_converted>
					</row>
					<row idgoal='ecommerceOrder'>
						<nb_conversions>2</nb_conversions>
						<revenue>14418</revenue>
						<items>10</items>
					</row>
				</goals>
			</row>
			<row>
				<label>http://emperordivers.com/blog/dive-courses</label>
				<nb_uniq_visitors>7</nb_uniq_visitors>
				<nb_visits>7</nb_visits>
				<nb_actions>39</nb_actions>
				<sum_visit_length>411</sum_visit_length>
				<bounce_count>1</bounce_count>
				<nb_visits_converted>3</nb_visits_converted>
				<nb_conversions>9</nb_conversions>
				<revenue>36475</revenue>
				<goals>
					<row idgoal='1'>
						<nb_conversions>4</nb_conversions>
						<revenue>0</revenue>
						<nb_visits_converted>3</nb_visits_converted>
					</row>
					<row idgoal='2'>
						<nb_conversions>0</nb_conversions>
						<revenue>0</revenue>
						<nb_visits_converted>0</nb_visits_converted>
					</row>
					<row idgoal='3'>
						<nb_conversions>0</nb_conversions>
						<revenue>0</revenue>
						<nb_visits_converted>0</nb_visits_converted>
					</row>
					<row idgoal='4'>
						<nb_conversions>0</nb_conversions>
						<revenue>0</revenue>
						<nb_visits_converted>0</nb_visits_converted>
					</row>
					<row idgoal='5'>
						<nb_conversions>0</nb_conversions>
						<revenue>0</revenue>
						<nb_visits_converted>0</nb_visits_converted>
					</row>
					<row idgoal='ecommerceOrder'>
						<nb_conversions>5</nb_conversions>
						<revenue>36475</revenue>
						<items>35</items>
					</row>
				</goals>
			</row>
		</subtable>
	</row>
	<row>
		<label>divein.com</label>
		<nb_uniq_visitors>10</nb_uniq_visitors>
		<nb_visits>13</nb_visits>
		<nb_actions>55</nb_actions>
		<sum_visit_length>711</sum_visit_length>
		<bounce_count>3</bounce_count>
		<nb_visits_converted>7</nb_visits_converted>
		<nb_conversions>13</nb_conversions>
		<revenue>51614</revenue>
		<goals>
			<row idgoal='1'>
				<nb_conversions>3</nb_conversions>
				<revenue>0</revenue>
				<nb_visits_converted>3</nb_visits_converted>
			</row>
			<row idgoal='2'>
				<nb_conversions>5</nb_conversions>
				<revenue>0</revenue>
				<nb_visits_converted>5</nb_visits_converted>
			</row>
			<row idgoal='3'>
				<nb_conversions>0</nb_conversions>
				<revenue>0</revenue>
				<nb_visits_converted>0</nb_visits_converted>
			</row>
			<row idgoal='4'>
				<nb_conversions>0</nb_conversions>
				<revenue>0</revenue>
				<nb_visits_converted>0</nb_visits_converted>
			</row>
			<row idgoal='5'>
				<nb_conversions>0</nb_conversions>
				<revenue>0</revenue>
				<nb_visits_converted>0</nb_visits_converted>
			</row>
			<row idgoal='ecommerceOrder'>
				<nb_conversions>5</nb_conversions>
				<revenue>51614</revenue>
				<items>34</items>
			</row>
		</goals>
		<segment>referrerName==divein.com</segment>
		<subtable>
			<row>
				<label>http://divein.com/guide/how-to-become-a-padi-dive-instructor</label>
				<nb_uniq_visitors>5</nb_uniq_visitors>
				<nb_visits>7</nb_visits>
				<nb_actions>36</nb_actions>
				<sum_visit_length>606</sum_visit_length>
				<bounce_count>2</bounce_count>
				<nb_visits_converted>4</nb_visits_converted>
				<nb_conversions>8</nb_conversions>
				<revenue>42829</revenue>
				<goals>
					<row idgoal='1'>
						<nb_conversions>3</nb_conversions>
						<revenue>0</revenue>
						<nb_visits_converted>3</nb_visits_converted>
					</row>
					<row idgoal='2'>
						<nb_conversions>2</nb_conversions>
						<revenue>0</revenue>
						<nb_visits_converted>2</nb_visits_converted>
					</row>
					<row idgoal='3'>
						<nb_conversions>0</nb_conversions>
						<revenue>0</revenue>
						<nb_visits_converted>0</nb_visits_converted>
					</row>
					<row idgoal='4'>
						<nb_conversions>0</nb_conversions>
						<revenue>0</revenue>
						<nb_visits_converted>0</nb_visits_converted>
					</row>
					<row idgoal='5'>
						<nb_conversions>0</nb_conversions>
						<revenue>0</revenue>
						<nb_visits_converted>0</nb_visits_converted>
					</row>
					<row idgoal='ecommerceOrder'>
						<nb_conversions>3</nb_conversions>
						<revenue>42829</revenue>
						<items>26</items>
					</row>
				</goals>
			</row>
			<row>
				<label>http://divein.com/guide/going-pro-become-a-dive-master</label>
				<nb_uniq_visitors>5</nb_uniq_visitors>
				<nb_visits>6</nb_visits>
				<nb_actions>19</nb_actions>
				<sum_visit_length>105</sum_visit_length>
				<bounce_count>1</bounce_count>
				<nb_visits_converted>3</nb_visits_converted>
				<nb_conversions>5</nb_conversions>
				<revenue>8785</revenue>
				<goals>
					<row idgoal='1'>
						<nb_conversions>0</nb_conversions>
						<revenue>0</revenue>
						<nb_visits_converted>0</nb_visits_converted>
					</row>
					<row idgoal='2'>
						<nb_conversions>3</nb_conversions>
						<revenue>0</revenue>
						<nb_visits_converted>3</nb_visits_converted>
					</row>
					<row idgoal='3'>
						<nb_conversions>0</nb_conversions>
						<revenue>0</revenue>
						<nb_visits_converted>0</nb_visits_converted>
					</row>
					<row idgoal='4'>
						<nb_conversions>0</nb_conversions>
						<revenue>0</revenue>
						<nb_visits_converted>0</nb_visits_converted>
					</row>
					<row idgoal='5'>
						<nb_conversions>0</nb_conversions>
						<revenue>0</revenue>
						<nb_visits_converted>0</nb_visits_converted>
					</row>
					<row idgoal='ecommerceOrder'>
						<nb_conversions>2</nb_conversions>
						<revenue>8785</revenue>
						<items>8</items>
					</row>
				</goals>
			</row>
		</subtable>
	</row>
	<row>
		<label>divebums.com</label>
		<nb_uniq_visitors>9</nb_uniq_visitors>
		<nb_visits>10</nb_visits>
		<nb_actions>42</nb_actions>
		<sum_visit_length>1410</sum_visit_length>
		<bounce_count>2</bounce_count>
		<nb_visits_converted>8</nb_visits_converted>
		<nb_conversions>12</nb_conversions>
		<revenue>18184</revenue>
		<goals>
			<row idgoal='1'>
				<nb_conversions>3</nb_conversions>
				<revenue>0</revenue>
				<nb_visits_converted>3</nb_visits_converted>
			</row>
			<row idgoal='2'>
				<nb_conversions>6</nb_conversions>
				<revenue>0</revenue>
				<nb_visits_converted>5</nb_visits_converted>
			</row>
			<row idgoal='3'>
				<nb_conversions>0</nb_conversions>
				<revenue>0</revenue>
				<nb_visits_converted>0</nb_visits_converted>
			</row>
			<row idgoal='4'>
				<nb_conversions>0</nb_conversions>
				<revenue>0</revenue>
				<nb_visits_converted>0</nb_visits_converted>
			</row>
			<row idgoal='5'>
				<nb_conversions>0</nb_conversions>
				<revenue>0</revenue>
				<nb_visits_converted>0</nb_visits_converted>
			</row>
			<row idgoal='ecommerceOrder'>
				<nb_conversions>3</nb_conversions>
				<revenue>18184</revenue>
				<items>17</items>
			</row>
		</goals>
		<segment>referrerName==divebums.com</segment>
		<subtable>
			<row>
				<label>http://divebums.com/dive-sites/index.html</label>
				<nb_uniq_visitors>6</nb_uniq_visitors>
				<nb_visits>6</nb_visits>
				<nb_actions>18</nb_actions>
				<sum_visit_length>345</sum_visit_length>
				<bounce_count>2</bounce_count>
				<nb_visits_converted>4</nb_visits_converted>
				<nb_conversions>6</nb_conversions>
				<revenue>12790</revenue>
				<goals>
					<row idgoal='1'>
						<nb_conversions>3</nb_conversions>
						<revenue>0</revenue>
						<nb_visits_converted>3</nb_visits_converted>
					</row>
					<row idgoal='2'>
						<nb_conversions>2</nb_conversions>
						<revenue>0</revenue>
						<nb_visits_converted>1</nb_visits_converted>
					</row>
					<row idgoal='3'>
						<nb_conversions>0</nb_conversions>
						<revenue>0</revenue>
						<nb_visits_converted>0</nb_visits_converted>
					</row>
					<row idgoal='4'>
						<nb_conversions>0</nb_conversions>
						<revenue>0</revenue>
						<nb_visits_converted>0</nb_visits_converted>
					</row>
					<row idgoal='5'>
						<nb_conversions>0</nb_conversions>
						<revenue>0</revenue>
						<nb_visits_converted>0</nb_visits_converted>
					</row>
					<row idgoal='ecommerceOrder'>
						<nb_conversions>1</nb_conversions>
						<revenue>12790</revenue>
						<items>9</items>
					</row>
				</goals>
			</row>
			<row>
				<label>http://divebums.com/dive-sites/La-Jolla-Shores.html</label>
				<nb_uniq_visitors>3</nb_uniq_visitors>
				<nb_visits>4</nb_visits>
				<nb_actions>24</nb_actions>
				<sum_visit_length>1065</sum_visit_length>
				<bounce_count>0</bounce_count>
				<nb_visits_converted>4</nb_visits_converted>
				<nb_conversions>6</nb_conversions>
				<revenue>5394</revenue>
				<goals>
					<row idgoal='1'>
						<nb_conversions>0</nb_conversions>
						<revenue>0</revenue>
						<nb_visits_converted>0</nb_visits_converted>
					</row>
					<row idgoal='2'>
						<nb_conversions>4</nb_conversions>
						<revenue>0</revenue>
						<nb_visits_converted>4</nb_visits_converted>
					</row>
					<row idgoal='3'>
						<nb_conversions>0</nb_conversions>
						<revenue>0</revenue>
						<nb_visits_converted>0</nb_visits_converted>
					</row>
					<row idgoal='4'>
						<nb_conversions>0</nb_conversions>
						<revenue>0</revenue>
						<nb_visits_converted>0</nb_visits_converted>
					</row>
					<row idgoal='5'>
						<nb_conversions>0</nb_conversions>
						<revenue>0</revenue>
						<nb_visits_converted>0</nb_visits_converted>
					</row>
					<row idgoal='ecommerceOrder'>
						<nb_conversions>2</nb_conversions>
						<revenue>5394</revenue>
						<items>8</items>
					</row>
				</goals>
			</row>
		</subtable>
	</row>
	<row>
		<label>oahuscubadiving.com</label>
		<nb_uniq_visitors>2</nb_uniq_visitors>
		<nb_visits>5</nb_visits>
		<nb_actions>18</nb_actions>
		<sum_visit_length>177</sum_visit_length>
		<bounce_count>0</bounce_count>
		<nb_visits_converted>2</nb_visits_converted>
		<nb_conversions>4</nb_conversions>
		<revenue>17958</revenue>
		<goals>
			<row idgoal='1'>
				<nb_conversions>1</nb_conversions>
				<revenue>0</revenue>
				<nb_visits_converted>1</nb_visits_converted>
			</row>
			<row idgoal='2'>
				<nb_conversions>1</nb_conversions>
				<revenue>0</revenue>
				<nb_visits_converted>1</nb_visits_converted>
			</row>
			<row idgoal='3'>
				<nb_conversions>0</nb_conversions>
				<revenue>0</revenue>
				<nb_visits_converted>0</nb_visits_converted>
			</row>
			<row idgoal='4'>
				<nb_conversions>0</nb_conversions>
				<revenue>0</revenue>
				<nb_visits_converted>0</nb_visits_converted>
			</row>
			<row idgoal='5'>
				<nb_conversions>0</nb_conversions>
				<revenue>0</revenue>
				<nb_visits_converted>0</nb_visits_converted>
			</row>
			<row idgoal='ecommerceOrder'>
				<nb_conversions>2</nb_conversions>
				<revenue>17958</revenue>
				<items>11</items>
			</row>
		</goals>
		<segment>referrerName==oahuscubadiving.com</segment>
		<subtable>
			<row>
				<label>http://oahuscubadiving.com/oahu-dive-sites/</label>
				<nb_uniq_visitors>2</nb_uniq_visitors>
				<nb_visits>5</nb_visits>
				<nb_actions>18</nb_actions>
				<sum_visit_length>177</sum_visit_length>
				<bounce_count>0</bounce_count>
				<nb_visits_converted>2</nb_visits_converted>
				<nb_conversions>4</nb_conversions>
				<revenue>17958</revenue>
				<goals>
					<row idgoal='1'>
						<nb_conversions>1</nb_conversions>
						<revenue>0</revenue>
						<nb_visits_converted>1</nb_visits_converted>
					</row>
					<row idgoal='2'>
						<nb_conversions>1</nb_conversions>
						<revenue>0</revenue>
						<nb_visits_converted>1</nb_visits_converted>
					</row>
					<row idgoal='3'>
						<nb_conversions>0</nb_conversions>
						<revenue>0</revenue>
						<nb_visits_converted>0</nb_visits_converted>
					</row>
					<row idgoal='4'>
						<nb_conversions>0</nb_conversions>
						<revenue>0</revenue>
						<nb_visits_converted>0</nb_visits_converted>
					</row>
					<row idgoal='5'>
						<nb_conversions>0</nb_conversions>
						<revenue>0</revenue>
						<nb_visits_converted>0</nb_visits_converted>
					</row>
					<row idgoal='ecommerceOrder'>
						<nb_conversions>2</nb_conversions>
						<revenue>17958</revenue>
						<items>11</items>
					</row>
				</goals>
			</row>
		</subtable>
	</row>
</result>