<?xml version="1.0" encoding="utf-8" ?>
<result>
	<row>
		<label>1 page</label>
		<nb_visits>409</nb_visits>
		<nb_actions>1170</nb_actions>
		<sum_visit_length>3287</sum_visit_length>
		<bounce_count>144</bounce_count>
		<nb_visits_converted>123</nb_visits_converted>
		<nb_conversions>253</nb_conversions>
		<revenue>928173</revenue>
		<goals>
			<row idgoal='1'>
				<nb_conversions>73</nb_conversions>
				<revenue>0</revenue>
				<nb_visits_converted>72</nb_visits_converted>
			</row>
			<row idgoal='2'>
				<nb_conversions>51</nb_conversions>
				<revenue>0</revenue>
				<nb_visits_converted>49</nb_visits_converted>
			</row>
			<row idgoal='3'>
				<nb_conversions>1</nb_conversions>
				<revenue>0</revenue>
				<nb_visits_converted>0</nb_visits_converted>
			</row>
			<row idgoal='4'>
				<nb_conversions>0</nb_conversions>
				<revenue>0</revenue>
				<nb_visits_converted>0</nb_visits_converted>
			</row>
			<row idgoal='5'>
				<nb_conversions>0</nb_conversions>
				<revenue>0</revenue>
				<nb_visits_converted>0</nb_visits_converted>
			</row>
			<row idgoal='ecommerceOrder'>
				<nb_conversions>128</nb_conversions>
				<revenue>928173</revenue>
				<items>672</items>
			</row>
		</goals>
		<sum_daily_nb_uniq_visitors>188</sum_daily_nb_uniq_visitors>
		<segment>actions==1</segment>
	</row>
	<row>
		<label>1 page</label>
		<nb_visits>0</nb_visits>
		<segment>actions==1</segment>
	</row>
	<row>
		<label>2 pages</label>
		<nb_visits>34</nb_visits>
		<nb_actions>89</nb_actions>
		<sum_visit_length>6954</sum_visit_length>
		<bounce_count>0</bounce_count>
		<nb_visits_converted>13</nb_visits_converted>
		<nb_conversions>17</nb_conversions>
		<revenue>36635</revenue>
		<goals>
			<row idgoal='1'>
				<nb_conversions>2</nb_conversions>
				<revenue>0</revenue>
				<nb_visits_converted>1</nb_visits_converted>
			</row>
			<row idgoal='2'>
				<nb_conversions>7</nb_conversions>
				<revenue>0</revenue>
				<nb_visits_converted>6</nb_visits_converted>
			</row>
			<row idgoal='3'>
				<nb_conversions>4</nb_conversions>
				<revenue>0</revenue>
				<nb_visits_converted>4</nb_visits_converted>
			</row>
			<row idgoal='4'>
				<nb_conversions>0</nb_conversions>
				<revenue>0</revenue>
				<nb_visits_converted>0</nb_visits_converted>
			</row>
			<row idgoal='5'>
				<nb_conversions>0</nb_conversions>
				<revenue>0</revenue>
				<nb_visits_converted>0</nb_visits_converted>
			</row>
			<row idgoal='ecommerceOrder'>
				<nb_conversions>4</nb_conversions>
				<revenue>36635</revenue>
				<items>29</items>
			</row>
		</goals>
		<sum_daily_nb_uniq_visitors>32</sum_daily_nb_uniq_visitors>
		<segment>actions==2</segment>
	</row>
	<row>
		<label>2 pages</label>
		<nb_visits>1</nb_visits>
		<segment>actions==2</segment>
	</row>
	<row>
		<label>3 pages</label>
		<nb_visits>54</nb_visits>
		<nb_actions>269</nb_actions>
		<sum_visit_length>10026</sum_visit_length>
		<bounce_count>0</bounce_count>
		<nb_visits_converted>32</nb_visits_converted>
		<nb_conversions>52</nb_conversions>
		<revenue>128150</revenue>
		<goals>
			<row idgoal='1'>
				<nb_conversions>15</nb_conversions>
				<revenue>0</revenue>
				<nb_visits_converted>14</nb_visits_converted>
			</row>
			<row idgoal='2'>
				<nb_conversions>18</nb_conversions>
				<revenue>0</revenue>
				<nb_visits_converted>16</nb_visits_converted>
			</row>
			<row idgoal='3'>
				<nb_conversions>1</nb_conversions>
				<revenue>0</revenue>
				<nb_visits_converted>0</nb_visits_converted>
			</row>
			<row idgoal='4'>
				<nb_conversions>0</nb_conversions>
				<revenue>0</revenue>
				<nb_visits_converted>0</nb_visits_converted>
			</row>
			<row idgoal='5'>
				<nb_conversions>0</nb_conversions>
				<revenue>0</revenue>
				<nb_visits_converted>0</nb_visits_converted>
			</row>
			<row idgoal='ecommerceOrder'>
				<nb_conversions>18</nb_conversions>
				<revenue>128150</revenue>
				<items>103</items>
			</row>
		</goals>
		<sum_daily_nb_uniq_visitors>40</sum_daily_nb_uniq_visitors>
		<segment>actions==3</segment>
	</row>
	<row>
		<label>3 pages</label>
		<nb_visits>0</nb_visits>
		<segment>actions==3</segment>
	</row>
	<row>
		<label>4 pages</label>
		<nb_visits>4</nb_visits>
		<nb_actions>16</nb_actions>
		<sum_visit_length>1150</sum_visit_length>
		<bounce_count>0</bounce_count>
		<nb_visits_converted>3</nb_visits_converted>
		<nb_conversions>4</nb_conversions>
		<revenue>0</revenue>
		<goals>
			<row idgoal='1'>
				<nb_conversions>1</nb_conversions>
				<revenue>0</revenue>
				<nb_visits_converted>0</nb_visits_converted>
			</row>
			<row idgoal='2'>
				<nb_conversions>2</nb_conversions>
				<revenue>0</revenue>
				<nb_visits_converted>2</nb_visits_converted>
			</row>
			<row idgoal='3'>
				<nb_conversions>1</nb_conversions>
				<revenue>0</revenue>
				<nb_visits_converted>0</nb_visits_converted>
			</row>
			<row idgoal='4'>
				<nb_conversions>0</nb_conversions>
				<revenue>0</revenue>
				<nb_visits_converted>0</nb_visits_converted>
			</row>
			<row idgoal='5'>
				<nb_conversions>0</nb_conversions>
				<revenue>0</revenue>
				<nb_visits_converted>0</nb_visits_converted>
			</row>
			<row idgoal='ecommerceOrder'>
				<nb_conversions>0</nb_conversions>
				<revenue>0</revenue>
				<items>0</items>
			</row>
		</goals>
		<sum_daily_nb_uniq_visitors>4</sum_daily_nb_uniq_visitors>
		<segment>actions==4</segment>
	</row>
	<row>
		<label>4 pages</label>
		<nb_visits>0</nb_visits>
		<segment>actions==4</segment>
	</row>
	<row>
		<label>5 pages</label>
		<nb_visits>7</nb_visits>
		<nb_actions>72</nb_actions>
		<sum_visit_length>2090</sum_visit_length>
		<bounce_count>0</bounce_count>
		<nb_visits_converted>6</nb_visits_converted>
		<nb_conversions>12</nb_conversions>
		<revenue>64023</revenue>
		<goals>
			<row idgoal='1'>
				<nb_conversions>4</nb_conversions>
				<revenue>0</revenue>
				<nb_visits_converted>4</nb_visits_converted>
			</row>
			<row idgoal='2'>
				<nb_conversions>2</nb_conversions>
				<revenue>0</revenue>
				<nb_visits_converted>2</nb_visits_converted>
			</row>
			<row idgoal='3'>
				<nb_conversions>0</nb_conversions>
				<revenue>0</revenue>
				<nb_visits_converted>0</nb_visits_converted>
			</row>
			<row idgoal='4'>
				<nb_conversions>0</nb_conversions>
				<revenue>0</revenue>
				<nb_visits_converted>0</nb_visits_converted>
			</row>
			<row idgoal='5'>
				<nb_conversions>0</nb_conversions>
				<revenue>0</revenue>
				<nb_visits_converted>0</nb_visits_converted>
			</row>
			<row idgoal='ecommerceOrder'>
				<nb_conversions>6</nb_conversions>
				<revenue>64023</revenue>
				<items>54</items>
			</row>
		</goals>
		<sum_daily_nb_uniq_visitors>7</sum_daily_nb_uniq_visitors>
		<segment>actions==5</segment>
	</row>
	<row>
		<label>5 pages</label>
		<nb_visits>0</nb_visits>
		<segment>actions==5</segment>
	</row>
	<row>
		<label>6 - 7 pages</label>
		<nb_visits>1</nb_visits>
		<nb_actions>8</nb_actions>
		<sum_visit_length>492</sum_visit_length>
		<bounce_count>0</bounce_count>
		<nb_visits_converted>1</nb_visits_converted>
		<nb_conversions>1</nb_conversions>
		<revenue>0</revenue>
		<goals>
			<row idgoal='1'>
				<nb_conversions>0</nb_conversions>
				<revenue>0</revenue>
				<nb_visits_converted>0</nb_visits_converted>
			</row>
			<row idgoal='2'>
				<nb_conversions>1</nb_conversions>
				<revenue>0</revenue>
				<nb_visits_converted>1</nb_visits_converted>
			</row>
			<row idgoal='3'>
				<nb_conversions>0</nb_conversions>
				<revenue>0</revenue>
				<nb_visits_converted>0</nb_visits_converted>
			</row>
			<row idgoal='4'>
				<nb_conversions>0</nb_conversions>
				<revenue>0</revenue>
				<nb_visits_converted>0</nb_visits_converted>
			</row>
			<row idgoal='5'>
				<nb_conversions>0</nb_conversions>
				<revenue>0</revenue>
				<nb_visits_converted>0</nb_visits_converted>
			</row>
			<row idgoal='ecommerceOrder'>
				<nb_conversions>0</nb_conversions>
				<revenue>0</revenue>
				<items>0</items>
			</row>
		</goals>
		<sum_daily_nb_uniq_visitors>1</sum_daily_nb_uniq_visitors>
		<segment>actions&gt;=6;actions&lt;=7</segment>
	</row>
	<row>
		<label>6-7 pages</label>
		<nb_visits>0</nb_visits>
		<segment>actions&gt;=6;actions&lt;=7</segment>
	</row>
	<row>
		<label>8 - 10 pages</label>
		<nb_visits>1</nb_visits>
		<nb_actions>9</nb_actions>
		<sum_visit_length>363</sum_visit_length>
		<bounce_count>0</bounce_count>
		<nb_visits_converted>1</nb_visits_converted>
		<nb_conversions>1</nb_conversions>
		<revenue>0</revenue>
		<goals>
			<row idgoal='1'>
				<nb_conversions>0</nb_conversions>
				<revenue>0</revenue>
				<nb_visits_converted>0</nb_visits_converted>
			</row>
			<row idgoal='2'>
				<nb_conversions>1</nb_conversions>
				<revenue>0</revenue>
				<nb_visits_converted>1</nb_visits_converted>
			</row>
			<row idgoal='3'>
				<nb_conversions>0</nb_conversions>
				<revenue>0</revenue>
				<nb_visits_converted>0</nb_visits_converted>
			</row>
			<row idgoal='4'>
				<nb_conversions>0</nb_conversions>
				<revenue>0</revenue>
				<nb_visits_converted>0</nb_visits_converted>
			</row>
			<row idgoal='5'>
				<nb_conversions>0</nb_conversions>
				<revenue>0</revenue>
				<nb_visits_converted>0</nb_visits_converted>
			</row>
			<row idgoal='ecommerceOrder'>
				<nb_conversions>0</nb_conversions>
				<revenue>0</revenue>
				<items>0</items>
			</row>
		</goals>
		<sum_daily_nb_uniq_visitors>1</sum_daily_nb_uniq_visitors>
		<segment>actions&gt;=8;actions&lt;=10</segment>
	</row>
	<row>
		<label>8-10 pages</label>
		<nb_visits>0</nb_visits>
		<segment>actions&gt;=8;actions&lt;=10</segment>
	</row>
	<row>
		<label>11 - 14 pages</label>
		<nb_visits>1</nb_visits>
		<nb_actions>12</nb_actions>
		<sum_visit_length>665</sum_visit_length>
		<bounce_count>0</bounce_count>
		<nb_visits_converted>1</nb_visits_converted>
		<nb_conversions>1</nb_conversions>
		<revenue>0</revenue>
		<goals>
			<row idgoal='1'>
				<nb_conversions>0</nb_conversions>
				<revenue>0</revenue>
				<nb_visits_converted>0</nb_visits_converted>
			</row>
			<row idgoal='2'>
				<nb_conversions>1</nb_conversions>
				<revenue>0</revenue>
				<nb_visits_converted>1</nb_visits_converted>
			</row>
			<row idgoal='3'>
				<nb_conversions>0</nb_conversions>
				<revenue>0</revenue>
				<nb_visits_converted>0</nb_visits_converted>
			</row>
			<row idgoal='4'>
				<nb_conversions>0</nb_conversions>
				<revenue>0</revenue>
				<nb_visits_converted>0</nb_visits_converted>
			</row>
			<row idgoal='5'>
				<nb_conversions>0</nb_conversions>
				<revenue>0</revenue>
				<nb_visits_converted>0</nb_visits_converted>
			</row>
			<row idgoal='ecommerceOrder'>
				<nb_conversions>0</nb_conversions>
				<revenue>0</revenue>
				<items>0</items>
			</row>
		</goals>
		<sum_daily_nb_uniq_visitors>1</sum_daily_nb_uniq_visitors>
		<segment>actions&gt;=11;actions&lt;=14</segment>
	</row>
	<row>
		<label>11-14 pages</label>
		<nb_visits>0</nb_visits>
		<segment>actions&gt;=11;actions&lt;=14</segment>
	</row>
	<row>
		<label>15 - 20 pages</label>
		<nb_visits>1</nb_visits>
		<nb_actions>16</nb_actions>
		<sum_visit_length>2078</sum_visit_length>
		<bounce_count>0</bounce_count>
		<nb_visits_converted>1</nb_visits_converted>
		<nb_conversions>1</nb_conversions>
		<revenue>0</revenue>
		<goals>
			<row idgoal='1'>
				<nb_conversions>0</nb_conversions>
				<revenue>0</revenue>
				<nb_visits_converted>0</nb_visits_converted>
			</row>
			<row idgoal='2'>
				<nb_conversions>0</nb_conversions>
				<revenue>0</revenue>
				<nb_visits_converted>0</nb_visits_converted>
			</row>
			<row idgoal='3'>
				<nb_conversions>1</nb_conversions>
				<revenue>0</revenue>
				<nb_visits_converted>1</nb_visits_converted>
			</row>
			<row idgoal='4'>
				<nb_conversions>0</nb_conversions>
				<revenue>0</revenue>
				<nb_visits_converted>0</nb_visits_converted>
			</row>
			<row idgoal='5'>
				<nb_conversions>0</nb_conversions>
				<revenue>0</revenue>
				<nb_visits_converted>0</nb_visits_converted>
			</row>
			<row idgoal='ecommerceOrder'>
				<nb_conversions>0</nb_conversions>
				<revenue>0</revenue>
				<items>0</items>
			</row>
		</goals>
		<sum_daily_nb_uniq_visitors>1</sum_daily_nb_uniq_visitors>
		<segment>actions&gt;=15;actions&lt;=20</segment>
	</row>
	<row>
		<label>15-20 pages</label>
		<nb_visits>0</nb_visits>
		<segment>actions&gt;=15;actions&lt;=20</segment>
	</row>
	<row>
		<label>21+ pages</label>
		<nb_visits>0</nb_visits>
		<segment>actions&gt;=21</segment>
	</row>
</result>