<?xml version="1.0" encoding="utf-8" ?>
<result>
	<row>
		<label>__not_set_in_google_analytics_4__</label>
		<nb_uniq_visitors>0</nb_uniq_visitors>
		<nb_visits>0</nb_visits>
		<nb_actions>0</nb_actions>
		<sum_visit_length>0</sum_visit_length>
		<bounce_count>0</bounce_count>
		<nb_visits_converted>0</nb_visits_converted>
		<nb_conversions>0</nb_conversions>
		<revenue>0</revenue>
		<goals>
			<row idgoal='ecommerceOrder'>
				<nb_conversions>0</nb_conversions>
				<revenue>0</revenue>
				<items>0</items>
			</row>
		</goals>
		<nb_events>0</nb_events>
		<sum_event_value>0</sum_event_value>
		<avg_event_value>0</avg_event_value>
		<segment>eventAction==__not_set_in_google_analytics_4__</segment>
		<subtable>
			<row>
				<label>first_visit</label>
				<nb_uniq_visitors>0</nb_uniq_visitors>
				<nb_visits>0</nb_visits>
				<nb_actions>0</nb_actions>
				<sum_visit_length>0</sum_visit_length>
				<bounce_count>0</bounce_count>
				<nb_visits_converted>0</nb_visits_converted>
				<nb_conversions>0</nb_conversions>
				<revenue>0</revenue>
				<goals>
					<row idgoal='ecommerceOrder'>
						<nb_conversions>0</nb_conversions>
						<revenue>0</revenue>
						<items>0</items>
					</row>
				</goals>
				<nb_events>0</nb_events>
				<sum_event_value>0</sum_event_value>
				<avg_event_value>0</avg_event_value>
			</row>
			<row>
				<label>page_view</label>
				<nb_uniq_visitors>0</nb_uniq_visitors>
				<nb_visits>0</nb_visits>
				<nb_actions>0</nb_actions>
				<sum_visit_length>0</sum_visit_length>
				<bounce_count>0</bounce_count>
				<nb_visits_converted>0</nb_visits_converted>
				<nb_conversions>0</nb_conversions>
				<revenue>0</revenue>
				<goals>
					<row idgoal='ecommerceOrder'>
						<nb_conversions>0</nb_conversions>
						<revenue>0</revenue>
						<items>0</items>
					</row>
				</goals>
				<nb_events>0</nb_events>
				<sum_event_value>0</sum_event_value>
				<avg_event_value>0</avg_event_value>
			</row>
			<row>
				<label>scroll</label>
				<nb_uniq_visitors>0</nb_uniq_visitors>
				<nb_visits>0</nb_visits>
				<nb_actions>0</nb_actions>
				<sum_visit_length>0</sum_visit_length>
				<bounce_count>0</bounce_count>
				<nb_visits_converted>0</nb_visits_converted>
				<nb_conversions>0</nb_conversions>
				<revenue>0</revenue>
				<goals>
					<row idgoal='ecommerceOrder'>
						<nb_conversions>0</nb_conversions>
						<revenue>0</revenue>
						<items>0</items>
					</row>
				</goals>
				<nb_events>0</nb_events>
				<sum_event_value>0</sum_event_value>
				<avg_event_value>0</avg_event_value>
			</row>
			<row>
				<label>session_start</label>
				<nb_uniq_visitors>0</nb_uniq_visitors>
				<nb_visits>0</nb_visits>
				<nb_actions>0</nb_actions>
				<sum_visit_length>0</sum_visit_length>
				<bounce_count>0</bounce_count>
				<nb_visits_converted>0</nb_visits_converted>
				<nb_conversions>0</nb_conversions>
				<revenue>0</revenue>
				<goals>
					<row idgoal='ecommerceOrder'>
						<nb_conversions>0</nb_conversions>
						<revenue>0</revenue>
						<items>0</items>
					</row>
				</goals>
				<nb_events>0</nb_events>
				<sum_event_value>0</sum_event_value>
				<avg_event_value>0</avg_event_value>
			</row>
			<row>
				<label>user_engagement</label>
				<nb_uniq_visitors>0</nb_uniq_visitors>
				<nb_visits>0</nb_visits>
				<nb_actions>0</nb_actions>
				<sum_visit_length>0</sum_visit_length>
				<bounce_count>0</bounce_count>
				<nb_visits_converted>0</nb_visits_converted>
				<nb_conversions>0</nb_conversions>
				<revenue>0</revenue>
				<goals>
					<row idgoal='ecommerceOrder'>
						<nb_conversions>0</nb_conversions>
						<revenue>0</revenue>
						<items>0</items>
					</row>
				</goals>
				<nb_events>0</nb_events>
				<sum_event_value>0</sum_event_value>
				<avg_event_value>0</avg_event_value>
			</row>
		</subtable>
	</row>
</result>