<?xml version="1.0" encoding="utf-8" ?>
<result>
	<row>
		<label>Android</label>
		<nb_visits>231</nb_visits>
		<nb_actions>767</nb_actions>
		<sum_visit_length>13341</sum_visit_length>
		<bounce_count>67</bounce_count>
		<nb_visits_converted>84</nb_visits_converted>
		<nb_conversions>157</nb_conversions>
		<revenue>550520</revenue>
		<goals>
			<row idgoal='1'>
				<nb_conversions>43</nb_conversions>
				<revenue>0</revenue>
				<nb_visits_converted>38</nb_visits_converted>
			</row>
			<row idgoal='2'>
				<nb_conversions>39</nb_conversions>
				<revenue>0</revenue>
				<nb_visits_converted>37</nb_visits_converted>
			</row>
			<row idgoal='3'>
				<nb_conversions>4</nb_conversions>
				<revenue>0</revenue>
				<nb_visits_converted>3</nb_visits_converted>
			</row>
			<row idgoal='4'>
				<nb_conversions>0</nb_conversions>
				<revenue>0</revenue>
				<nb_visits_converted>0</nb_visits_converted>
			</row>
			<row idgoal='5'>
				<nb_conversions>0</nb_conversions>
				<revenue>0</revenue>
				<nb_visits_converted>0</nb_visits_converted>
			</row>
			<row idgoal='ecommerceOrder'>
				<nb_conversions>71</nb_conversions>
				<revenue>550520</revenue>
				<items>412</items>
			</row>
		</goals>
		<sum_daily_nb_uniq_visitors>184</sum_daily_nb_uniq_visitors>
		<logo>plugins/Morpheus/icons/dist/os/AND.png</logo>
	</row>
	<row>
		<label>Windows</label>
		<nb_visits>207</nb_visits>
		<nb_actions>657</nb_actions>
		<sum_visit_length>8652</sum_visit_length>
		<bounce_count>58</bounce_count>
		<nb_visits_converted>69</nb_visits_converted>
		<nb_conversions>133</nb_conversions>
		<revenue>461075</revenue>
		<goals>
			<row idgoal='1'>
				<nb_conversions>35</nb_conversions>
				<revenue>0</revenue>
				<nb_visits_converted>31</nb_visits_converted>
			</row>
			<row idgoal='2'>
				<nb_conversions>34</nb_conversions>
				<revenue>0</revenue>
				<nb_visits_converted>30</nb_visits_converted>
			</row>
			<row idgoal='3'>
				<nb_conversions>2</nb_conversions>
				<revenue>0</revenue>
				<nb_visits_converted>2</nb_visits_converted>
			</row>
			<row idgoal='4'>
				<nb_conversions>0</nb_conversions>
				<revenue>0</revenue>
				<nb_visits_converted>0</nb_visits_converted>
			</row>
			<row idgoal='5'>
				<nb_conversions>0</nb_conversions>
				<revenue>0</revenue>
				<nb_visits_converted>0</nb_visits_converted>
			</row>
			<row idgoal='ecommerceOrder'>
				<nb_conversions>62</nb_conversions>
				<revenue>461075</revenue>
				<items>346</items>
			</row>
		</goals>
		<sum_daily_nb_uniq_visitors>153</sum_daily_nb_uniq_visitors>
		<max_actions>2</max_actions>
		<sum_daily_nb_users>0</sum_daily_nb_users>
		<logo>plugins/Morpheus/icons/dist/os/WIN.png</logo>
	</row>
	<row>
		<label>GNU/Linux</label>
		<nb_visits>65</nb_visits>
		<nb_actions>213</nb_actions>
		<sum_visit_length>1565</sum_visit_length>
		<bounce_count>11</bounce_count>
		<nb_visits_converted>26</nb_visits_converted>
		<nb_conversions>50</nb_conversions>
		<revenue>145386</revenue>
		<goals>
			<row idgoal='1'>
				<nb_conversions>17</nb_conversions>
				<revenue>0</revenue>
				<nb_visits_converted>16</nb_visits_converted>
			</row>
			<row idgoal='2'>
				<nb_conversions>10</nb_conversions>
				<revenue>0</revenue>
				<nb_visits_converted>9</nb_visits_converted>
			</row>
			<row idgoal='3'>
				<nb_conversions>0</nb_conversions>
				<revenue>0</revenue>
				<nb_visits_converted>0</nb_visits_converted>
			</row>
			<row idgoal='4'>
				<nb_conversions>0</nb_conversions>
				<revenue>0</revenue>
				<nb_visits_converted>0</nb_visits_converted>
			</row>
			<row idgoal='5'>
				<nb_conversions>0</nb_conversions>
				<revenue>0</revenue>
				<nb_visits_converted>0</nb_visits_converted>
			</row>
			<row idgoal='ecommerceOrder'>
				<nb_conversions>23</nb_conversions>
				<revenue>145386</revenue>
				<items>100</items>
			</row>
		</goals>
		<sum_daily_nb_uniq_visitors>50</sum_daily_nb_uniq_visitors>
		<logo>plugins/Morpheus/icons/dist/os/LIN.png</logo>
	</row>
	<row>
		<label>iOS</label>
		<nb_visits>7</nb_visits>
		<nb_actions>23</nb_actions>
		<sum_visit_length>3669</sum_visit_length>
		<bounce_count>5</bounce_count>
		<nb_visits_converted>2</nb_visits_converted>
		<nb_conversions>2</nb_conversions>
		<revenue>0</revenue>
		<goals>
			<row idgoal='1'>
				<nb_conversions>0</nb_conversions>
				<revenue>0</revenue>
				<nb_visits_converted>0</nb_visits_converted>
			</row>
			<row idgoal='2'>
				<nb_conversions>0</nb_conversions>
				<revenue>0</revenue>
				<nb_visits_converted>0</nb_visits_converted>
			</row>
			<row idgoal='3'>
				<nb_conversions>2</nb_conversions>
				<revenue>0</revenue>
				<nb_visits_converted>2</nb_visits_converted>
			</row>
			<row idgoal='4'>
				<nb_conversions>0</nb_conversions>
				<revenue>0</revenue>
				<nb_visits_converted>0</nb_visits_converted>
			</row>
			<row idgoal='5'>
				<nb_conversions>0</nb_conversions>
				<revenue>0</revenue>
				<nb_visits_converted>0</nb_visits_converted>
			</row>
			<row idgoal='ecommerceOrder'>
				<nb_conversions>0</nb_conversions>
				<revenue>0</revenue>
				<items>0</items>
			</row>
		</goals>
		<sum_daily_nb_uniq_visitors>7</sum_daily_nb_uniq_visitors>
		<logo>plugins/Morpheus/icons/dist/os/IOS.png</logo>
	</row>
	<row>
		<label>Mac</label>
		<nb_visits>3</nb_visits>
		<nb_actions>3</nb_actions>
		<sum_visit_length>0</sum_visit_length>
		<bounce_count>3</bounce_count>
		<nb_visits_converted>0</nb_visits_converted>
		<nb_conversions>0</nb_conversions>
		<revenue>0</revenue>
		<goals>
			<row idgoal='1'>
				<nb_conversions>0</nb_conversions>
				<revenue>0</revenue>
				<nb_visits_converted>0</nb_visits_converted>
			</row>
			<row idgoal='2'>
				<nb_conversions>0</nb_conversions>
				<revenue>0</revenue>
				<nb_visits_converted>0</nb_visits_converted>
			</row>
			<row idgoal='3'>
				<nb_conversions>0</nb_conversions>
				<revenue>0</revenue>
				<nb_visits_converted>0</nb_visits_converted>
			</row>
			<row idgoal='4'>
				<nb_conversions>0</nb_conversions>
				<revenue>0</revenue>
				<nb_visits_converted>0</nb_visits_converted>
			</row>
			<row idgoal='5'>
				<nb_conversions>0</nb_conversions>
				<revenue>0</revenue>
				<nb_visits_converted>0</nb_visits_converted>
			</row>
			<row idgoal='ecommerceOrder'>
				<nb_conversions>0</nb_conversions>
				<revenue>0</revenue>
				<items>0</items>
			</row>
		</goals>
		<sum_daily_nb_uniq_visitors>3</sum_daily_nb_uniq_visitors>
		<logo>plugins/Morpheus/icons/dist/os/MAC.png</logo>
	</row>
</result>