<?xml version="1.0" encoding="utf-8" ?>
<result>
	<row>
		<label>Europe</label>
		<nb_visits>182</nb_visits>
		<nb_actions>612</nb_actions>
		<sum_visit_length>11055</sum_visit_length>
		<bounce_count>57</bounce_count>
		<nb_visits_converted>37</nb_visits_converted>
		<nb_conversions>88</nb_conversions>
		<revenue>511265</revenue>
		<goals>
			<row idgoal='1'>
				<nb_conversions>17</nb_conversions>
				<revenue>0</revenue>
				<nb_visits_converted>16</nb_visits_converted>
			</row>
			<row idgoal='2'>
				<nb_conversions>19</nb_conversions>
				<revenue>0</revenue>
				<nb_visits_converted>17</nb_visits_converted>
			</row>
			<row idgoal='3'>
				<nb_conversions>4</nb_conversions>
				<revenue>0</revenue>
				<nb_visits_converted>2</nb_visits_converted>
			</row>
			<row idgoal='4'>
				<nb_conversions>0</nb_conversions>
				<revenue>0</revenue>
				<nb_visits_converted>0</nb_visits_converted>
			</row>
			<row idgoal='5'>
				<nb_conversions>0</nb_conversions>
				<revenue>0</revenue>
				<nb_visits_converted>0</nb_visits_converted>
			</row>
			<row idgoal='ecommerceOrder'>
				<nb_conversions>48</nb_conversions>
				<revenue>511265</revenue>
				<items>378</items>
			</row>
		</goals>
		<sum_daily_nb_uniq_visitors>143</sum_daily_nb_uniq_visitors>
		<code>Europe</code>
	</row>
	<row>
		<label>North America</label>
		<nb_visits>115</nb_visits>
		<nb_actions>438</nb_actions>
		<sum_visit_length>3423</sum_visit_length>
		<bounce_count>25</bounce_count>
		<nb_visits_converted>31</nb_visits_converted>
		<nb_conversions>68</nb_conversions>
		<revenue>374874</revenue>
		<goals>
			<row idgoal='1'>
				<nb_conversions>17</nb_conversions>
				<revenue>0</revenue>
				<nb_visits_converted>14</nb_visits_converted>
			</row>
			<row idgoal='2'>
				<nb_conversions>14</nb_conversions>
				<revenue>0</revenue>
				<nb_visits_converted>13</nb_visits_converted>
			</row>
			<row idgoal='3'>
				<nb_conversions>0</nb_conversions>
				<revenue>0</revenue>
				<nb_visits_converted>0</nb_visits_converted>
			</row>
			<row idgoal='4'>
				<nb_conversions>0</nb_conversions>
				<revenue>0</revenue>
				<nb_visits_converted>0</nb_visits_converted>
			</row>
			<row idgoal='5'>
				<nb_conversions>0</nb_conversions>
				<revenue>0</revenue>
				<nb_visits_converted>0</nb_visits_converted>
			</row>
			<row idgoal='ecommerceOrder'>
				<nb_conversions>37</nb_conversions>
				<revenue>374874</revenue>
				<items>270</items>
			</row>
		</goals>
		<sum_daily_nb_uniq_visitors>67</sum_daily_nb_uniq_visitors>
		<code>North America</code>
	</row>
	<row>
		<label>Asia</label>
		<nb_visits>94</nb_visits>
		<nb_actions>399</nb_actions>
		<sum_visit_length>2581</sum_visit_length>
		<bounce_count>18</bounce_count>
		<nb_visits_converted>23</nb_visits_converted>
		<nb_conversions>63</nb_conversions>
		<revenue>365913</revenue>
		<goals>
			<row idgoal='1'>
				<nb_conversions>15</nb_conversions>
				<revenue>0</revenue>
				<nb_visits_converted>13</nb_visits_converted>
			</row>
			<row idgoal='2'>
				<nb_conversions>9</nb_conversions>
				<revenue>0</revenue>
				<nb_visits_converted>8</nb_visits_converted>
			</row>
			<row idgoal='3'>
				<nb_conversions>0</nb_conversions>
				<revenue>0</revenue>
				<nb_visits_converted>0</nb_visits_converted>
			</row>
			<row idgoal='4'>
				<nb_conversions>0</nb_conversions>
				<revenue>0</revenue>
				<nb_visits_converted>0</nb_visits_converted>
			</row>
			<row idgoal='5'>
				<nb_conversions>0</nb_conversions>
				<revenue>0</revenue>
				<nb_visits_converted>0</nb_visits_converted>
			</row>
			<row idgoal='ecommerceOrder'>
				<nb_conversions>39</nb_conversions>
				<revenue>365913</revenue>
				<items>262</items>
			</row>
		</goals>
		<sum_daily_nb_uniq_visitors>71</sum_daily_nb_uniq_visitors>
		<code>Asia</code>
	</row>
	<row>
		<label>Unknown</label>
		<nb_visits>56</nb_visits>
		<nb_actions>198</nb_actions>
		<sum_visit_length>1039</sum_visit_length>
		<bounce_count>11</bounce_count>
		<nb_visits_converted>15</nb_visits_converted>
		<nb_conversions>31</nb_conversions>
		<revenue>168639</revenue>
		<goals>
			<row idgoal='1'>
				<nb_conversions>7</nb_conversions>
				<revenue>0</revenue>
				<nb_visits_converted>6</nb_visits_converted>
			</row>
			<row idgoal='2'>
				<nb_conversions>8</nb_conversions>
				<revenue>0</revenue>
				<nb_visits_converted>6</nb_visits_converted>
			</row>
			<row idgoal='3'>
				<nb_conversions>0</nb_conversions>
				<revenue>0</revenue>
				<nb_visits_converted>0</nb_visits_converted>
			</row>
			<row idgoal='4'>
				<nb_conversions>0</nb_conversions>
				<revenue>0</revenue>
				<nb_visits_converted>0</nb_visits_converted>
			</row>
			<row idgoal='5'>
				<nb_conversions>0</nb_conversions>
				<revenue>0</revenue>
				<nb_visits_converted>0</nb_visits_converted>
			</row>
			<row idgoal='ecommerceOrder'>
				<nb_conversions>16</nb_conversions>
				<revenue>168639</revenue>
				<items>119</items>
			</row>
		</goals>
		<sum_daily_nb_uniq_visitors>35</sum_daily_nb_uniq_visitors>
		<code>Unknown</code>
	</row>
	<row>
		<label>Africa</label>
		<nb_visits>1</nb_visits>
		<nb_actions>2</nb_actions>
		<sum_visit_length>1726</sum_visit_length>
		<bounce_count>0</bounce_count>
		<nb_visits_converted>1</nb_visits_converted>
		<nb_conversions>1</nb_conversions>
		<revenue>0</revenue>
		<goals>
			<row idgoal='1'>
				<nb_conversions>0</nb_conversions>
				<revenue>0</revenue>
				<nb_visits_converted>0</nb_visits_converted>
			</row>
			<row idgoal='2'>
				<nb_conversions>0</nb_conversions>
				<revenue>0</revenue>
				<nb_visits_converted>0</nb_visits_converted>
			</row>
			<row idgoal='3'>
				<nb_conversions>1</nb_conversions>
				<revenue>0</revenue>
				<nb_visits_converted>1</nb_visits_converted>
			</row>
			<row idgoal='4'>
				<nb_conversions>0</nb_conversions>
				<revenue>0</revenue>
				<nb_visits_converted>0</nb_visits_converted>
			</row>
			<row idgoal='5'>
				<nb_conversions>0</nb_conversions>
				<revenue>0</revenue>
				<nb_visits_converted>0</nb_visits_converted>
			</row>
			<row idgoal='ecommerceOrder'>
				<nb_conversions>0</nb_conversions>
				<revenue>0</revenue>
				<items>0</items>
			</row>
		</goals>
		<sum_daily_nb_uniq_visitors>1</sum_daily_nb_uniq_visitors>
		<code>Africa</code>
	</row>
</result>