<?xml version="1.0" encoding="utf-8" ?>
<result>
	<row>
		<label>Samsung</label>
		<nb_visits>32</nb_visits>
		<nb_actions>94</nb_actions>
		<sum_visit_length>1300</sum_visit_length>
		<bounce_count>13</bounce_count>
		<nb_visits_converted>11</nb_visits_converted>
		<nb_conversions>20</nb_conversions>
		<revenue>65382</revenue>
		<goals>
			<row idgoal='1'>
				<nb_conversions>6</nb_conversions>
				<revenue>0</revenue>
				<nb_visits_converted>5</nb_visits_converted>
			</row>
			<row idgoal='2'>
				<nb_conversions>6</nb_conversions>
				<revenue>0</revenue>
				<nb_visits_converted>6</nb_visits_converted>
			</row>
			<row idgoal='3'>
				<nb_conversions>0</nb_conversions>
				<revenue>0</revenue>
				<nb_visits_converted>0</nb_visits_converted>
			</row>
			<row idgoal='4'>
				<nb_conversions>0</nb_conversions>
				<revenue>0</revenue>
				<nb_visits_converted>0</nb_visits_converted>
			</row>
			<row idgoal='5'>
				<nb_conversions>0</nb_conversions>
				<revenue>0</revenue>
				<nb_visits_converted>0</nb_visits_converted>
			</row>
			<row idgoal='ecommerceOrder'>
				<nb_conversions>8</nb_conversions>
				<revenue>65382</revenue>
				<items>36</items>
			</row>
		</goals>
		<sum_daily_nb_uniq_visitors>27</sum_daily_nb_uniq_visitors>
		<logo>plugins/Morpheus/icons/dist/brand/Samsung.png</logo>
		<segment>deviceBrand==Samsung</segment>
	</row>
	<row>
		<label>Sony</label>
		<nb_visits>27</nb_visits>
		<nb_actions>92</nb_actions>
		<sum_visit_length>419</sum_visit_length>
		<bounce_count>6</bounce_count>
		<nb_visits_converted>11</nb_visits_converted>
		<nb_conversions>20</nb_conversions>
		<revenue>65164</revenue>
		<goals>
			<row idgoal='1'>
				<nb_conversions>5</nb_conversions>
				<revenue>0</revenue>
				<nb_visits_converted>4</nb_visits_converted>
			</row>
			<row idgoal='2'>
				<nb_conversions>7</nb_conversions>
				<revenue>0</revenue>
				<nb_visits_converted>6</nb_visits_converted>
			</row>
			<row idgoal='3'>
				<nb_conversions>0</nb_conversions>
				<revenue>0</revenue>
				<nb_visits_converted>0</nb_visits_converted>
			</row>
			<row idgoal='4'>
				<nb_conversions>0</nb_conversions>
				<revenue>0</revenue>
				<nb_visits_converted>0</nb_visits_converted>
			</row>
			<row idgoal='5'>
				<nb_conversions>0</nb_conversions>
				<revenue>0</revenue>
				<nb_visits_converted>0</nb_visits_converted>
			</row>
			<row idgoal='ecommerceOrder'>
				<nb_conversions>8</nb_conversions>
				<revenue>65164</revenue>
				<items>47</items>
			</row>
		</goals>
		<sum_daily_nb_uniq_visitors>25</sum_daily_nb_uniq_visitors>
		<logo>plugins/Morpheus/icons/dist/brand/Sony.png</logo>
		<segment>deviceBrand==Sony</segment>
	</row>
	<row>
		<label>Google</label>
		<nb_visits>26</nb_visits>
		<nb_actions>103</nb_actions>
		<sum_visit_length>1747</sum_visit_length>
		<bounce_count>8</bounce_count>
		<nb_visits_converted>9</nb_visits_converted>
		<nb_conversions>19</nb_conversions>
		<revenue>66631</revenue>
		<goals>
			<row idgoal='1'>
				<nb_conversions>5</nb_conversions>
				<revenue>0</revenue>
				<nb_visits_converted>4</nb_visits_converted>
			</row>
			<row idgoal='2'>
				<nb_conversions>4</nb_conversions>
				<revenue>0</revenue>
				<nb_visits_converted>4</nb_visits_converted>
			</row>
			<row idgoal='3'>
				<nb_conversions>0</nb_conversions>
				<revenue>0</revenue>
				<nb_visits_converted>0</nb_visits_converted>
			</row>
			<row idgoal='4'>
				<nb_conversions>0</nb_conversions>
				<revenue>0</revenue>
				<nb_visits_converted>0</nb_visits_converted>
			</row>
			<row idgoal='5'>
				<nb_conversions>0</nb_conversions>
				<revenue>0</revenue>
				<nb_visits_converted>0</nb_visits_converted>
			</row>
			<row idgoal='ecommerceOrder'>
				<nb_conversions>10</nb_conversions>
				<revenue>66631</revenue>
				<items>51</items>
			</row>
		</goals>
		<sum_daily_nb_uniq_visitors>21</sum_daily_nb_uniq_visitors>
		<logo>plugins/Morpheus/icons/dist/brand/Google.png</logo>
		<segment>deviceBrand==Google</segment>
	</row>
	<row>
		<label>HTC</label>
		<nb_visits>22</nb_visits>
		<nb_actions>108</nb_actions>
		<sum_visit_length>1835</sum_visit_length>
		<bounce_count>5</bounce_count>
		<nb_visits_converted>7</nb_visits_converted>
		<nb_conversions>17</nb_conversions>
		<revenue>101766</revenue>
		<goals>
			<row idgoal='1'>
				<nb_conversions>4</nb_conversions>
				<revenue>0</revenue>
				<nb_visits_converted>3</nb_visits_converted>
			</row>
			<row idgoal='2'>
				<nb_conversions>3</nb_conversions>
				<revenue>0</revenue>
				<nb_visits_converted>3</nb_visits_converted>
			</row>
			<row idgoal='3'>
				<nb_conversions>0</nb_conversions>
				<revenue>0</revenue>
				<nb_visits_converted>0</nb_visits_converted>
			</row>
			<row idgoal='4'>
				<nb_conversions>0</nb_conversions>
				<revenue>0</revenue>
				<nb_visits_converted>0</nb_visits_converted>
			</row>
			<row idgoal='5'>
				<nb_conversions>0</nb_conversions>
				<revenue>0</revenue>
				<nb_visits_converted>0</nb_visits_converted>
			</row>
			<row idgoal='ecommerceOrder'>
				<nb_conversions>10</nb_conversions>
				<revenue>101766</revenue>
				<items>75</items>
			</row>
		</goals>
		<sum_daily_nb_uniq_visitors>18</sum_daily_nb_uniq_visitors>
		<logo>plugins/Morpheus/icons/dist/brand/HTC.png</logo>
		<segment>deviceBrand==HTC</segment>
	</row>
	<row>
		<label>Apple</label>
		<nb_visits>5</nb_visits>
		<nb_actions>6</nb_actions>
		<sum_visit_length>1591</sum_visit_length>
		<bounce_count>4</bounce_count>
		<nb_visits_converted>0</nb_visits_converted>
		<nb_conversions>1</nb_conversions>
		<revenue>0</revenue>
		<goals>
			<row idgoal='1'>
				<nb_conversions>0</nb_conversions>
				<revenue>0</revenue>
				<nb_visits_converted>0</nb_visits_converted>
			</row>
			<row idgoal='2'>
				<nb_conversions>0</nb_conversions>
				<revenue>0</revenue>
				<nb_visits_converted>0</nb_visits_converted>
			</row>
			<row idgoal='3'>
				<nb_conversions>1</nb_conversions>
				<revenue>0</revenue>
				<nb_visits_converted>0</nb_visits_converted>
			</row>
			<row idgoal='4'>
				<nb_conversions>0</nb_conversions>
				<revenue>0</revenue>
				<nb_visits_converted>0</nb_visits_converted>
			</row>
			<row idgoal='5'>
				<nb_conversions>0</nb_conversions>
				<revenue>0</revenue>
				<nb_visits_converted>0</nb_visits_converted>
			</row>
			<row idgoal='ecommerceOrder'>
				<nb_conversions>0</nb_conversions>
				<revenue>0</revenue>
				<items>0</items>
			</row>
		</goals>
		<sum_daily_nb_uniq_visitors>5</sum_daily_nb_uniq_visitors>
		<logo>plugins/Morpheus/icons/dist/brand/Apple.png</logo>
		<segment>deviceBrand==Apple</segment>
	</row>
	<row>
		<label>Huawei</label>
		<nb_visits>1</nb_visits>
		<nb_actions>1</nb_actions>
		<sum_visit_length>0</sum_visit_length>
		<bounce_count>1</bounce_count>
		<nb_visits_converted>0</nb_visits_converted>
		<nb_conversions>0</nb_conversions>
		<revenue>0</revenue>
		<goals>
			<row idgoal='1'>
				<nb_conversions>0</nb_conversions>
				<revenue>0</revenue>
				<nb_visits_converted>0</nb_visits_converted>
			</row>
			<row idgoal='2'>
				<nb_conversions>0</nb_conversions>
				<revenue>0</revenue>
				<nb_visits_converted>0</nb_visits_converted>
			</row>
			<row idgoal='3'>
				<nb_conversions>0</nb_conversions>
				<revenue>0</revenue>
				<nb_visits_converted>0</nb_visits_converted>
			</row>
			<row idgoal='4'>
				<nb_conversions>0</nb_conversions>
				<revenue>0</revenue>
				<nb_visits_converted>0</nb_visits_converted>
			</row>
			<row idgoal='5'>
				<nb_conversions>0</nb_conversions>
				<revenue>0</revenue>
				<nb_visits_converted>0</nb_visits_converted>
			</row>
			<row idgoal='ecommerceOrder'>
				<nb_conversions>0</nb_conversions>
				<revenue>0</revenue>
				<items>0</items>
			</row>
		</goals>
		<sum_daily_nb_uniq_visitors>1</sum_daily_nb_uniq_visitors>
		<logo>plugins/Morpheus/icons/dist/brand/Huawei.png</logo>
		<segment>deviceBrand==Huawei</segment>
	</row>
	<row>
		<label>Infinix</label>
		<nb_visits>1</nb_visits>
		<nb_actions>2</nb_actions>
		<sum_visit_length>1726</sum_visit_length>
		<bounce_count>0</bounce_count>
		<nb_visits_converted>1</nb_visits_converted>
		<nb_conversions>1</nb_conversions>
		<revenue>0</revenue>
		<goals>
			<row idgoal='1'>
				<nb_conversions>0</nb_conversions>
				<revenue>0</revenue>
				<nb_visits_converted>0</nb_visits_converted>
			</row>
			<row idgoal='2'>
				<nb_conversions>0</nb_conversions>
				<revenue>0</revenue>
				<nb_visits_converted>0</nb_visits_converted>
			</row>
			<row idgoal='3'>
				<nb_conversions>1</nb_conversions>
				<revenue>0</revenue>
				<nb_visits_converted>1</nb_visits_converted>
			</row>
			<row idgoal='4'>
				<nb_conversions>0</nb_conversions>
				<revenue>0</revenue>
				<nb_visits_converted>0</nb_visits_converted>
			</row>
			<row idgoal='5'>
				<nb_conversions>0</nb_conversions>
				<revenue>0</revenue>
				<nb_visits_converted>0</nb_visits_converted>
			</row>
			<row idgoal='ecommerceOrder'>
				<nb_conversions>0</nb_conversions>
				<revenue>0</revenue>
				<items>0</items>
			</row>
		</goals>
		<sum_daily_nb_uniq_visitors>1</sum_daily_nb_uniq_visitors>
		<logo>plugins/Morpheus/icons/dist/brand/Infinix.png</logo>
		<segment>deviceBrand==Infinix</segment>
	</row>
	<row>
		<label>LG</label>
		<nb_visits>1</nb_visits>
		<nb_actions>1</nb_actions>
		<sum_visit_length>0</sum_visit_length>
		<bounce_count>1</bounce_count>
		<nb_visits_converted>0</nb_visits_converted>
		<nb_conversions>0</nb_conversions>
		<revenue>0</revenue>
		<goals>
			<row idgoal='1'>
				<nb_conversions>0</nb_conversions>
				<revenue>0</revenue>
				<nb_visits_converted>0</nb_visits_converted>
			</row>
			<row idgoal='2'>
				<nb_conversions>0</nb_conversions>
				<revenue>0</revenue>
				<nb_visits_converted>0</nb_visits_converted>
			</row>
			<row idgoal='3'>
				<nb_conversions>0</nb_conversions>
				<revenue>0</revenue>
				<nb_visits_converted>0</nb_visits_converted>
			</row>
			<row idgoal='4'>
				<nb_conversions>0</nb_conversions>
				<revenue>0</revenue>
				<nb_visits_converted>0</nb_visits_converted>
			</row>
			<row idgoal='5'>
				<nb_conversions>0</nb_conversions>
				<revenue>0</revenue>
				<nb_visits_converted>0</nb_visits_converted>
			</row>
			<row idgoal='ecommerceOrder'>
				<nb_conversions>0</nb_conversions>
				<revenue>0</revenue>
				<items>0</items>
			</row>
		</goals>
		<sum_daily_nb_uniq_visitors>1</sum_daily_nb_uniq_visitors>
		<logo>plugins/Morpheus/icons/dist/brand/LG.png</logo>
		<segment>deviceBrand==LG</segment>
	</row>
	<row>
		<label>Xiaomi</label>
		<nb_visits>1</nb_visits>
		<nb_actions>1</nb_actions>
		<sum_visit_length>0</sum_visit_length>
		<bounce_count>1</bounce_count>
		<nb_visits_converted>0</nb_visits_converted>
		<nb_conversions>0</nb_conversions>
		<revenue>0</revenue>
		<goals>
			<row idgoal='1'>
				<nb_conversions>0</nb_conversions>
				<revenue>0</revenue>
				<nb_visits_converted>0</nb_visits_converted>
			</row>
			<row idgoal='2'>
				<nb_conversions>0</nb_conversions>
				<revenue>0</revenue>
				<nb_visits_converted>0</nb_visits_converted>
			</row>
			<row idgoal='3'>
				<nb_conversions>0</nb_conversions>
				<revenue>0</revenue>
				<nb_visits_converted>0</nb_visits_converted>
			</row>
			<row idgoal='4'>
				<nb_conversions>0</nb_conversions>
				<revenue>0</revenue>
				<nb_visits_converted>0</nb_visits_converted>
			</row>
			<row idgoal='5'>
				<nb_conversions>0</nb_conversions>
				<revenue>0</revenue>
				<nb_visits_converted>0</nb_visits_converted>
			</row>
			<row idgoal='ecommerceOrder'>
				<nb_conversions>0</nb_conversions>
				<revenue>0</revenue>
				<items>0</items>
			</row>
		</goals>
		<sum_daily_nb_uniq_visitors>1</sum_daily_nb_uniq_visitors>
		<logo>plugins/Morpheus/icons/dist/brand/Xiaomi.png</logo>
		<segment>deviceBrand==Xiaomi</segment>
	</row>
</result>