<?xml version="1.0" encoding="utf-8" ?>
<result>
	<row>
		<label>Desktop</label>
		<nb_visits>136</nb_visits>
		<nb_actions>442</nb_actions>
		<sum_visit_length>4894</sum_visit_length>
		<bounce_count>36</bounce_count>
		<nb_visits_converted>43</nb_visits_converted>
		<nb_conversions>84</nb_conversions>
		<revenue>323793</revenue>
		<goals>
			<row idgoal='1'>
				<nb_conversions>23</nb_conversions>
				<revenue>0</revenue>
				<nb_visits_converted>23</nb_visits_converted>
			</row>
			<row idgoal='2'>
				<nb_conversions>19</nb_conversions>
				<revenue>0</revenue>
				<nb_visits_converted>19</nb_visits_converted>
			</row>
			<row idgoal='3'>
				<nb_conversions>1</nb_conversions>
				<revenue>0</revenue>
				<nb_visits_converted>0</nb_visits_converted>
			</row>
			<row idgoal='4'>
				<nb_conversions>0</nb_conversions>
				<revenue>0</revenue>
				<nb_visits_converted>0</nb_visits_converted>
			</row>
			<row idgoal='5'>
				<nb_conversions>0</nb_conversions>
				<revenue>0</revenue>
				<nb_visits_converted>0</nb_visits_converted>
			</row>
			<row idgoal='ecommerceOrder'>
				<nb_conversions>41</nb_conversions>
				<revenue>323793</revenue>
				<items>215</items>
			</row>
		</goals>
		<sum_daily_nb_uniq_visitors>72</sum_daily_nb_uniq_visitors>
		<segment>deviceType==desktop</segment>
		<logo>plugins/Morpheus/icons/dist/devices/desktop.png</logo>
	</row>
	<row>
		<label>Smartphone</label>
		<nb_visits>89</nb_visits>
		<nb_actions>316</nb_actions>
		<sum_visit_length>8199</sum_visit_length>
		<bounce_count>33</bounce_count>
		<nb_visits_converted>29</nb_visits_converted>
		<nb_conversions>58</nb_conversions>
		<revenue>233779</revenue>
		<goals>
			<row idgoal='1'>
				<nb_conversions>15</nb_conversions>
				<revenue>0</revenue>
				<nb_visits_converted>15</nb_visits_converted>
			</row>
			<row idgoal='2'>
				<nb_conversions>13</nb_conversions>
				<revenue>0</revenue>
				<nb_visits_converted>13</nb_visits_converted>
			</row>
			<row idgoal='3'>
				<nb_conversions>2</nb_conversions>
				<revenue>0</revenue>
				<nb_visits_converted>1</nb_visits_converted>
			</row>
			<row idgoal='4'>
				<nb_conversions>0</nb_conversions>
				<revenue>0</revenue>
				<nb_visits_converted>0</nb_visits_converted>
			</row>
			<row idgoal='5'>
				<nb_conversions>0</nb_conversions>
				<revenue>0</revenue>
				<nb_visits_converted>0</nb_visits_converted>
			</row>
			<row idgoal='ecommerceOrder'>
				<nb_conversions>28</nb_conversions>
				<revenue>233779</revenue>
				<items>162</items>
			</row>
		</goals>
		<sum_daily_nb_uniq_visitors>59</sum_daily_nb_uniq_visitors>
		<segment>deviceType==smartphone</segment>
		<logo>plugins/Morpheus/icons/dist/devices/smartphone.png</logo>
	</row>
	<row>
		<label>Tablet</label>
		<nb_visits>27</nb_visits>
		<nb_actions>92</nb_actions>
		<sum_visit_length>419</sum_visit_length>
		<bounce_count>6</bounce_count>
		<nb_visits_converted>11</nb_visits_converted>
		<nb_conversions>20</nb_conversions>
		<revenue>65164</revenue>
		<goals>
			<row idgoal='1'>
				<nb_conversions>5</nb_conversions>
				<revenue>0</revenue>
				<nb_visits_converted>4</nb_visits_converted>
			</row>
			<row idgoal='2'>
				<nb_conversions>7</nb_conversions>
				<revenue>0</revenue>
				<nb_visits_converted>6</nb_visits_converted>
			</row>
			<row idgoal='3'>
				<nb_conversions>0</nb_conversions>
				<revenue>0</revenue>
				<nb_visits_converted>0</nb_visits_converted>
			</row>
			<row idgoal='4'>
				<nb_conversions>0</nb_conversions>
				<revenue>0</revenue>
				<nb_visits_converted>0</nb_visits_converted>
			</row>
			<row idgoal='5'>
				<nb_conversions>0</nb_conversions>
				<revenue>0</revenue>
				<nb_visits_converted>0</nb_visits_converted>
			</row>
			<row idgoal='ecommerceOrder'>
				<nb_conversions>8</nb_conversions>
				<revenue>65164</revenue>
				<items>47</items>
			</row>
		</goals>
		<sum_daily_nb_uniq_visitors>25</sum_daily_nb_uniq_visitors>
		<segment>deviceType==tablet</segment>
		<logo>plugins/Morpheus/icons/dist/devices/tablet.png</logo>
	</row>
	<row>
		<label>Camera</label>
		<nb_visits>0</nb_visits>
		<segment>deviceType==camera</segment>
		<logo>plugins/Morpheus/icons/dist/devices/camera.png</logo>
	</row>
	<row>
		<label>Car browser</label>
		<nb_visits>0</nb_visits>
		<segment>deviceType==car+browser</segment>
		<logo>plugins/Morpheus/icons/dist/devices/car_browser.png</logo>
	</row>
	<row>
		<label>Console</label>
		<nb_visits>0</nb_visits>
		<segment>deviceType==console</segment>
		<logo>plugins/Morpheus/icons/dist/devices/console.png</logo>
	</row>
	<row>
		<label>Feature phone</label>
		<nb_visits>0</nb_visits>
		<segment>deviceType==feature+phone</segment>
		<logo>plugins/Morpheus/icons/dist/devices/feature_phone.png</logo>
	</row>
	<row>
		<label>Peripheral</label>
		<nb_visits>0</nb_visits>
		<segment>deviceType==peripheral</segment>
		<logo>plugins/Morpheus/icons/dist/devices/peripheral.png</logo>
	</row>
	<row>
		<label>Phablet</label>
		<nb_visits>0</nb_visits>
		<segment>deviceType==phablet</segment>
		<logo>plugins/Morpheus/icons/dist/devices/phablet.png</logo>
	</row>
	<row>
		<label>Portable media player</label>
		<nb_visits>0</nb_visits>
		<segment>deviceType==portable+media+player</segment>
		<logo>plugins/Morpheus/icons/dist/devices/portable_media_player.png</logo>
	</row>
	<row>
		<label>Smart display</label>
		<nb_visits>0</nb_visits>
		<segment>deviceType==smart+display</segment>
		<logo>plugins/Morpheus/icons/dist/devices/smart_display.png</logo>
	</row>
	<row>
		<label>Smart speaker</label>
		<nb_visits>0</nb_visits>
		<segment>deviceType==smart+speaker</segment>
		<logo>plugins/Morpheus/icons/dist/devices/smart_speaker.png</logo>
	</row>
	<row>
		<label>Tv</label>
		<nb_visits>0</nb_visits>
		<segment>deviceType==tv</segment>
		<logo>plugins/Morpheus/icons/dist/devices/tv.png</logo>
	</row>
	<row>
		<label>Wearable</label>
		<nb_visits>0</nb_visits>
		<segment>deviceType==wearable</segment>
		<logo>plugins/Morpheus/icons/dist/devices/wearable.png</logo>
	</row>
</result>