<?xml version="1.0" encoding="utf-8" ?>
<result>
	<row>
		<label>Desktop</label>
		<nb_visits>275</nb_visits>
		<nb_actions>873</nb_actions>
		<sum_visit_length>10217</sum_visit_length>
		<bounce_count>72</bounce_count>
		<nb_visits_converted>98</nb_visits_converted>
		<nb_conversions>184</nb_conversions>
		<revenue>606461</revenue>
		<goals>
			<row idgoal='1'>
				<nb_conversions>52</nb_conversions>
				<revenue>0</revenue>
				<nb_visits_converted>51</nb_visits_converted>
			</row>
			<row idgoal='2'>
				<nb_conversions>45</nb_conversions>
				<revenue>0</revenue>
				<nb_visits_converted>44</nb_visits_converted>
			</row>
			<row idgoal='3'>
				<nb_conversions>2</nb_conversions>
				<revenue>0</revenue>
				<nb_visits_converted>1</nb_visits_converted>
			</row>
			<row idgoal='4'>
				<nb_conversions>0</nb_conversions>
				<revenue>0</revenue>
				<nb_visits_converted>0</nb_visits_converted>
			</row>
			<row idgoal='5'>
				<nb_conversions>0</nb_conversions>
				<revenue>0</revenue>
				<nb_visits_converted>0</nb_visits_converted>
			</row>
			<row idgoal='ecommerceOrder'>
				<nb_conversions>85</nb_conversions>
				<revenue>606461</revenue>
				<items>446</items>
			</row>
		</goals>
		<sum_daily_nb_uniq_visitors>132</sum_daily_nb_uniq_visitors>
		<max_actions>2</max_actions>
		<sum_daily_nb_users>0</sum_daily_nb_users>
		<segment>deviceType==desktop</segment>
		<logo>plugins/Morpheus/icons/dist/devices/desktop.png</logo>
	</row>
	<row>
		<label>Smartphone</label>
		<nb_visits>182</nb_visits>
		<nb_actions>601</nb_actions>
		<sum_visit_length>14271</sum_visit_length>
		<bounce_count>59</bounce_count>
		<nb_visits_converted>63</nb_visits_converted>
		<nb_conversions>118</nb_conversions>
		<revenue>423349</revenue>
		<goals>
			<row idgoal='1'>
				<nb_conversions>33</nb_conversions>
				<revenue>0</revenue>
				<nb_visits_converted>32</nb_visits_converted>
			</row>
			<row idgoal='2'>
				<nb_conversions>26</nb_conversions>
				<revenue>0</revenue>
				<nb_visits_converted>25</nb_visits_converted>
			</row>
			<row idgoal='3'>
				<nb_conversions>5</nb_conversions>
				<revenue>0</revenue>
				<nb_visits_converted>2</nb_visits_converted>
			</row>
			<row idgoal='4'>
				<nb_conversions>0</nb_conversions>
				<revenue>0</revenue>
				<nb_visits_converted>0</nb_visits_converted>
			</row>
			<row idgoal='5'>
				<nb_conversions>0</nb_conversions>
				<revenue>0</revenue>
				<nb_visits_converted>0</nb_visits_converted>
			</row>
			<row idgoal='ecommerceOrder'>
				<nb_conversions>54</nb_conversions>
				<revenue>423349</revenue>
				<items>314</items>
			</row>
		</goals>
		<sum_daily_nb_uniq_visitors>105</sum_daily_nb_uniq_visitors>
		<segment>deviceType==smartphone</segment>
		<logo>plugins/Morpheus/icons/dist/devices/smartphone.png</logo>
	</row>
	<row>
		<label>Tablet</label>
		<nb_visits>56</nb_visits>
		<nb_actions>189</nb_actions>
		<sum_visit_length>2739</sum_visit_length>
		<bounce_count>13</bounce_count>
		<nb_visits_converted>23</nb_visits_converted>
		<nb_conversions>41</nb_conversions>
		<revenue>127171</revenue>
		<goals>
			<row idgoal='1'>
				<nb_conversions>10</nb_conversions>
				<revenue>0</revenue>
				<nb_visits_converted>8</nb_visits_converted>
			</row>
			<row idgoal='2'>
				<nb_conversions>13</nb_conversions>
				<revenue>0</revenue>
				<nb_visits_converted>12</nb_visits_converted>
			</row>
			<row idgoal='3'>
				<nb_conversions>1</nb_conversions>
				<revenue>0</revenue>
				<nb_visits_converted>0</nb_visits_converted>
			</row>
			<row idgoal='4'>
				<nb_conversions>0</nb_conversions>
				<revenue>0</revenue>
				<nb_visits_converted>0</nb_visits_converted>
			</row>
			<row idgoal='5'>
				<nb_conversions>0</nb_conversions>
				<revenue>0</revenue>
				<nb_visits_converted>0</nb_visits_converted>
			</row>
			<row idgoal='ecommerceOrder'>
				<nb_conversions>17</nb_conversions>
				<revenue>127171</revenue>
				<items>98</items>
			</row>
		</goals>
		<sum_daily_nb_uniq_visitors>47</sum_daily_nb_uniq_visitors>
		<segment>deviceType==tablet</segment>
		<logo>plugins/Morpheus/icons/dist/devices/tablet.png</logo>
	</row>
	<row>
		<label>Camera</label>
		<nb_visits>0</nb_visits>
		<segment>deviceType==camera</segment>
		<logo>plugins/Morpheus/icons/dist/devices/camera.png</logo>
	</row>
	<row>
		<label>Car browser</label>
		<nb_visits>0</nb_visits>
		<segment>deviceType==car+browser</segment>
		<logo>plugins/Morpheus/icons/dist/devices/car_browser.png</logo>
	</row>
	<row>
		<label>Console</label>
		<nb_visits>0</nb_visits>
		<segment>deviceType==console</segment>
		<logo>plugins/Morpheus/icons/dist/devices/console.png</logo>
	</row>
	<row>
		<label>Feature phone</label>
		<nb_visits>0</nb_visits>
		<segment>deviceType==feature+phone</segment>
		<logo>plugins/Morpheus/icons/dist/devices/feature_phone.png</logo>
	</row>
	<row>
		<label>Peripheral</label>
		<nb_visits>0</nb_visits>
		<segment>deviceType==peripheral</segment>
		<logo>plugins/Morpheus/icons/dist/devices/peripheral.png</logo>
	</row>
	<row>
		<label>Phablet</label>
		<nb_visits>0</nb_visits>
		<segment>deviceType==phablet</segment>
		<logo>plugins/Morpheus/icons/dist/devices/phablet.png</logo>
	</row>
	<row>
		<label>Portable media player</label>
		<nb_visits>0</nb_visits>
		<segment>deviceType==portable+media+player</segment>
		<logo>plugins/Morpheus/icons/dist/devices/portable_media_player.png</logo>
	</row>
	<row>
		<label>Smart display</label>
		<nb_visits>0</nb_visits>
		<segment>deviceType==smart+display</segment>
		<logo>plugins/Morpheus/icons/dist/devices/smart_display.png</logo>
	</row>
	<row>
		<label>Smart speaker</label>
		<nb_visits>0</nb_visits>
		<segment>deviceType==smart+speaker</segment>
		<logo>plugins/Morpheus/icons/dist/devices/smart_speaker.png</logo>
	</row>
	<row>
		<label>Tv</label>
		<nb_visits>0</nb_visits>
		<segment>deviceType==tv</segment>
		<logo>plugins/Morpheus/icons/dist/devices/tv.png</logo>
	</row>
	<row>
		<label>Wearable</label>
		<nb_visits>0</nb_visits>
		<segment>deviceType==wearable</segment>
		<logo>plugins/Morpheus/icons/dist/devices/wearable.png</logo>
	</row>
</result>