<?xml version="1.0" encoding="utf-8" ?>
<result>
	<row>
		<label> Search</label>
		<nb_visits>63</nb_visits>
		<nb_hits>64</nb_hits>
		<sum_time_spent>46</sum_time_spent>
		<entry_nb_visits>18</entry_nb_visits>
		<entry_nb_actions>64</entry_nb_actions>
		<entry_sum_visit_length>17</entry_sum_visit_length>
		<entry_bounce_count>7</entry_bounce_count>
		<sum_daily_nb_uniq_visitors>37</sum_daily_nb_uniq_visitors>
		<exit_nb_visits>7</exit_nb_visits>
		<avg_bandwidth>0</avg_bandwidth>
		<avg_page_load_time>0</avg_page_load_time>
		<avg_time_on_page>1</avg_time_on_page>
		<bounce_rate>39%</bounce_rate>
		<exit_rate>11%</exit_rate>
		<segment>exitPageTitle==Search</segment>
	</row>
	<row>
		<label> BLOG!!</label>
		<nb_visits>50</nb_visits>
		<nb_hits>55</nb_hits>
		<sum_time_spent>1086</sum_time_spent>
		<entry_nb_visits>40</entry_nb_visits>
		<entry_nb_actions>55</entry_nb_actions>
		<entry_sum_visit_length>1815</entry_sum_visit_length>
		<entry_bounce_count>10</entry_bounce_count>
		<exit_nb_visits>47</exit_nb_visits>
		<sum_daily_nb_uniq_visitors>32</sum_daily_nb_uniq_visitors>
		<avg_bandwidth>0</avg_bandwidth>
		<avg_page_load_time>0</avg_page_load_time>
		<avg_time_on_page>20</avg_time_on_page>
		<bounce_rate>25%</bounce_rate>
		<exit_rate>94%</exit_rate>
		<segment>exitPageTitle==BLOG%2521%2521</segment>
	</row>
	<row>
		<label> ABOUT!!</label>
		<nb_visits>43</nb_visits>
		<nb_hits>44</nb_hits>
		<sum_time_spent>1312</sum_time_spent>
		<entry_nb_visits>40</entry_nb_visits>
		<entry_nb_actions>44</entry_nb_actions>
		<entry_sum_visit_length>1284</entry_sum_visit_length>
		<entry_bounce_count>12</entry_bounce_count>
		<exit_nb_visits>39</exit_nb_visits>
		<sum_daily_nb_uniq_visitors>28</sum_daily_nb_uniq_visitors>
		<avg_bandwidth>0</avg_bandwidth>
		<avg_page_load_time>0</avg_page_load_time>
		<avg_time_on_page>30</avg_time_on_page>
		<bounce_rate>30%</bounce_rate>
		<exit_rate>91%</exit_rate>
		<segment>exitPageTitle==ABOUT%2521%2521</segment>
	</row>
	<row>
		<label> inde par region et ville</label>
		<nb_visits>39</nb_visits>
		<nb_hits>43</nb_hits>
		<sum_time_spent>1814</sum_time_spent>
		<entry_nb_visits>33</entry_nb_visits>
		<entry_nb_actions>43</entry_nb_actions>
		<entry_sum_visit_length>1467</entry_sum_visit_length>
		<entry_bounce_count>7</entry_bounce_count>
		<exit_nb_visits>31</exit_nb_visits>
		<sum_daily_nb_uniq_visitors>25</sum_daily_nb_uniq_visitors>
		<avg_bandwidth>0</avg_bandwidth>
		<avg_page_load_time>0</avg_page_load_time>
		<avg_time_on_page>42</avg_time_on_page>
		<bounce_rate>21%</bounce_rate>
		<exit_rate>79%</exit_rate>
		<segment>exitPageTitle==inde%2Bpar%2Bregion%2Bet%2Bville</segment>
	</row>
	<row>
		<label> Crestwood</label>
		<nb_visits>15</nb_visits>
		<nb_hits>15</nb_hits>
		<sum_time_spent>971</sum_time_spent>
		<entry_nb_visits>13</entry_nb_visits>
		<entry_nb_actions>15</entry_nb_actions>
		<entry_sum_visit_length>1130</entry_sum_visit_length>
		<entry_bounce_count>3</entry_bounce_count>
		<exit_nb_visits>10</exit_nb_visits>
		<sum_daily_nb_uniq_visitors>15</sum_daily_nb_uniq_visitors>
		<avg_bandwidth>0</avg_bandwidth>
		<avg_page_load_time>0</avg_page_load_time>
		<avg_time_on_page>65</avg_time_on_page>
		<bounce_rate>23%</bounce_rate>
		<exit_rate>67%</exit_rate>
		<segment>exitPageTitle==Crestwood</segment>
	</row>
	<row>
		<label> Solas</label>
		<nb_visits>12</nb_visits>
		<nb_hits>13</nb_hits>
		<sum_time_spent>699</sum_time_spent>
		<entry_nb_visits>11</entry_nb_visits>
		<entry_nb_actions>13</entry_nb_actions>
		<entry_sum_visit_length>471</entry_sum_visit_length>
		<entry_bounce_count>2</entry_bounce_count>
		<exit_nb_visits>12</exit_nb_visits>
		<sum_daily_nb_uniq_visitors>11</sum_daily_nb_uniq_visitors>
		<avg_bandwidth>0</avg_bandwidth>
		<avg_page_load_time>0</avg_page_load_time>
		<avg_time_on_page>54</avg_time_on_page>
		<bounce_rate>18%</bounce_rate>
		<exit_rate>100%</exit_rate>
		<segment>exitPageTitle==Solas</segment>
	</row>
	<row>
		<label> Seleny</label>
		<nb_visits>11</nb_visits>
		<nb_hits>11</nb_hits>
		<sum_time_spent>78</sum_time_spent>
		<entry_nb_visits>6</entry_nb_visits>
		<entry_nb_actions>11</entry_nb_actions>
		<entry_sum_visit_length>1</entry_sum_visit_length>
		<entry_bounce_count>2</entry_bounce_count>
		<exit_nb_visits>9</exit_nb_visits>
		<sum_daily_nb_uniq_visitors>10</sum_daily_nb_uniq_visitors>
		<avg_bandwidth>0</avg_bandwidth>
		<avg_page_load_time>0</avg_page_load_time>
		<avg_time_on_page>7</avg_time_on_page>
		<bounce_rate>33%</bounce_rate>
		<exit_rate>82%</exit_rate>
		<segment>exitPageTitle==Seleny</segment>
	</row>
	<row>
		<label> Top 10 des plus belles Plong√©es Sous Marine dans le Monde ! - Blog &amp; photos Matthieu Blog &amp; photos Matthieu</label>
		<nb_visits>10</nb_visits>
		<nb_hits>11</nb_hits>
		<sum_time_spent>53</sum_time_spent>
		<entry_nb_visits>10</entry_nb_visits>
		<entry_nb_actions>11</entry_nb_actions>
		<entry_sum_visit_length>53</entry_sum_visit_length>
		<entry_bounce_count>9</entry_bounce_count>
		<exit_nb_visits>10</exit_nb_visits>
		<sum_daily_nb_uniq_visitors>10</sum_daily_nb_uniq_visitors>
		<avg_bandwidth>0</avg_bandwidth>
		<avg_page_load_time>0</avg_page_load_time>
		<avg_time_on_page>5</avg_time_on_page>
		<bounce_rate>90%</bounce_rate>
		<exit_rate>100%</exit_rate>
		<segment>exitPageTitle==Top%2B10%2Bdes%2Bplus%2Bbelles%2BPlong%25C3%25A9es%2BSous%2BMarine%2Bdans%2Ble%2BMonde%2B%2521%2B-%2BBlog%2B%2526%2Bphotos%2BMatthieu%2BBlog%2B%2526%2Bphotos%2BMatthieu</segment>
	</row>
	<row>
		<label> Winter Palace</label>
		<nb_visits>10</nb_visits>
		<nb_hits>10</nb_hits>
		<sum_time_spent>78</sum_time_spent>
		<entry_nb_visits>8</entry_nb_visits>
		<entry_nb_actions>10</entry_nb_actions>
		<entry_sum_visit_length>66</entry_sum_visit_length>
		<entry_bounce_count>2</entry_bounce_count>
		<exit_nb_visits>7</exit_nb_visits>
		<sum_daily_nb_uniq_visitors>10</sum_daily_nb_uniq_visitors>
		<avg_bandwidth>0</avg_bandwidth>
		<avg_page_load_time>0</avg_page_load_time>
		<avg_time_on_page>8</avg_time_on_page>
		<bounce_rate>25%</bounce_rate>
		<exit_rate>70%</exit_rate>
		<segment>exitPageTitle==Winter%2BPalace</segment>
	</row>
	<row>
		<label> Caer Bronach</label>
		<nb_visits>9</nb_visits>
		<nb_hits>9</nb_hits>
		<sum_time_spent>6</sum_time_spent>
		<entry_nb_visits>7</entry_nb_visits>
		<entry_nb_actions>9</entry_nb_actions>
		<entry_sum_visit_length>6</entry_sum_visit_length>
		<entry_bounce_count>1</entry_bounce_count>
		<exit_nb_visits>9</exit_nb_visits>
		<sum_daily_nb_uniq_visitors>9</sum_daily_nb_uniq_visitors>
		<avg_bandwidth>0</avg_bandwidth>
		<avg_page_load_time>0</avg_page_load_time>
		<avg_time_on_page>1</avg_time_on_page>
		<bounce_rate>14%</bounce_rate>
		<exit_rate>100%</exit_rate>
		<segment>exitPageTitle==Caer%2BBronach</segment>
	</row>
	<row>
		<label> Redcliffe</label>
		<nb_visits>9</nb_visits>
		<nb_hits>9</nb_hits>
		<sum_time_spent>398</sum_time_spent>
		<entry_nb_visits>5</entry_nb_visits>
		<entry_nb_actions>9</entry_nb_actions>
		<entry_sum_visit_length>233</entry_sum_visit_length>
		<entry_bounce_count>0</entry_bounce_count>
		<exit_nb_visits>6</exit_nb_visits>
		<sum_daily_nb_uniq_visitors>9</sum_daily_nb_uniq_visitors>
		<avg_bandwidth>0</avg_bandwidth>
		<avg_page_load_time>0</avg_page_load_time>
		<avg_time_on_page>44</avg_time_on_page>
		<bounce_rate>0%</bounce_rate>
		<exit_rate>67%</exit_rate>
		<segment>exitPageTitle==Redcliffe</segment>
	</row>
	<row>
		<label> Sahrnia</label>
		<nb_visits>9</nb_visits>
		<nb_hits>9</nb_hits>
		<sum_time_spent>106</sum_time_spent>
		<entry_nb_visits>6</entry_nb_visits>
		<entry_nb_actions>9</entry_nb_actions>
		<entry_sum_visit_length>572</entry_sum_visit_length>
		<entry_bounce_count>1</entry_bounce_count>
		<exit_nb_visits>8</exit_nb_visits>
		<sum_daily_nb_uniq_visitors>8</sum_daily_nb_uniq_visitors>
		<avg_bandwidth>0</avg_bandwidth>
		<avg_page_load_time>0</avg_page_load_time>
		<avg_time_on_page>12</avg_time_on_page>
		<bounce_rate>17%</bounce_rate>
		<exit_rate>89%</exit_rate>
		<segment>exitPageTitle==Sahrnia</segment>
	</row>
	<row>
		<label> Western Approach</label>
		<nb_visits>8</nb_visits>
		<nb_hits>8</nb_hits>
		<sum_time_spent>75</sum_time_spent>
		<entry_nb_visits>6</entry_nb_visits>
		<entry_nb_actions>8</entry_nb_actions>
		<entry_sum_visit_length>34</entry_sum_visit_length>
		<entry_bounce_count>2</entry_bounce_count>
		<exit_nb_visits>6</exit_nb_visits>
		<sum_daily_nb_uniq_visitors>8</sum_daily_nb_uniq_visitors>
		<avg_bandwidth>0</avg_bandwidth>
		<avg_page_load_time>0</avg_page_load_time>
		<avg_time_on_page>9</avg_time_on_page>
		<bounce_rate>33%</bounce_rate>
		<exit_rate>75%</exit_rate>
		<segment>exitPageTitle==Western%2BApproach</segment>
	</row>
	<row>
		<label> Markhem</label>
		<nb_visits>7</nb_visits>
		<nb_hits>7</nb_hits>
		<sum_time_spent>187</sum_time_spent>
		<entry_nb_visits>5</entry_nb_visits>
		<entry_nb_actions>7</entry_nb_actions>
		<entry_sum_visit_length>187</entry_sum_visit_length>
		<entry_bounce_count>0</entry_bounce_count>
		<exit_nb_visits>7</exit_nb_visits>
		<sum_daily_nb_uniq_visitors>6</sum_daily_nb_uniq_visitors>
		<avg_bandwidth>0</avg_bandwidth>
		<avg_page_load_time>0</avg_page_load_time>
		<avg_time_on_page>27</avg_time_on_page>
		<bounce_rate>0%</bounce_rate>
		<exit_rate>100%</exit_rate>
		<segment>exitPageTitle==Markhem</segment>
	</row>
	<row>
		<label> The Arbor Wilds</label>
		<nb_visits>7</nb_visits>
		<nb_hits>7</nb_hits>
		<sum_time_spent>868</sum_time_spent>
		<entry_nb_visits>6</entry_nb_visits>
		<entry_nb_actions>7</entry_nb_actions>
		<entry_sum_visit_length>487</entry_sum_visit_length>
		<entry_bounce_count>0</entry_bounce_count>
		<sum_daily_nb_uniq_visitors>7</sum_daily_nb_uniq_visitors>
		<exit_nb_visits>5</exit_nb_visits>
		<avg_bandwidth>0</avg_bandwidth>
		<avg_page_load_time>0</avg_page_load_time>
		<avg_time_on_page>124</avg_time_on_page>
		<bounce_rate>0%</bounce_rate>
		<exit_rate>71%</exit_rate>
		<segment>exitPageTitle==The%2BArbor%2BWilds</segment>
	</row>
	<row>
		<label> Trevis</label>
		<nb_visits>7</nb_visits>
		<nb_hits>7</nb_hits>
		<sum_time_spent>50</sum_time_spent>
		<entry_nb_visits>4</entry_nb_visits>
		<entry_nb_actions>7</entry_nb_actions>
		<entry_sum_visit_length>3</entry_sum_visit_length>
		<entry_bounce_count>2</entry_bounce_count>
		<exit_nb_visits>6</exit_nb_visits>
		<sum_daily_nb_uniq_visitors>7</sum_daily_nb_uniq_visitors>
		<avg_bandwidth>0</avg_bandwidth>
		<avg_page_load_time>0</avg_page_load_time>
		<avg_time_on_page>7</avg_time_on_page>
		<bounce_rate>50%</bounce_rate>
		<exit_rate>86%</exit_rate>
		<segment>exitPageTitle==Trevis</segment>
	</row>
	<row>
		<label> Laysh</label>
		<nb_visits>6</nb_visits>
		<nb_hits>6</nb_hits>
		<sum_time_spent>40</sum_time_spent>
		<entry_nb_visits>6</entry_nb_visits>
		<entry_nb_actions>6</entry_nb_actions>
		<entry_sum_visit_length>40</entry_sum_visit_length>
		<entry_bounce_count>0</entry_bounce_count>
		<exit_nb_visits>5</exit_nb_visits>
		<sum_daily_nb_uniq_visitors>6</sum_daily_nb_uniq_visitors>
		<avg_bandwidth>0</avg_bandwidth>
		<avg_page_load_time>0</avg_page_load_time>
		<avg_time_on_page>7</avg_time_on_page>
		<bounce_rate>0%</bounce_rate>
		<exit_rate>83%</exit_rate>
		<segment>exitPageTitle==Laysh</segment>
	</row>
	<row>
		<label> Co√ªt de la vie en Inde - Blog &amp; photos Matthieu Blog &amp; photos Matthieu</label>
		<nb_visits>4</nb_visits>
		<nb_hits>6</nb_hits>
		<sum_time_spent>3317</sum_time_spent>
		<entry_nb_visits>4</entry_nb_visits>
		<entry_nb_actions>6</entry_nb_actions>
		<entry_sum_visit_length>3317</entry_sum_visit_length>
		<entry_bounce_count>2</entry_bounce_count>
		<exit_nb_visits>4</exit_nb_visits>
		<sum_daily_nb_uniq_visitors>4</sum_daily_nb_uniq_visitors>
		<avg_bandwidth>0</avg_bandwidth>
		<avg_page_load_time>0</avg_page_load_time>
		<avg_time_on_page>553</avg_time_on_page>
		<bounce_rate>50%</bounce_rate>
		<exit_rate>100%</exit_rate>
		<segment>exitPageTitle==Co%25C3%25BBt%2Bde%2Bla%2Bvie%2Ben%2BInde%2B-%2BBlog%2B%2526%2Bphotos%2BMatthieu%2BBlog%2B%2526%2Bphotos%2BMatthieu</segment>
	</row>
	<row>
		<label> Itin√©raire d'un voyage en Indon√©sie - Blog &amp; photos Matthieu Blog &amp; photos Matthieu</label>
		<nb_visits>2</nb_visits>
		<nb_hits>3</nb_hits>
		<sum_time_spent>463</sum_time_spent>
		<entry_nb_visits>2</entry_nb_visits>
		<entry_nb_actions>3</entry_nb_actions>
		<entry_sum_visit_length>475</entry_sum_visit_length>
		<entry_bounce_count>1</entry_bounce_count>
		<exit_nb_visits>2</exit_nb_visits>
		<sum_daily_nb_uniq_visitors>2</sum_daily_nb_uniq_visitors>
		<avg_bandwidth>0</avg_bandwidth>
		<avg_page_load_time>0</avg_page_load_time>
		<avg_time_on_page>154</avg_time_on_page>
		<bounce_rate>50%</bounce_rate>
		<exit_rate>100%</exit_rate>
		<segment>exitPageTitle==Itin%25C3%25A9raire%2Bd%2527un%2Bvoyage%2Ben%2BIndon%25C3%25A9sie%2B-%2BBlog%2B%2526%2Bphotos%2BMatthieu%2BBlog%2B%2526%2Bphotos%2BMatthieu</segment>
	</row>
	<row>
		<label> La vie √† Chennai en Inde - Blog &amp; photos Matthieu Blog &amp; photos Matthieu</label>
		<nb_visits>2</nb_visits>
		<nb_hits>2</nb_hits>
		<sum_time_spent>0</sum_time_spent>
		<entry_nb_visits>2</entry_nb_visits>
		<entry_nb_actions>2</entry_nb_actions>
		<entry_sum_visit_length>0</entry_sum_visit_length>
		<entry_bounce_count>2</entry_bounce_count>
		<exit_nb_visits>2</exit_nb_visits>
		<sum_daily_nb_uniq_visitors>2</sum_daily_nb_uniq_visitors>
		<avg_bandwidth>0</avg_bandwidth>
		<avg_page_load_time>0</avg_page_load_time>
		<avg_time_on_page>0</avg_time_on_page>
		<bounce_rate>100%</bounce_rate>
		<exit_rate>100%</exit_rate>
		<segment>exitPageTitle==La%2Bvie%2B%25C3%25A0%2BChennai%2Ben%2BInde%2B-%2BBlog%2B%2526%2Bphotos%2BMatthieu%2BBlog%2B%2526%2Bphotos%2BMatthieu</segment>
	</row>
	<row>
		<label> Photo Filles en Bikini - Blog &amp; photos Matthieu Blog &amp; photos Matthieu</label>
		<nb_visits>2</nb_visits>
		<nb_hits>2</nb_hits>
		<sum_time_spent>0</sum_time_spent>
		<entry_nb_visits>2</entry_nb_visits>
		<entry_nb_actions>2</entry_nb_actions>
		<entry_sum_visit_length>0</entry_sum_visit_length>
		<entry_bounce_count>2</entry_bounce_count>
		<exit_nb_visits>2</exit_nb_visits>
		<sum_daily_nb_uniq_visitors>2</sum_daily_nb_uniq_visitors>
		<avg_bandwidth>0</avg_bandwidth>
		<avg_page_load_time>0</avg_page_load_time>
		<avg_time_on_page>0</avg_time_on_page>
		<bounce_rate>100%</bounce_rate>
		<exit_rate>100%</exit_rate>
		<segment>exitPageTitle==Photo%2BFilles%2Ben%2BBikini%2B-%2BBlog%2B%2526%2Bphotos%2BMatthieu%2BBlog%2B%2526%2Bphotos%2BMatthieu</segment>
	</row>
	<row>
		<label> Que faire √† Bali? - Blog &amp; photos Matthieu Blog &amp; photos Matthieu</label>
		<nb_visits>2</nb_visits>
		<nb_hits>2</nb_hits>
		<sum_time_spent>11</sum_time_spent>
		<entry_nb_visits>0</entry_nb_visits>
		<entry_nb_actions>2</entry_nb_actions>
		<entry_sum_visit_length>0</entry_sum_visit_length>
		<entry_bounce_count>0</entry_bounce_count>
		<exit_nb_visits>1</exit_nb_visits>
		<sum_daily_nb_uniq_visitors>2</sum_daily_nb_uniq_visitors>
		<avg_bandwidth>0</avg_bandwidth>
		<avg_page_load_time>0</avg_page_load_time>
		<avg_time_on_page>6</avg_time_on_page>
		<bounce_rate>0%</bounce_rate>
		<exit_rate>50%</exit_rate>
		<segment>exitPageTitle==Que%2Bfaire%2B%25C3%25A0%2BBali%253F%2B-%2BBlog%2B%2526%2Bphotos%2BMatthieu%2BBlog%2B%2526%2Bphotos%2BMatthieu</segment>
	</row>
	<row>
		<label> Visite de Madurai - Blog &amp; photos Matthieu Blog &amp; photos Matthieu</label>
		<nb_visits>2</nb_visits>
		<nb_hits>3</nb_hits>
		<sum_time_spent>1193</sum_time_spent>
		<entry_nb_visits>2</entry_nb_visits>
		<entry_nb_actions>3</entry_nb_actions>
		<entry_sum_visit_length>1193</entry_sum_visit_length>
		<entry_bounce_count>1</entry_bounce_count>
		<exit_nb_visits>2</exit_nb_visits>
		<sum_daily_nb_uniq_visitors>2</sum_daily_nb_uniq_visitors>
		<avg_bandwidth>0</avg_bandwidth>
		<avg_page_load_time>0</avg_page_load_time>
		<avg_time_on_page>398</avg_time_on_page>
		<bounce_rate>50%</bounce_rate>
		<exit_rate>100%</exit_rate>
		<segment>exitPageTitle==Visite%2Bde%2BMadurai%2B-%2BBlog%2B%2526%2Bphotos%2BMatthieu%2BBlog%2B%2526%2Bphotos%2BMatthieu</segment>
	</row>
	<row>
		<label> Accouplement de singes - Blog &amp; photos Matthieu Blog &amp; photos Matthieu</label>
		<nb_visits>1</nb_visits>
		<nb_hits>1</nb_hits>
		<sum_time_spent>0</sum_time_spent>
		<entry_nb_visits>1</entry_nb_visits>
		<entry_nb_actions>1</entry_nb_actions>
		<entry_sum_visit_length>0</entry_sum_visit_length>
		<entry_bounce_count>1</entry_bounce_count>
		<exit_nb_visits>1</exit_nb_visits>
		<sum_daily_nb_uniq_visitors>1</sum_daily_nb_uniq_visitors>
		<avg_bandwidth>0</avg_bandwidth>
		<avg_page_load_time>0</avg_page_load_time>
		<avg_time_on_page>0</avg_time_on_page>
		<bounce_rate>100%</bounce_rate>
		<exit_rate>100%</exit_rate>
		<segment>exitPageTitle==Accouplement%2Bde%2Bsinges%2B-%2BBlog%2B%2526%2Bphotos%2BMatthieu%2BBlog%2B%2526%2Bphotos%2BMatthieu</segment>
	</row>
	<row>
		<label> Ch√¢teau de Chambord, Visite &amp; Photos - Blog &amp; photos Matthieu Blog &amp; photos Matthieu</label>
		<nb_visits>1</nb_visits>
		<nb_hits>2</nb_hits>
		<sum_time_spent>28</sum_time_spent>
		<entry_nb_visits>1</entry_nb_visits>
		<entry_nb_actions>2</entry_nb_actions>
		<entry_sum_visit_length>28</entry_sum_visit_length>
		<entry_bounce_count>0</entry_bounce_count>
		<exit_nb_visits>1</exit_nb_visits>
		<sum_daily_nb_uniq_visitors>1</sum_daily_nb_uniq_visitors>
		<avg_bandwidth>0</avg_bandwidth>
		<avg_page_load_time>0</avg_page_load_time>
		<avg_time_on_page>14</avg_time_on_page>
		<bounce_rate>0%</bounce_rate>
		<exit_rate>100%</exit_rate>
		<segment>exitPageTitle==Ch%25C3%25A2teau%2Bde%2BChambord%252C%2BVisite%2B%2526%2BPhotos%2B-%2BBlog%2B%2526%2Bphotos%2BMatthieu%2BBlog%2B%2526%2Bphotos%2BMatthieu</segment>
	</row>
	<row>
		<label> Cirque du soleil : magnifique ! - Blog &amp; photos Matthieu Blog &amp; photos Matthieu</label>
		<nb_visits>1</nb_visits>
		<nb_hits>1</nb_hits>
		<sum_time_spent>0</sum_time_spent>
		<entry_nb_visits>1</entry_nb_visits>
		<entry_nb_actions>1</entry_nb_actions>
		<entry_sum_visit_length>0</entry_sum_visit_length>
		<entry_bounce_count>1</entry_bounce_count>
		<exit_nb_visits>1</exit_nb_visits>
		<sum_daily_nb_uniq_visitors>1</sum_daily_nb_uniq_visitors>
		<avg_bandwidth>0</avg_bandwidth>
		<avg_page_load_time>0</avg_page_load_time>
		<avg_time_on_page>0</avg_time_on_page>
		<bounce_rate>100%</bounce_rate>
		<exit_rate>100%</exit_rate>
		<segment>exitPageTitle==Cirque%2Bdu%2Bsoleil%2B%253A%2Bmagnifique%2B%2521%2B-%2BBlog%2B%2526%2Bphotos%2BMatthieu%2BBlog%2B%2526%2Bphotos%2BMatthieu</segment>
	</row>
	<row>
		<label> Claire l'australienne - Blog &amp; photos Matthieu Blog &amp; photos Matthieu</label>
		<nb_visits>1</nb_visits>
		<nb_hits>2</nb_hits>
		<sum_time_spent>16</sum_time_spent>
		<entry_nb_visits>0</entry_nb_visits>
		<entry_nb_actions>2</entry_nb_actions>
		<entry_sum_visit_length>0</entry_sum_visit_length>
		<entry_bounce_count>0</entry_bounce_count>
		<exit_nb_visits>1</exit_nb_visits>
		<sum_daily_nb_uniq_visitors>1</sum_daily_nb_uniq_visitors>
		<avg_bandwidth>0</avg_bandwidth>
		<avg_page_load_time>0</avg_page_load_time>
		<avg_time_on_page>8</avg_time_on_page>
		<bounce_rate>0%</bounce_rate>
		<exit_rate>100%</exit_rate>
		<segment>exitPageTitle==Claire%2Bl%2527australienne%2B-%2BBlog%2B%2526%2Bphotos%2BMatthieu%2BBlog%2B%2526%2Bphotos%2BMatthieu</segment>
	</row>
	<row>
		<label> Couleurs et jonglerie - Blog &amp; photos Matthieu Blog &amp; photos Matthieu</label>
		<nb_visits>1</nb_visits>
		<nb_hits>1</nb_hits>
		<sum_time_spent>0</sum_time_spent>
		<entry_nb_visits>1</entry_nb_visits>
		<entry_nb_actions>1</entry_nb_actions>
		<entry_sum_visit_length>0</entry_sum_visit_length>
		<entry_bounce_count>1</entry_bounce_count>
		<exit_nb_visits>1</exit_nb_visits>
		<sum_daily_nb_uniq_visitors>1</sum_daily_nb_uniq_visitors>
		<avg_bandwidth>0</avg_bandwidth>
		<avg_page_load_time>0</avg_page_load_time>
		<avg_time_on_page>0</avg_time_on_page>
		<bounce_rate>100%</bounce_rate>
		<exit_rate>100%</exit_rate>
		<segment>exitPageTitle==Couleurs%2Bet%2Bjonglerie%2B-%2BBlog%2B%2526%2Bphotos%2BMatthieu%2BBlog%2B%2526%2Bphotos%2BMatthieu</segment>
	</row>
	<row>
		<label> Interdiction de s'embrasser en angleterre - Blog &amp; photos Matthieu Blog &amp; photos Matthieu</label>
		<nb_visits>1</nb_visits>
		<nb_hits>1</nb_hits>
		<sum_time_spent>0</sum_time_spent>
		<entry_nb_visits>1</entry_nb_visits>
		<entry_nb_actions>1</entry_nb_actions>
		<entry_sum_visit_length>0</entry_sum_visit_length>
		<entry_bounce_count>1</entry_bounce_count>
		<exit_nb_visits>1</exit_nb_visits>
		<sum_daily_nb_uniq_visitors>1</sum_daily_nb_uniq_visitors>
		<avg_bandwidth>0</avg_bandwidth>
		<avg_page_load_time>0</avg_page_load_time>
		<avg_time_on_page>0</avg_time_on_page>
		<bounce_rate>100%</bounce_rate>
		<exit_rate>100%</exit_rate>
		<segment>exitPageTitle==Interdiction%2Bde%2Bs%2527embrasser%2Ben%2Bangleterre%2B-%2BBlog%2B%2526%2Bphotos%2BMatthieu%2BBlog%2B%2526%2Bphotos%2BMatthieu</segment>
	</row>
	<row>
		<label> Le Th√©isme Philosophique - Blog &amp; photos Matthieu Blog &amp; photos Matthieu</label>
		<nb_visits>1</nb_visits>
		<nb_hits>2</nb_hits>
		<sum_time_spent>261</sum_time_spent>
		<entry_nb_visits>1</entry_nb_visits>
		<entry_nb_actions>2</entry_nb_actions>
		<entry_sum_visit_length>261</entry_sum_visit_length>
		<entry_bounce_count>0</entry_bounce_count>
		<exit_nb_visits>1</exit_nb_visits>
		<sum_daily_nb_uniq_visitors>1</sum_daily_nb_uniq_visitors>
		<avg_bandwidth>0</avg_bandwidth>
		<avg_page_load_time>0</avg_page_load_time>
		<avg_time_on_page>131</avg_time_on_page>
		<bounce_rate>0%</bounce_rate>
		<exit_rate>100%</exit_rate>
		<segment>exitPageTitle==Le%2BTh%25C3%25A9isme%2BPhilosophique%2B-%2BBlog%2B%2526%2Bphotos%2BMatthieu%2BBlog%2B%2526%2Bphotos%2BMatthieu</segment>
	</row>
	<row>
		<label> Londres Archives - Blog &amp; photos Matthieu Blog &amp; photos Matthieu</label>
		<nb_visits>1</nb_visits>
		<nb_hits>1</nb_hits>
		<sum_time_spent>0</sum_time_spent>
		<entry_nb_visits>1</entry_nb_visits>
		<entry_nb_actions>1</entry_nb_actions>
		<entry_sum_visit_length>0</entry_sum_visit_length>
		<entry_bounce_count>1</entry_bounce_count>
		<exit_nb_visits>1</exit_nb_visits>
		<sum_daily_nb_uniq_visitors>1</sum_daily_nb_uniq_visitors>
		<avg_bandwidth>0</avg_bandwidth>
		<avg_page_load_time>0</avg_page_load_time>
		<avg_time_on_page>0</avg_time_on_page>
		<bounce_rate>100%</bounce_rate>
		<exit_rate>100%</exit_rate>
		<segment>exitPageTitle==Londres%2BArchives%2B-%2BBlog%2B%2526%2Bphotos%2BMatthieu%2BBlog%2B%2526%2Bphotos%2BMatthieu</segment>
	</row>
	<row>
		<label> Premier jour de folie √† Munnar - Blog &amp; photos Matthieu Blog &amp; photos Matthieu</label>
		<nb_visits>1</nb_visits>
		<nb_hits>1</nb_hits>
		<sum_time_spent>0</sum_time_spent>
		<entry_nb_visits>1</entry_nb_visits>
		<entry_nb_actions>1</entry_nb_actions>
		<entry_sum_visit_length>0</entry_sum_visit_length>
		<entry_bounce_count>1</entry_bounce_count>
		<exit_nb_visits>1</exit_nb_visits>
		<sum_daily_nb_uniq_visitors>1</sum_daily_nb_uniq_visitors>
		<avg_bandwidth>0</avg_bandwidth>
		<avg_page_load_time>0</avg_page_load_time>
		<avg_time_on_page>0</avg_time_on_page>
		<bounce_rate>100%</bounce_rate>
		<exit_rate>100%</exit_rate>
		<segment>exitPageTitle==Premier%2Bjour%2Bde%2Bfolie%2B%25C3%25A0%2BMunnar%2B-%2BBlog%2B%2526%2Bphotos%2BMatthieu%2BBlog%2B%2526%2Bphotos%2BMatthieu</segment>
	</row>
	<row>
		<label> Vid√©o pr√©paration des momos - Blog &amp; photos Matthieu Blog &amp; photos Matthieu</label>
		<nb_visits>1</nb_visits>
		<nb_hits>1</nb_hits>
		<sum_time_spent>0</sum_time_spent>
		<entry_nb_visits>1</entry_nb_visits>
		<entry_nb_actions>1</entry_nb_actions>
		<entry_sum_visit_length>0</entry_sum_visit_length>
		<entry_bounce_count>1</entry_bounce_count>
		<exit_nb_visits>1</exit_nb_visits>
		<sum_daily_nb_uniq_visitors>1</sum_daily_nb_uniq_visitors>
		<avg_bandwidth>0</avg_bandwidth>
		<avg_page_load_time>0</avg_page_load_time>
		<avg_time_on_page>0</avg_time_on_page>
		<bounce_rate>100%</bounce_rate>
		<exit_rate>100%</exit_rate>
		<segment>exitPageTitle==Vid%25C3%25A9o%2Bpr%25C3%25A9paration%2Bdes%2Bmomos%2B-%2BBlog%2B%2526%2Bphotos%2BMatthieu%2BBlog%2B%2526%2Bphotos%2BMatthieu</segment>
	</row>
</result>