<?xml version="1.0" encoding="utf-8" ?>
<result>
	<row>
		<label>twitter.com/Divezone</label>
		<nb_visits>46</nb_visits>
		<nb_actions>224</nb_actions>
		<sum_visit_length>1308</sum_visit_length>
		<bounce_count>8</bounce_count>
		<nb_visits_converted>8</nb_visits_converted>
		<nb_conversions>35</nb_conversions>
		<revenue>255880</revenue>
		<goals>
			<row idgoal='1'>
				<nb_conversions>7</nb_conversions>
				<revenue>0</revenue>
				<nb_visits_converted>5</nb_visits_converted>
			</row>
			<row idgoal='2'>
				<nb_conversions>2</nb_conversions>
				<revenue>0</revenue>
				<nb_visits_converted>1</nb_visits_converted>
			</row>
			<row idgoal='3'>
				<nb_conversions>0</nb_conversions>
				<revenue>0</revenue>
				<nb_visits_converted>0</nb_visits_converted>
			</row>
			<row idgoal='4'>
				<nb_conversions>0</nb_conversions>
				<revenue>0</revenue>
				<nb_visits_converted>0</nb_visits_converted>
			</row>
			<row idgoal='5'>
				<nb_conversions>0</nb_conversions>
				<revenue>0</revenue>
				<nb_visits_converted>0</nb_visits_converted>
			</row>
			<row idgoal='ecommerceOrder'>
				<nb_conversions>26</nb_conversions>
				<revenue>255880</revenue>
				<items>174</items>
			</row>
		</goals>
		<sum_daily_nb_uniq_visitors>29</sum_daily_nb_uniq_visitors>
		<segment>referrerUrl==http%3A%2F%2Ftwitter.com%2FDivezone</segment>
		<url>http://twitter.com/Divezone</url>
	</row>
	<row>
		<label>facebook.com/Divezone.net</label>
		<nb_visits>44</nb_visits>
		<nb_actions>172</nb_actions>
		<sum_visit_length>726</sum_visit_length>
		<bounce_count>6</bounce_count>
		<nb_visits_converted>10</nb_visits_converted>
		<nb_conversions>25</nb_conversions>
		<revenue>159366</revenue>
		<goals>
			<row idgoal='1'>
				<nb_conversions>6</nb_conversions>
				<revenue>0</revenue>
				<nb_visits_converted>5</nb_visits_converted>
			</row>
			<row idgoal='2'>
				<nb_conversions>4</nb_conversions>
				<revenue>0</revenue>
				<nb_visits_converted>4</nb_visits_converted>
			</row>
			<row idgoal='3'>
				<nb_conversions>0</nb_conversions>
				<revenue>0</revenue>
				<nb_visits_converted>0</nb_visits_converted>
			</row>
			<row idgoal='4'>
				<nb_conversions>0</nb_conversions>
				<revenue>0</revenue>
				<nb_visits_converted>0</nb_visits_converted>
			</row>
			<row idgoal='5'>
				<nb_conversions>0</nb_conversions>
				<revenue>0</revenue>
				<nb_visits_converted>0</nb_visits_converted>
			</row>
			<row idgoal='ecommerceOrder'>
				<nb_conversions>15</nb_conversions>
				<revenue>159366</revenue>
				<items>119</items>
			</row>
		</goals>
		<sum_daily_nb_uniq_visitors>26</sum_daily_nb_uniq_visitors>
		<segment>referrerUrl==http%3A%2F%2Ffacebook.com%2FDivezone.net</segment>
		<url>http://facebook.com/Divezone.net</url>
	</row>
	<row>
		<label>reddit.com/r/scuba/comments/8mrd88/snapped_this_pic_on_my_first_dive_post_cert/</label>
		<nb_visits>28</nb_visits>
		<nb_actions>112</nb_actions>
		<sum_visit_length>810</sum_visit_length>
		<bounce_count>5</bounce_count>
		<nb_visits_converted>6</nb_visits_converted>
		<nb_conversions>15</nb_conversions>
		<revenue>85910</revenue>
		<goals>
			<row idgoal='1'>
				<nb_conversions>3</nb_conversions>
				<revenue>0</revenue>
				<nb_visits_converted>1</nb_visits_converted>
			</row>
			<row idgoal='2'>
				<nb_conversions>4</nb_conversions>
				<revenue>0</revenue>
				<nb_visits_converted>3</nb_visits_converted>
			</row>
			<row idgoal='3'>
				<nb_conversions>0</nb_conversions>
				<revenue>0</revenue>
				<nb_visits_converted>0</nb_visits_converted>
			</row>
			<row idgoal='4'>
				<nb_conversions>0</nb_conversions>
				<revenue>0</revenue>
				<nb_visits_converted>0</nb_visits_converted>
			</row>
			<row idgoal='5'>
				<nb_conversions>0</nb_conversions>
				<revenue>0</revenue>
				<nb_visits_converted>0</nb_visits_converted>
			</row>
			<row idgoal='ecommerceOrder'>
				<nb_conversions>8</nb_conversions>
				<revenue>85910</revenue>
				<items>67</items>
			</row>
		</goals>
		<sum_daily_nb_uniq_visitors>21</sum_daily_nb_uniq_visitors>
		<segment>referrerUrl==http%3A%2F%2Freddit.com%2Fr%2Fscuba%2Fcomments%2F8mrd88%2Fsnapped_this_pic_on_my_first_dive_post_cert%2F</segment>
		<url>http://reddit.com/r/scuba/comments/8mrd88/snapped_this_pic_on_my_first_dive_post_cert/</url>
	</row>
	<row>
		<label>reddit.com/r/scuba/comments/8mtp0i/five_rules_shearwater_broke_with_the_teric/</label>
		<nb_visits>22</nb_visits>
		<nb_actions>101</nb_actions>
		<sum_visit_length>882</sum_visit_length>
		<bounce_count>3</bounce_count>
		<nb_visits_converted>8</nb_visits_converted>
		<nb_conversions>16</nb_conversions>
		<revenue>88451</revenue>
		<goals>
			<row idgoal='1'>
				<nb_conversions>4</nb_conversions>
				<revenue>0</revenue>
				<nb_visits_converted>4</nb_visits_converted>
			</row>
			<row idgoal='2'>
				<nb_conversions>4</nb_conversions>
				<revenue>0</revenue>
				<nb_visits_converted>4</nb_visits_converted>
			</row>
			<row idgoal='3'>
				<nb_conversions>0</nb_conversions>
				<revenue>0</revenue>
				<nb_visits_converted>0</nb_visits_converted>
			</row>
			<row idgoal='4'>
				<nb_conversions>0</nb_conversions>
				<revenue>0</revenue>
				<nb_visits_converted>0</nb_visits_converted>
			</row>
			<row idgoal='5'>
				<nb_conversions>0</nb_conversions>
				<revenue>0</revenue>
				<nb_visits_converted>0</nb_visits_converted>
			</row>
			<row idgoal='ecommerceOrder'>
				<nb_conversions>8</nb_conversions>
				<revenue>88451</revenue>
				<items>58</items>
			</row>
		</goals>
		<sum_daily_nb_uniq_visitors>17</sum_daily_nb_uniq_visitors>
		<segment>referrerUrl==http%3A%2F%2Freddit.com%2Fr%2Fscuba%2Fcomments%2F8mtp0i%2Ffive_rules_shearwater_broke_with_the_teric%2F</segment>
		<url>http://reddit.com/r/scuba/comments/8mtp0i/five_rules_shearwater_broke_with_the_teric/</url>
	</row>
	<row>
		<label>reddit.com/r/scuba/comments/8mpl4j/open_water_divers_being_born/</label>
		<nb_visits>20</nb_visits>
		<nb_actions>80</nb_actions>
		<sum_visit_length>874</sum_visit_length>
		<bounce_count>2</bounce_count>
		<nb_visits_converted>3</nb_visits_converted>
		<nb_conversions>10</nb_conversions>
		<revenue>60805</revenue>
		<goals>
			<row idgoal='1'>
				<nb_conversions>4</nb_conversions>
				<revenue>0</revenue>
				<nb_visits_converted>3</nb_visits_converted>
			</row>
			<row idgoal='2'>
				<nb_conversions>0</nb_conversions>
				<revenue>0</revenue>
				<nb_visits_converted>0</nb_visits_converted>
			</row>
			<row idgoal='3'>
				<nb_conversions>0</nb_conversions>
				<revenue>0</revenue>
				<nb_visits_converted>0</nb_visits_converted>
			</row>
			<row idgoal='4'>
				<nb_conversions>0</nb_conversions>
				<revenue>0</revenue>
				<nb_visits_converted>0</nb_visits_converted>
			</row>
			<row idgoal='5'>
				<nb_conversions>0</nb_conversions>
				<revenue>0</revenue>
				<nb_visits_converted>0</nb_visits_converted>
			</row>
			<row idgoal='ecommerceOrder'>
				<nb_conversions>6</nb_conversions>
				<revenue>60805</revenue>
				<items>46</items>
			</row>
		</goals>
		<sum_daily_nb_uniq_visitors>14</sum_daily_nb_uniq_visitors>
		<segment>referrerUrl==http%3A%2F%2Freddit.com%2Fr%2Fscuba%2Fcomments%2F8mpl4j%2Fopen_water_divers_being_born%2F</segment>
		<url>http://reddit.com/r/scuba/comments/8mpl4j/open_water_divers_being_born/</url>
	</row>
	<row>
		<label>m.facebook.com/</label>
		<nb_visits>18</nb_visits>
		<nb_actions>22</nb_actions>
		<sum_visit_length>1876</sum_visit_length>
		<bounce_count>15</bounce_count>
		<nb_visits_converted>0</nb_visits_converted>
		<nb_conversions>1</nb_conversions>
		<revenue>0</revenue>
		<goals>
			<row idgoal='1'>
				<nb_conversions>0</nb_conversions>
				<revenue>0</revenue>
				<nb_visits_converted>0</nb_visits_converted>
			</row>
			<row idgoal='2'>
				<nb_conversions>0</nb_conversions>
				<revenue>0</revenue>
				<nb_visits_converted>0</nb_visits_converted>
			</row>
			<row idgoal='3'>
				<nb_conversions>1</nb_conversions>
				<revenue>0</revenue>
				<nb_visits_converted>0</nb_visits_converted>
			</row>
			<row idgoal='4'>
				<nb_conversions>0</nb_conversions>
				<revenue>0</revenue>
				<nb_visits_converted>0</nb_visits_converted>
			</row>
			<row idgoal='5'>
				<nb_conversions>0</nb_conversions>
				<revenue>0</revenue>
				<nb_visits_converted>0</nb_visits_converted>
			</row>
			<row idgoal='ecommerceOrder'>
				<nb_conversions>0</nb_conversions>
				<revenue>0</revenue>
				<items>0</items>
			</row>
		</goals>
		<sum_daily_nb_uniq_visitors>17</sum_daily_nb_uniq_visitors>
		<segment>referrerUrl==http%3A%2F%2Fm.facebook.com%2F</segment>
		<url>http://m.facebook.com/</url>
	</row>
	<row>
		<label>facebook.com/</label>
		<nb_visits>1</nb_visits>
		<nb_actions>1</nb_actions>
		<sum_visit_length>0</sum_visit_length>
		<bounce_count>1</bounce_count>
		<nb_visits_converted>0</nb_visits_converted>
		<nb_conversions>0</nb_conversions>
		<revenue>0</revenue>
		<goals>
			<row idgoal='1'>
				<nb_conversions>0</nb_conversions>
				<revenue>0</revenue>
				<nb_visits_converted>0</nb_visits_converted>
			</row>
			<row idgoal='2'>
				<nb_conversions>0</nb_conversions>
				<revenue>0</revenue>
				<nb_visits_converted>0</nb_visits_converted>
			</row>
			<row idgoal='3'>
				<nb_conversions>0</nb_conversions>
				<revenue>0</revenue>
				<nb_visits_converted>0</nb_visits_converted>
			</row>
			<row idgoal='4'>
				<nb_conversions>0</nb_conversions>
				<revenue>0</revenue>
				<nb_visits_converted>0</nb_visits_converted>
			</row>
			<row idgoal='5'>
				<nb_conversions>0</nb_conversions>
				<revenue>0</revenue>
				<nb_visits_converted>0</nb_visits_converted>
			</row>
			<row idgoal='ecommerceOrder'>
				<nb_conversions>0</nb_conversions>
				<revenue>0</revenue>
				<items>0</items>
			</row>
		</goals>
		<sum_daily_nb_uniq_visitors>1</sum_daily_nb_uniq_visitors>
		<segment>referrerUrl==http%3A%2F%2Ffacebook.com%2F</segment>
		<url>http://facebook.com/</url>
	</row>
	<row>
		<label>l.facebook.com/</label>
		<nb_visits>1</nb_visits>
		<nb_actions>1</nb_actions>
		<sum_visit_length>0</sum_visit_length>
		<bounce_count>1</bounce_count>
		<nb_visits_converted>0</nb_visits_converted>
		<nb_conversions>0</nb_conversions>
		<revenue>0</revenue>
		<goals>
			<row idgoal='1'>
				<nb_conversions>0</nb_conversions>
				<revenue>0</revenue>
				<nb_visits_converted>0</nb_visits_converted>
			</row>
			<row idgoal='2'>
				<nb_conversions>0</nb_conversions>
				<revenue>0</revenue>
				<nb_visits_converted>0</nb_visits_converted>
			</row>
			<row idgoal='3'>
				<nb_conversions>0</nb_conversions>
				<revenue>0</revenue>
				<nb_visits_converted>0</nb_visits_converted>
			</row>
			<row idgoal='4'>
				<nb_conversions>0</nb_conversions>
				<revenue>0</revenue>
				<nb_visits_converted>0</nb_visits_converted>
			</row>
			<row idgoal='5'>
				<nb_conversions>0</nb_conversions>
				<revenue>0</revenue>
				<nb_visits_converted>0</nb_visits_converted>
			</row>
			<row idgoal='ecommerceOrder'>
				<nb_conversions>0</nb_conversions>
				<revenue>0</revenue>
				<items>0</items>
			</row>
		</goals>
		<sum_daily_nb_uniq_visitors>1</sum_daily_nb_uniq_visitors>
		<segment>referrerUrl==http%3A%2F%2Fl.facebook.com%2F</segment>
		<url>http://l.facebook.com/</url>
	</row>
</result>